<html>
<body>
<pre>
<h1>礦ision Build Log</h1>
<h2>Tool Versions:</h2>
IDE-Version: μVision V5.14.0.0
Copyright (C) 2015 ARM Ltd and ARM Germany GmbH. All rights reserved.
License Information: 董程森 微软用户, 微软中国, LIC=PE730-BUW4M-W2WLL-0NAGG-VSY4H-IRY8T
 
Tool Versions:
Toolchain:       MDK-ARM Standard  Version: 5.14.0.0
Toolchain Path:  E:\MDK5\ARM\ARMCC\Bin
C Compiler:      Armcc.exe V5.05 update 1 (build 106)
Assembler:       Armasm.exe V5.05 update 1 (build 106)
Linker/Locator:  ArmLink.exe V5.05 update 1 (build 106)
Library Manager: ArmAr.exe V5.05 update 1 (build 106)
Hex Converter:   FromElf.exe V5.05 update 1 (build 106)
CPU DLL:         SARMCM3.DLL V5.14.0.0
Dialog DLL:      DCM.DLL V1.13.1.0
Target DLL:      STLink\ST-LINKIII-KEIL_SWO.dll V2.0.14.0_KEIL
Dialog DLL:      TCM.DLL V1.14.4.0
 
<h2>Project:</h2>
I:\git\PineconePi_ONE\Library\LCD\SimplLCD_SDRAM\SimplLCD_SDRAM.uvprojx
Project File Date:  05/18/2019

<h2>Output:</h2>
Rebuild target 'SWM320'
compiling main.c...
compiling ugui.c...
compiling SWM320_adc.c...
compiling SWM320_exti.c...
compiling SWM320_gpio.c...
compiling SWM320_i2c.c...
compiling SWM320_pwm.c...
compiling SWM320_timr.c...
compiling SWM320_uart.c...
compiling SWM320_wdt.c...
compiling SWM320_dma.c...
compiling SWM320_flash.c...
compiling SWM320_port.c...
compiling SWM320_spi.c...
compiling SWM320_can.c...
compiling SWM320_crc.c...
compiling SWM320_lcd.c...
compiling SWM320_rtc.c...
compiling SWM320_sdio.c...
compiling SWM320_norflash.c...
compiling SWM320_sdram.c...
compiling system_SWM320.c...
assembling startup_SWM320.s...
linking...
Program Size: Code=16180 RO-data=10748 RW-data=16 ZI-data=262248  
After Build - User command #1: fromelf --bin -o "I:\git\PineconePi_ONE\Library\LCD\SimplLCD_SDRAM\out\SimplLCD_SDRAM.bin" "I:\git\PineconePi_ONE\Library\LCD\SimplLCD_SDRAM\out\SimplLCD_SDRAM.axf"
".\out\SimplLCD_SDRAM.axf" - 0 Error(s), 0 Warning(s).

<h2>Collection of Component include folders:</h2>
  I:\git\PineconePi_ONE\Library\LCD\SimplLCD_SDRAM\RTE
  E:\MDK5\Synwit\SWM32_DFP\1.8.5\CSL\SWM320\CMSIS\DeviceSupport

<h2>Collection of Component Files used:</h2>
</pre>
</body>
</html>
