<!doctype html public "-//w3c//dtd html 4.0 transitional//en">
<html><head>
<title>Static Call Graph - [.\out\SimplLCD_SDRAM.axf]</title></head>
<body><HR>
<H1>Static Call Graph for image .\out\SimplLCD_SDRAM.axf</H1><HR>
<BR><P>#&#060CALLGRAPH&#062# ARM Linker, 5050106: Last Updated: Wed May 22 08:08:52 2019
<BR><P>
<H3>Maximum Stack Usage =        216 bytes + Unknown(Cycles, Untraceable Function Pointers)</H3><H3>
Call chain for Maximum Stack Depth:</H3>
_UG_CheckboxUpdate &rArr; _UG_PutText &rArr; _UG_PutChar
<P>
<H3>
Mutually Recursive functions
</H3> <LI><a href="#[1]">NMI_Handler</a>&nbsp;&nbsp;&nbsp;&rArr;&nbsp;&nbsp;&nbsp;<a href="#[1]">NMI_Handler</a><BR>
 <LI><a href="#[2]">HardFault_Handler</a>&nbsp;&nbsp;&nbsp;&rArr;&nbsp;&nbsp;&nbsp;<a href="#[2]">HardFault_Handler</a><BR>
 <LI><a href="#[3]">MemManage_Handler</a>&nbsp;&nbsp;&nbsp;&rArr;&nbsp;&nbsp;&nbsp;<a href="#[3]">MemManage_Handler</a><BR>
 <LI><a href="#[4]">BusFault_Handler</a>&nbsp;&nbsp;&nbsp;&rArr;&nbsp;&nbsp;&nbsp;<a href="#[4]">BusFault_Handler</a><BR>
 <LI><a href="#[5]">UsageFault_Handler</a>&nbsp;&nbsp;&nbsp;&rArr;&nbsp;&nbsp;&nbsp;<a href="#[5]">UsageFault_Handler</a><BR>
 <LI><a href="#[6]">SVC_Handler</a>&nbsp;&nbsp;&nbsp;&rArr;&nbsp;&nbsp;&nbsp;<a href="#[6]">SVC_Handler</a><BR>
 <LI><a href="#[7]">DebugMon_Handler</a>&nbsp;&nbsp;&nbsp;&rArr;&nbsp;&nbsp;&nbsp;<a href="#[7]">DebugMon_Handler</a><BR>
 <LI><a href="#[8]">PendSV_Handler</a>&nbsp;&nbsp;&nbsp;&rArr;&nbsp;&nbsp;&nbsp;<a href="#[8]">PendSV_Handler</a><BR>
 <LI><a href="#[9]">SysTick_Handler</a>&nbsp;&nbsp;&nbsp;&rArr;&nbsp;&nbsp;&nbsp;<a href="#[9]">SysTick_Handler</a><BR>
 <LI><a href="#[a]">GPIOA0_Handler</a>&nbsp;&nbsp;&nbsp;&rArr;&nbsp;&nbsp;&nbsp;<a href="#[a]">GPIOA0_Handler</a><BR>
 <LI><a href="#[b]">GPIOA1_Handler</a>&nbsp;&nbsp;&nbsp;&rArr;&nbsp;&nbsp;&nbsp;<a href="#[b]">GPIOA1_Handler</a><BR>
 <LI><a href="#[c]">GPIOA2_Handler</a>&nbsp;&nbsp;&nbsp;&rArr;&nbsp;&nbsp;&nbsp;<a href="#[c]">GPIOA2_Handler</a><BR>
 <LI><a href="#[d]">GPIOA3_Handler</a>&nbsp;&nbsp;&nbsp;&rArr;&nbsp;&nbsp;&nbsp;<a href="#[d]">GPIOA3_Handler</a><BR>
 <LI><a href="#[e]">GPIOA4_Handler</a>&nbsp;&nbsp;&nbsp;&rArr;&nbsp;&nbsp;&nbsp;<a href="#[e]">GPIOA4_Handler</a><BR>
 <LI><a href="#[f]">GPIOA5_Handler</a>&nbsp;&nbsp;&nbsp;&rArr;&nbsp;&nbsp;&nbsp;<a href="#[f]">GPIOA5_Handler</a><BR>
 <LI><a href="#[10]">GPIOA6_Handler</a>&nbsp;&nbsp;&nbsp;&rArr;&nbsp;&nbsp;&nbsp;<a href="#[10]">GPIOA6_Handler</a><BR>
 <LI><a href="#[11]">GPIOA7_Handler</a>&nbsp;&nbsp;&nbsp;&rArr;&nbsp;&nbsp;&nbsp;<a href="#[11]">GPIOA7_Handler</a><BR>
 <LI><a href="#[12]">GPIOB0_Handler</a>&nbsp;&nbsp;&nbsp;&rArr;&nbsp;&nbsp;&nbsp;<a href="#[12]">GPIOB0_Handler</a><BR>
 <LI><a href="#[13]">GPIOB1_Handler</a>&nbsp;&nbsp;&nbsp;&rArr;&nbsp;&nbsp;&nbsp;<a href="#[13]">GPIOB1_Handler</a><BR>
 <LI><a href="#[14]">GPIOB2_Handler</a>&nbsp;&nbsp;&nbsp;&rArr;&nbsp;&nbsp;&nbsp;<a href="#[14]">GPIOB2_Handler</a><BR>
 <LI><a href="#[15]">GPIOB3_Handler</a>&nbsp;&nbsp;&nbsp;&rArr;&nbsp;&nbsp;&nbsp;<a href="#[15]">GPIOB3_Handler</a><BR>
 <LI><a href="#[16]">GPIOB4_Handler</a>&nbsp;&nbsp;&nbsp;&rArr;&nbsp;&nbsp;&nbsp;<a href="#[16]">GPIOB4_Handler</a><BR>
 <LI><a href="#[17]">GPIOB5_Handler</a>&nbsp;&nbsp;&nbsp;&rArr;&nbsp;&nbsp;&nbsp;<a href="#[17]">GPIOB5_Handler</a><BR>
 <LI><a href="#[18]">GPIOB6_Handler</a>&nbsp;&nbsp;&nbsp;&rArr;&nbsp;&nbsp;&nbsp;<a href="#[18]">GPIOB6_Handler</a><BR>
 <LI><a href="#[19]">GPIOB7_Handler</a>&nbsp;&nbsp;&nbsp;&rArr;&nbsp;&nbsp;&nbsp;<a href="#[19]">GPIOB7_Handler</a><BR>
 <LI><a href="#[1a]">GPIOC0_Handler</a>&nbsp;&nbsp;&nbsp;&rArr;&nbsp;&nbsp;&nbsp;<a href="#[1a]">GPIOC0_Handler</a><BR>
 <LI><a href="#[1b]">GPIOC1_Handler</a>&nbsp;&nbsp;&nbsp;&rArr;&nbsp;&nbsp;&nbsp;<a href="#[1b]">GPIOC1_Handler</a><BR>
 <LI><a href="#[1c]">GPIOC2_Handler</a>&nbsp;&nbsp;&nbsp;&rArr;&nbsp;&nbsp;&nbsp;<a href="#[1c]">GPIOC2_Handler</a><BR>
 <LI><a href="#[1d]">GPIOC3_Handler</a>&nbsp;&nbsp;&nbsp;&rArr;&nbsp;&nbsp;&nbsp;<a href="#[1d]">GPIOC3_Handler</a><BR>
 <LI><a href="#[1e]">GPIOC4_Handler</a>&nbsp;&nbsp;&nbsp;&rArr;&nbsp;&nbsp;&nbsp;<a href="#[1e]">GPIOC4_Handler</a><BR>
 <LI><a href="#[1f]">GPIOC5_Handler</a>&nbsp;&nbsp;&nbsp;&rArr;&nbsp;&nbsp;&nbsp;<a href="#[1f]">GPIOC5_Handler</a><BR>
 <LI><a href="#[20]">GPIOC6_Handler</a>&nbsp;&nbsp;&nbsp;&rArr;&nbsp;&nbsp;&nbsp;<a href="#[20]">GPIOC6_Handler</a><BR>
 <LI><a href="#[21]">GPIOC7_Handler</a>&nbsp;&nbsp;&nbsp;&rArr;&nbsp;&nbsp;&nbsp;<a href="#[21]">GPIOC7_Handler</a><BR>
 <LI><a href="#[22]">GPIOM0_Handler</a>&nbsp;&nbsp;&nbsp;&rArr;&nbsp;&nbsp;&nbsp;<a href="#[22]">GPIOM0_Handler</a><BR>
 <LI><a href="#[23]">GPIOM1_Handler</a>&nbsp;&nbsp;&nbsp;&rArr;&nbsp;&nbsp;&nbsp;<a href="#[23]">GPIOM1_Handler</a><BR>
 <LI><a href="#[24]">GPIOM2_Handler</a>&nbsp;&nbsp;&nbsp;&rArr;&nbsp;&nbsp;&nbsp;<a href="#[24]">GPIOM2_Handler</a><BR>
 <LI><a href="#[25]">GPIOM3_Handler</a>&nbsp;&nbsp;&nbsp;&rArr;&nbsp;&nbsp;&nbsp;<a href="#[25]">GPIOM3_Handler</a><BR>
 <LI><a href="#[26]">GPIOM4_Handler</a>&nbsp;&nbsp;&nbsp;&rArr;&nbsp;&nbsp;&nbsp;<a href="#[26]">GPIOM4_Handler</a><BR>
 <LI><a href="#[27]">GPIOM5_Handler</a>&nbsp;&nbsp;&nbsp;&rArr;&nbsp;&nbsp;&nbsp;<a href="#[27]">GPIOM5_Handler</a><BR>
 <LI><a href="#[28]">GPIOM6_Handler</a>&nbsp;&nbsp;&nbsp;&rArr;&nbsp;&nbsp;&nbsp;<a href="#[28]">GPIOM6_Handler</a><BR>
 <LI><a href="#[29]">GPIOM7_Handler</a>&nbsp;&nbsp;&nbsp;&rArr;&nbsp;&nbsp;&nbsp;<a href="#[29]">GPIOM7_Handler</a><BR>
 <LI><a href="#[2a]">DMA_Handler</a>&nbsp;&nbsp;&nbsp;&rArr;&nbsp;&nbsp;&nbsp;<a href="#[2a]">DMA_Handler</a><BR>
 <LI><a href="#[2c]">NORFLC_Handler</a>&nbsp;&nbsp;&nbsp;&rArr;&nbsp;&nbsp;&nbsp;<a href="#[2c]">NORFLC_Handler</a><BR>
 <LI><a href="#[2d]">CAN_Handler</a>&nbsp;&nbsp;&nbsp;&rArr;&nbsp;&nbsp;&nbsp;<a href="#[2d]">CAN_Handler</a><BR>
 <LI><a href="#[2e]">PULSE_Handler</a>&nbsp;&nbsp;&nbsp;&rArr;&nbsp;&nbsp;&nbsp;<a href="#[2e]">PULSE_Handler</a><BR>
 <LI><a href="#[2f]">WDT_Handler</a>&nbsp;&nbsp;&nbsp;&rArr;&nbsp;&nbsp;&nbsp;<a href="#[2f]">WDT_Handler</a><BR>
 <LI><a href="#[30]">PWM_Handler</a>&nbsp;&nbsp;&nbsp;&rArr;&nbsp;&nbsp;&nbsp;<a href="#[30]">PWM_Handler</a><BR>
 <LI><a href="#[31]">UART0_Handler</a>&nbsp;&nbsp;&nbsp;&rArr;&nbsp;&nbsp;&nbsp;<a href="#[31]">UART0_Handler</a><BR>
 <LI><a href="#[32]">UART1_Handler</a>&nbsp;&nbsp;&nbsp;&rArr;&nbsp;&nbsp;&nbsp;<a href="#[32]">UART1_Handler</a><BR>
 <LI><a href="#[33]">UART2_Handler</a>&nbsp;&nbsp;&nbsp;&rArr;&nbsp;&nbsp;&nbsp;<a href="#[33]">UART2_Handler</a><BR>
 <LI><a href="#[34]">UART3_Handler</a>&nbsp;&nbsp;&nbsp;&rArr;&nbsp;&nbsp;&nbsp;<a href="#[34]">UART3_Handler</a><BR>
 <LI><a href="#[35]">I2C0_Handler</a>&nbsp;&nbsp;&nbsp;&rArr;&nbsp;&nbsp;&nbsp;<a href="#[35]">I2C0_Handler</a><BR>
 <LI><a href="#[36]">I2C1_Handler</a>&nbsp;&nbsp;&nbsp;&rArr;&nbsp;&nbsp;&nbsp;<a href="#[36]">I2C1_Handler</a><BR>
 <LI><a href="#[37]">SPI0_Handler</a>&nbsp;&nbsp;&nbsp;&rArr;&nbsp;&nbsp;&nbsp;<a href="#[37]">SPI0_Handler</a><BR>
 <LI><a href="#[38]">ADC0_Handler</a>&nbsp;&nbsp;&nbsp;&rArr;&nbsp;&nbsp;&nbsp;<a href="#[38]">ADC0_Handler</a><BR>
 <LI><a href="#[39]">RTC_Handler</a>&nbsp;&nbsp;&nbsp;&rArr;&nbsp;&nbsp;&nbsp;<a href="#[39]">RTC_Handler</a><BR>
 <LI><a href="#[3a]">BOD_Handler</a>&nbsp;&nbsp;&nbsp;&rArr;&nbsp;&nbsp;&nbsp;<a href="#[3a]">BOD_Handler</a><BR>
 <LI><a href="#[3b]">SDIO_Handler</a>&nbsp;&nbsp;&nbsp;&rArr;&nbsp;&nbsp;&nbsp;<a href="#[3b]">SDIO_Handler</a><BR>
 <LI><a href="#[3c]">GPIOA_Handler</a>&nbsp;&nbsp;&nbsp;&rArr;&nbsp;&nbsp;&nbsp;<a href="#[3c]">GPIOA_Handler</a><BR>
 <LI><a href="#[3d]">GPIOB_Handler</a>&nbsp;&nbsp;&nbsp;&rArr;&nbsp;&nbsp;&nbsp;<a href="#[3d]">GPIOB_Handler</a><BR>
 <LI><a href="#[3e]">GPIOC_Handler</a>&nbsp;&nbsp;&nbsp;&rArr;&nbsp;&nbsp;&nbsp;<a href="#[3e]">GPIOC_Handler</a><BR>
 <LI><a href="#[3f]">GPIOM_Handler</a>&nbsp;&nbsp;&nbsp;&rArr;&nbsp;&nbsp;&nbsp;<a href="#[3f]">GPIOM_Handler</a><BR>
 <LI><a href="#[40]">GPION_Handler</a>&nbsp;&nbsp;&nbsp;&rArr;&nbsp;&nbsp;&nbsp;<a href="#[40]">GPION_Handler</a><BR>
 <LI><a href="#[41]">GPIOP_Handler</a>&nbsp;&nbsp;&nbsp;&rArr;&nbsp;&nbsp;&nbsp;<a href="#[41]">GPIOP_Handler</a><BR>
 <LI><a href="#[42]">ADC1_Handler</a>&nbsp;&nbsp;&nbsp;&rArr;&nbsp;&nbsp;&nbsp;<a href="#[42]">ADC1_Handler</a><BR>
 <LI><a href="#[43]">FPU_Handler</a>&nbsp;&nbsp;&nbsp;&rArr;&nbsp;&nbsp;&nbsp;<a href="#[43]">FPU_Handler</a><BR>
 <LI><a href="#[44]">SPI1_Handler</a>&nbsp;&nbsp;&nbsp;&rArr;&nbsp;&nbsp;&nbsp;<a href="#[44]">SPI1_Handler</a><BR>
 <LI><a href="#[45]">TIMR0_Handler</a>&nbsp;&nbsp;&nbsp;&rArr;&nbsp;&nbsp;&nbsp;<a href="#[45]">TIMR0_Handler</a><BR>
 <LI><a href="#[46]">TIMR1_Handler</a>&nbsp;&nbsp;&nbsp;&rArr;&nbsp;&nbsp;&nbsp;<a href="#[46]">TIMR1_Handler</a><BR>
 <LI><a href="#[47]">TIMR2_Handler</a>&nbsp;&nbsp;&nbsp;&rArr;&nbsp;&nbsp;&nbsp;<a href="#[47]">TIMR2_Handler</a><BR>
 <LI><a href="#[48]">TIMR3_Handler</a>&nbsp;&nbsp;&nbsp;&rArr;&nbsp;&nbsp;&nbsp;<a href="#[48]">TIMR3_Handler</a><BR>
 <LI><a href="#[49]">TIMR4_Handler</a>&nbsp;&nbsp;&nbsp;&rArr;&nbsp;&nbsp;&nbsp;<a href="#[49]">TIMR4_Handler</a><BR>
 <LI><a href="#[4a]">TIMR5_Handler</a>&nbsp;&nbsp;&nbsp;&rArr;&nbsp;&nbsp;&nbsp;<a href="#[4a]">TIMR5_Handler</a><BR>
</UL>
<P>
<H3>
Function Pointers
</H3><UL>
 <LI><a href="#[38]">ADC0_Handler</a> from startup_swm320.o(.text) referenced from startup_swm320.o(RESET)
 <LI><a href="#[42]">ADC1_Handler</a> from startup_swm320.o(.text) referenced from startup_swm320.o(RESET)
 <LI><a href="#[3a]">BOD_Handler</a> from startup_swm320.o(.text) referenced from startup_swm320.o(RESET)
 <LI><a href="#[4]">BusFault_Handler</a> from startup_swm320.o(.text) referenced from startup_swm320.o(RESET)
 <LI><a href="#[2d]">CAN_Handler</a> from startup_swm320.o(.text) referenced from startup_swm320.o(RESET)
 <LI><a href="#[2a]">DMA_Handler</a> from startup_swm320.o(.text) referenced from startup_swm320.o(RESET)
 <LI><a href="#[7]">DebugMon_Handler</a> from startup_swm320.o(.text) referenced from startup_swm320.o(RESET)
 <LI><a href="#[43]">FPU_Handler</a> from startup_swm320.o(.text) referenced from startup_swm320.o(RESET)
 <LI><a href="#[a]">GPIOA0_Handler</a> from startup_swm320.o(.text) referenced from startup_swm320.o(RESET)
 <LI><a href="#[b]">GPIOA1_Handler</a> from startup_swm320.o(.text) referenced from startup_swm320.o(RESET)
 <LI><a href="#[c]">GPIOA2_Handler</a> from startup_swm320.o(.text) referenced from startup_swm320.o(RESET)
 <LI><a href="#[d]">GPIOA3_Handler</a> from startup_swm320.o(.text) referenced from startup_swm320.o(RESET)
 <LI><a href="#[e]">GPIOA4_Handler</a> from startup_swm320.o(.text) referenced from startup_swm320.o(RESET)
 <LI><a href="#[f]">GPIOA5_Handler</a> from startup_swm320.o(.text) referenced from startup_swm320.o(RESET)
 <LI><a href="#[10]">GPIOA6_Handler</a> from startup_swm320.o(.text) referenced from startup_swm320.o(RESET)
 <LI><a href="#[11]">GPIOA7_Handler</a> from startup_swm320.o(.text) referenced from startup_swm320.o(RESET)
 <LI><a href="#[3c]">GPIOA_Handler</a> from startup_swm320.o(.text) referenced from startup_swm320.o(RESET)
 <LI><a href="#[12]">GPIOB0_Handler</a> from startup_swm320.o(.text) referenced from startup_swm320.o(RESET)
 <LI><a href="#[13]">GPIOB1_Handler</a> from startup_swm320.o(.text) referenced from startup_swm320.o(RESET)
 <LI><a href="#[14]">GPIOB2_Handler</a> from startup_swm320.o(.text) referenced from startup_swm320.o(RESET)
 <LI><a href="#[15]">GPIOB3_Handler</a> from startup_swm320.o(.text) referenced from startup_swm320.o(RESET)
 <LI><a href="#[16]">GPIOB4_Handler</a> from startup_swm320.o(.text) referenced from startup_swm320.o(RESET)
 <LI><a href="#[17]">GPIOB5_Handler</a> from startup_swm320.o(.text) referenced from startup_swm320.o(RESET)
 <LI><a href="#[18]">GPIOB6_Handler</a> from startup_swm320.o(.text) referenced from startup_swm320.o(RESET)
 <LI><a href="#[19]">GPIOB7_Handler</a> from startup_swm320.o(.text) referenced from startup_swm320.o(RESET)
 <LI><a href="#[3d]">GPIOB_Handler</a> from startup_swm320.o(.text) referenced from startup_swm320.o(RESET)
 <LI><a href="#[1a]">GPIOC0_Handler</a> from startup_swm320.o(.text) referenced from startup_swm320.o(RESET)
 <LI><a href="#[1b]">GPIOC1_Handler</a> from startup_swm320.o(.text) referenced from startup_swm320.o(RESET)
 <LI><a href="#[1c]">GPIOC2_Handler</a> from startup_swm320.o(.text) referenced from startup_swm320.o(RESET)
 <LI><a href="#[1d]">GPIOC3_Handler</a> from startup_swm320.o(.text) referenced from startup_swm320.o(RESET)
 <LI><a href="#[1e]">GPIOC4_Handler</a> from startup_swm320.o(.text) referenced from startup_swm320.o(RESET)
 <LI><a href="#[1f]">GPIOC5_Handler</a> from startup_swm320.o(.text) referenced from startup_swm320.o(RESET)
 <LI><a href="#[20]">GPIOC6_Handler</a> from startup_swm320.o(.text) referenced from startup_swm320.o(RESET)
 <LI><a href="#[21]">GPIOC7_Handler</a> from startup_swm320.o(.text) referenced from startup_swm320.o(RESET)
 <LI><a href="#[3e]">GPIOC_Handler</a> from startup_swm320.o(.text) referenced from startup_swm320.o(RESET)
 <LI><a href="#[22]">GPIOM0_Handler</a> from startup_swm320.o(.text) referenced from startup_swm320.o(RESET)
 <LI><a href="#[23]">GPIOM1_Handler</a> from startup_swm320.o(.text) referenced from startup_swm320.o(RESET)
 <LI><a href="#[24]">GPIOM2_Handler</a> from startup_swm320.o(.text) referenced from startup_swm320.o(RESET)
 <LI><a href="#[25]">GPIOM3_Handler</a> from startup_swm320.o(.text) referenced from startup_swm320.o(RESET)
 <LI><a href="#[26]">GPIOM4_Handler</a> from startup_swm320.o(.text) referenced from startup_swm320.o(RESET)
 <LI><a href="#[27]">GPIOM5_Handler</a> from startup_swm320.o(.text) referenced from startup_swm320.o(RESET)
 <LI><a href="#[28]">GPIOM6_Handler</a> from startup_swm320.o(.text) referenced from startup_swm320.o(RESET)
 <LI><a href="#[29]">GPIOM7_Handler</a> from startup_swm320.o(.text) referenced from startup_swm320.o(RESET)
 <LI><a href="#[3f]">GPIOM_Handler</a> from startup_swm320.o(.text) referenced from startup_swm320.o(RESET)
 <LI><a href="#[40]">GPION_Handler</a> from startup_swm320.o(.text) referenced from startup_swm320.o(RESET)
 <LI><a href="#[41]">GPIOP_Handler</a> from startup_swm320.o(.text) referenced from startup_swm320.o(RESET)
 <LI><a href="#[2]">HardFault_Handler</a> from startup_swm320.o(.text) referenced from startup_swm320.o(RESET)
 <LI><a href="#[35]">I2C0_Handler</a> from startup_swm320.o(.text) referenced from startup_swm320.o(RESET)
 <LI><a href="#[36]">I2C1_Handler</a> from startup_swm320.o(.text) referenced from startup_swm320.o(RESET)
 <LI><a href="#[2b]">LCD_Handler</a> from main.o(.text) referenced from startup_swm320.o(RESET)
 <LI><a href="#[3]">MemManage_Handler</a> from startup_swm320.o(.text) referenced from startup_swm320.o(RESET)
 <LI><a href="#[1]">NMI_Handler</a> from startup_swm320.o(.text) referenced from startup_swm320.o(RESET)
 <LI><a href="#[2c]">NORFLC_Handler</a> from startup_swm320.o(.text) referenced from startup_swm320.o(RESET)
 <LI><a href="#[2e]">PULSE_Handler</a> from startup_swm320.o(.text) referenced from startup_swm320.o(RESET)
 <LI><a href="#[30]">PWM_Handler</a> from startup_swm320.o(.text) referenced from startup_swm320.o(RESET)
 <LI><a href="#[8]">PendSV_Handler</a> from startup_swm320.o(.text) referenced from startup_swm320.o(RESET)
 <LI><a href="#[39]">RTC_Handler</a> from startup_swm320.o(.text) referenced from startup_swm320.o(RESET)
 <LI><a href="#[0]">Reset_Handler</a> from startup_swm320.o(.text) referenced from startup_swm320.o(RESET)
 <LI><a href="#[3b]">SDIO_Handler</a> from startup_swm320.o(.text) referenced from startup_swm320.o(RESET)
 <LI><a href="#[37]">SPI0_Handler</a> from startup_swm320.o(.text) referenced from startup_swm320.o(RESET)
 <LI><a href="#[44]">SPI1_Handler</a> from startup_swm320.o(.text) referenced from startup_swm320.o(RESET)
 <LI><a href="#[6]">SVC_Handler</a> from startup_swm320.o(.text) referenced from startup_swm320.o(RESET)
 <LI><a href="#[9]">SysTick_Handler</a> from startup_swm320.o(.text) referenced from startup_swm320.o(RESET)
 <LI><a href="#[45]">TIMR0_Handler</a> from startup_swm320.o(.text) referenced from startup_swm320.o(RESET)
 <LI><a href="#[46]">TIMR1_Handler</a> from startup_swm320.o(.text) referenced from startup_swm320.o(RESET)
 <LI><a href="#[47]">TIMR2_Handler</a> from startup_swm320.o(.text) referenced from startup_swm320.o(RESET)
 <LI><a href="#[48]">TIMR3_Handler</a> from startup_swm320.o(.text) referenced from startup_swm320.o(RESET)
 <LI><a href="#[49]">TIMR4_Handler</a> from startup_swm320.o(.text) referenced from startup_swm320.o(RESET)
 <LI><a href="#[4a]">TIMR5_Handler</a> from startup_swm320.o(.text) referenced from startup_swm320.o(RESET)
 <LI><a href="#[31]">UART0_Handler</a> from startup_swm320.o(.text) referenced from startup_swm320.o(RESET)
 <LI><a href="#[32]">UART1_Handler</a> from startup_swm320.o(.text) referenced from startup_swm320.o(RESET)
 <LI><a href="#[33]">UART2_Handler</a> from startup_swm320.o(.text) referenced from startup_swm320.o(RESET)
 <LI><a href="#[34]">UART3_Handler</a> from startup_swm320.o(.text) referenced from startup_swm320.o(RESET)
 <LI><a href="#[5]">UsageFault_Handler</a> from startup_swm320.o(.text) referenced from startup_swm320.o(RESET)
 <LI><a href="#[2f]">WDT_Handler</a> from startup_swm320.o(.text) referenced from startup_swm320.o(RESET)
 <LI><a href="#[5b]">_HW_DrawPoint</a> from main.o(.text) referenced from main.o(.text)
 <LI><a href="#[8b]">_UG_ButtonUpdate</a> from ugui.o(.text) referenced from ugui.o(.text)
 <LI><a href="#[a8]">_UG_CheckboxUpdate</a> from ugui.o(.text) referenced from ugui.o(.text)
 <LI><a href="#[d6]">_UG_ImageUpdate</a> from ugui.o(.text) referenced from ugui.o(.text)
 <LI><a href="#[c3]">_UG_TextboxUpdate</a> from ugui.o(.text) referenced from ugui.o(.text)
 <LI><a href="#[4c]">__main</a> from entry.o(.ARM.Collect$$$$00000000) referenced from startup_swm320.o(.text)
 <LI><a href="#[4b]">main</a> from main.o(.text) referenced from entry9a.o(.ARM.Collect$$$$0000000B)
</UL>
<P>
<H3>
Global Symbols
</H3>
<P><STRONG><a name="[4c]"></a>__main</STRONG> (Thumb, 0 bytes, Stack size unknown bytes, entry.o(.ARM.Collect$$$$00000000))
<BR>[Address Reference Count : 1]<UL><LI> startup_swm320.o(.text)
</UL>
<P><STRONG><a name="[e5]"></a>_main_stk</STRONG> (Thumb, 0 bytes, Stack size unknown bytes, entry2.o(.ARM.Collect$$$$00000001))

<P><STRONG><a name="[4d]"></a>_main_scatterload</STRONG> (Thumb, 0 bytes, Stack size unknown bytes, entry5.o(.ARM.Collect$$$$00000004))
<BR><BR>[Calls]<UL><LI><a href="#[4e]">&gt;&gt;</a>&nbsp;&nbsp;&nbsp;__scatterload
</UL>

<P><STRONG><a name="[e4]"></a>__main_after_scatterload</STRONG> (Thumb, 0 bytes, Stack size unknown bytes, entry5.o(.ARM.Collect$$$$00000004))
<BR><BR>[Called By]<UL><LI><a href="#[4e]">&gt;&gt;</a>&nbsp;&nbsp;&nbsp;__scatterload
</UL>

<P><STRONG><a name="[e6]"></a>_main_clock</STRONG> (Thumb, 0 bytes, Stack size unknown bytes, entry7b.o(.ARM.Collect$$$$00000008))

<P><STRONG><a name="[e7]"></a>_main_cpp_init</STRONG> (Thumb, 0 bytes, Stack size unknown bytes, entry8b.o(.ARM.Collect$$$$0000000A))

<P><STRONG><a name="[e8]"></a>_main_init</STRONG> (Thumb, 0 bytes, Stack size unknown bytes, entry9a.o(.ARM.Collect$$$$0000000B))

<P><STRONG><a name="[e9]"></a>__rt_final_cpp</STRONG> (Thumb, 0 bytes, Stack size unknown bytes, entry10a.o(.ARM.Collect$$$$0000000D))

<P><STRONG><a name="[ea]"></a>__rt_final_exit</STRONG> (Thumb, 0 bytes, Stack size unknown bytes, entry11a.o(.ARM.Collect$$$$0000000F))

<P><STRONG><a name="[5b]"></a>_HW_DrawPoint</STRONG> (Thumb, 80 bytes, Stack size 12 bytes, main.o(.text))
<BR><BR>[Stack]<UL><LI>Max Depth = 12<LI>Call Chain = _HW_DrawPoint
</UL>
<BR>[Address Reference Count : 1]<UL><LI> main.o(.text)
</UL>
<P><STRONG><a name="[4f]"></a>RGBLCDInit</STRONG> (Thumb, 122 bytes, Stack size 32 bytes, main.o(.text))
<BR><BR>[Stack]<UL><LI>Max Depth = 124<LI>Call Chain = RGBLCDInit &rArr; GPIO_Init &rArr; PORT_Init
</UL>
<BR>[Calls]<UL><LI><a href="#[52]">&gt;&gt;</a>&nbsp;&nbsp;&nbsp;LCD_Init
<LI><a href="#[51]">&gt;&gt;</a>&nbsp;&nbsp;&nbsp;GPIO_SetBit
<LI><a href="#[50]">&gt;&gt;</a>&nbsp;&nbsp;&nbsp;GPIO_Init
</UL>
<BR>[Called By]<UL><LI><a href="#[4b]">&gt;&gt;</a>&nbsp;&nbsp;&nbsp;main
</UL>

<P><STRONG><a name="[53]"></a>MemoryInit</STRONG> (Thumb, 90 bytes, Stack size 16 bytes, main.o(.text))
<BR><BR>[Stack]<UL><LI>Max Depth = 16<LI>Call Chain = MemoryInit
</UL>
<BR>[Calls]<UL><LI><a href="#[54]">&gt;&gt;</a>&nbsp;&nbsp;&nbsp;SDRAM_Init
</UL>
<BR>[Called By]<UL><LI><a href="#[4b]">&gt;&gt;</a>&nbsp;&nbsp;&nbsp;main
</UL>

<P><STRONG><a name="[55]"></a>SerialInit</STRONG> (Thumb, 76 bytes, Stack size 24 bytes, main.o(.text))
<BR><BR>[Stack]<UL><LI>Max Depth = 84<LI>Call Chain = SerialInit &rArr; PORT_Init
</UL>
<BR>[Calls]<UL><LI><a href="#[58]">&gt;&gt;</a>&nbsp;&nbsp;&nbsp;UART_Open
<LI><a href="#[57]">&gt;&gt;</a>&nbsp;&nbsp;&nbsp;UART_Init
<LI><a href="#[56]">&gt;&gt;</a>&nbsp;&nbsp;&nbsp;PORT_Init
</UL>
<BR>[Called By]<UL><LI><a href="#[4b]">&gt;&gt;</a>&nbsp;&nbsp;&nbsp;main
</UL>

<P><STRONG><a name="[4b]"></a>main</STRONG> (Thumb, 350 bytes, Stack size 16 bytes, main.o(.text))
<BR><BR>[Stack]<UL><LI>Max Depth = 160<LI>Call Chain = main &rArr; UG_PutString &rArr; UG_PutChar &rArr; _UG_PutChar
</UL>
<BR>[Calls]<UL><LI><a href="#[61]">&gt;&gt;</a>&nbsp;&nbsp;&nbsp;UG_PutString
<LI><a href="#[5c]">&gt;&gt;</a>&nbsp;&nbsp;&nbsp;UG_Init
<LI><a href="#[60]">&gt;&gt;</a>&nbsp;&nbsp;&nbsp;UG_FontSelect
<LI><a href="#[5d]">&gt;&gt;</a>&nbsp;&nbsp;&nbsp;UG_FillScreen
<LI><a href="#[5f]">&gt;&gt;</a>&nbsp;&nbsp;&nbsp;UG_FillFrame
<LI><a href="#[5e]">&gt;&gt;</a>&nbsp;&nbsp;&nbsp;UG_DrawLine
<LI><a href="#[62]">&gt;&gt;</a>&nbsp;&nbsp;&nbsp;UG_DrawCircle
<LI><a href="#[59]">&gt;&gt;</a>&nbsp;&nbsp;&nbsp;SystemInit
<LI><a href="#[5a]">&gt;&gt;</a>&nbsp;&nbsp;&nbsp;LCD_Start
<LI><a href="#[55]">&gt;&gt;</a>&nbsp;&nbsp;&nbsp;SerialInit
<LI><a href="#[53]">&gt;&gt;</a>&nbsp;&nbsp;&nbsp;MemoryInit
<LI><a href="#[4f]">&gt;&gt;</a>&nbsp;&nbsp;&nbsp;RGBLCDInit
</UL>
<BR>[Address Reference Count : 1]<UL><LI> entry9a.o(.ARM.Collect$$$$0000000B)
</UL>
<P><STRONG><a name="[2b]"></a>LCD_Handler</STRONG> (Thumb, 20 bytes, Stack size 8 bytes, main.o(.text))
<BR><BR>[Stack]<UL><LI>Max Depth = 8<LI>Call Chain = LCD_Handler
</UL>
<BR>[Calls]<UL><LI><a href="#[5a]">&gt;&gt;</a>&nbsp;&nbsp;&nbsp;LCD_Start
<LI><a href="#[63]">&gt;&gt;</a>&nbsp;&nbsp;&nbsp;LCD_INTClr
</UL>
<BR>[Address Reference Count : 1]<UL><LI> startup_swm320.o(RESET)
</UL>
<P><STRONG><a name="[64]"></a>fputc</STRONG> (Thumb, 28 bytes, Stack size 16 bytes, main.o(.text), UNUSED)
<BR><BR>[Calls]<UL><LI><a href="#[65]">&gt;&gt;</a>&nbsp;&nbsp;&nbsp;UART_WriteByte
<LI><a href="#[66]">&gt;&gt;</a>&nbsp;&nbsp;&nbsp;UART_IsTXBusy
</UL>

<P><STRONG><a name="[5c]"></a>UG_Init</STRONG> (Thumb, 102 bytes, Stack size 0 bytes, ugui.o(.text))
<BR><BR>[Called By]<UL><LI><a href="#[4b]">&gt;&gt;</a>&nbsp;&nbsp;&nbsp;main
</UL>

<P><STRONG><a name="[eb]"></a>UG_SelectGUI</STRONG> (Thumb, 8 bytes, Stack size 0 bytes, ugui.o(.text), UNUSED)

<P><STRONG><a name="[60]"></a>UG_FontSelect</STRONG> (Thumb, 14 bytes, Stack size 0 bytes, ugui.o(.text))
<BR><BR>[Calls]<UL><LI><a href="#[67]">&gt;&gt;</a>&nbsp;&nbsp;&nbsp;__aeabi_memcpy4
</UL>
<BR>[Called By]<UL><LI><a href="#[4b]">&gt;&gt;</a>&nbsp;&nbsp;&nbsp;main
</UL>

<P><STRONG><a name="[5f]"></a>UG_FillFrame</STRONG> (Thumb, 112 bytes, Stack size 40 bytes, ugui.o(.text))
<BR><BR>[Stack]<UL><LI>Max Depth = 40<LI>Call Chain = UG_FillFrame
</UL>
<BR>[Called By]<UL><LI><a href="#[d6]">&gt;&gt;</a>&nbsp;&nbsp;&nbsp;_UG_ImageUpdate
<LI><a href="#[c3]">&gt;&gt;</a>&nbsp;&nbsp;&nbsp;_UG_TextboxUpdate
<LI><a href="#[a8]">&gt;&gt;</a>&nbsp;&nbsp;&nbsp;_UG_CheckboxUpdate
<LI><a href="#[8b]">&gt;&gt;</a>&nbsp;&nbsp;&nbsp;_UG_ButtonUpdate
<LI><a href="#[81]">&gt;&gt;</a>&nbsp;&nbsp;&nbsp;UG_WindowResize
<LI><a href="#[7f]">&gt;&gt;</a>&nbsp;&nbsp;&nbsp;_UG_WindowClear
<LI><a href="#[75]">&gt;&gt;</a>&nbsp;&nbsp;&nbsp;_UG_WindowUpdate
<LI><a href="#[74]">&gt;&gt;</a>&nbsp;&nbsp;&nbsp;_UG_WindowDrawTitle
<LI><a href="#[6f]">&gt;&gt;</a>&nbsp;&nbsp;&nbsp;UG_ConsolePutString
<LI><a href="#[68]">&gt;&gt;</a>&nbsp;&nbsp;&nbsp;UG_FillRoundFrame
<LI><a href="#[5d]">&gt;&gt;</a>&nbsp;&nbsp;&nbsp;UG_FillScreen
<LI><a href="#[4b]">&gt;&gt;</a>&nbsp;&nbsp;&nbsp;main
</UL>

<P><STRONG><a name="[5d]"></a>UG_FillScreen</STRONG> (Thumb, 30 bytes, Stack size 8 bytes, ugui.o(.text))
<BR><BR>[Stack]<UL><LI>Max Depth = 48<LI>Call Chain = UG_FillScreen &rArr; UG_FillFrame
</UL>
<BR>[Calls]<UL><LI><a href="#[5f]">&gt;&gt;</a>&nbsp;&nbsp;&nbsp;UG_FillFrame
</UL>
<BR>[Called By]<UL><LI><a href="#[4b]">&gt;&gt;</a>&nbsp;&nbsp;&nbsp;main
</UL>

<P><STRONG><a name="[5e]"></a>UG_DrawLine</STRONG> (Thumb, 238 bytes, Stack size 40 bytes, ugui.o(.text))
<BR><BR>[Stack]<UL><LI>Max Depth = 40<LI>Call Chain = UG_DrawLine
</UL>
<BR>[Called By]<UL><LI><a href="#[a8]">&gt;&gt;</a>&nbsp;&nbsp;&nbsp;_UG_CheckboxUpdate
<LI><a href="#[74]">&gt;&gt;</a>&nbsp;&nbsp;&nbsp;_UG_WindowDrawTitle
<LI><a href="#[73]">&gt;&gt;</a>&nbsp;&nbsp;&nbsp;_UG_DrawObjectFrame
<LI><a href="#[6c]">&gt;&gt;</a>&nbsp;&nbsp;&nbsp;UG_FillCircle
<LI><a href="#[6a]">&gt;&gt;</a>&nbsp;&nbsp;&nbsp;UG_DrawRoundFrame
<LI><a href="#[69]">&gt;&gt;</a>&nbsp;&nbsp;&nbsp;UG_DrawFrame
<LI><a href="#[68]">&gt;&gt;</a>&nbsp;&nbsp;&nbsp;UG_FillRoundFrame
<LI><a href="#[4b]">&gt;&gt;</a>&nbsp;&nbsp;&nbsp;main
</UL>

<P><STRONG><a name="[68]"></a>UG_FillRoundFrame</STRONG> (Thumb, 252 bytes, Stack size 72 bytes, ugui.o(.text), UNUSED)
<BR><BR>[Calls]<UL><LI><a href="#[5f]">&gt;&gt;</a>&nbsp;&nbsp;&nbsp;UG_FillFrame
<LI><a href="#[5e]">&gt;&gt;</a>&nbsp;&nbsp;&nbsp;UG_DrawLine
</UL>

<P><STRONG><a name="[ec]"></a>UG_DrawMesh</STRONG> (Thumb, 80 bytes, Stack size 40 bytes, ugui.o(.text), UNUSED)

<P><STRONG><a name="[69]"></a>UG_DrawFrame</STRONG> (Thumb, 74 bytes, Stack size 32 bytes, ugui.o(.text))
<BR><BR>[Stack]<UL><LI>Max Depth = 72<LI>Call Chain = UG_DrawFrame &rArr; UG_DrawLine
</UL>
<BR>[Calls]<UL><LI><a href="#[5e]">&gt;&gt;</a>&nbsp;&nbsp;&nbsp;UG_DrawLine
</UL>
<BR>[Called By]<UL><LI><a href="#[a8]">&gt;&gt;</a>&nbsp;&nbsp;&nbsp;_UG_CheckboxUpdate
<LI><a href="#[8b]">&gt;&gt;</a>&nbsp;&nbsp;&nbsp;_UG_ButtonUpdate
</UL>

<P><STRONG><a name="[6b]"></a>UG_DrawArc</STRONG> (Thumb, 304 bytes, Stack size 40 bytes, ugui.o(.text), UNUSED)
<BR><BR>[Called By]<UL><LI><a href="#[6a]">&gt;&gt;</a>&nbsp;&nbsp;&nbsp;UG_DrawRoundFrame
</UL>

<P><STRONG><a name="[6a]"></a>UG_DrawRoundFrame</STRONG> (Thumb, 184 bytes, Stack size 40 bytes, ugui.o(.text), UNUSED)
<BR><BR>[Calls]<UL><LI><a href="#[6b]">&gt;&gt;</a>&nbsp;&nbsp;&nbsp;UG_DrawArc
<LI><a href="#[5e]">&gt;&gt;</a>&nbsp;&nbsp;&nbsp;UG_DrawLine
</UL>

<P><STRONG><a name="[7b]"></a>UG_DrawPixel</STRONG> (Thumb, 8 bytes, Stack size 0 bytes, ugui.o(.text))
<BR><BR>[Called By]<UL><LI><a href="#[7a]">&gt;&gt;</a>&nbsp;&nbsp;&nbsp;UG_DrawBMP
</UL>

<P><STRONG><a name="[62]"></a>UG_DrawCircle</STRONG> (Thumb, 254 bytes, Stack size 88 bytes, ugui.o(.text))
<BR><BR>[Stack]<UL><LI>Max Depth = 88<LI>Call Chain = UG_DrawCircle
</UL>
<BR>[Called By]<UL><LI><a href="#[6c]">&gt;&gt;</a>&nbsp;&nbsp;&nbsp;UG_FillCircle
<LI><a href="#[4b]">&gt;&gt;</a>&nbsp;&nbsp;&nbsp;main
</UL>

<P><STRONG><a name="[6c]"></a>UG_FillCircle</STRONG> (Thumb, 212 bytes, Stack size 56 bytes, ugui.o(.text), UNUSED)
<BR><BR>[Calls]<UL><LI><a href="#[5e]">&gt;&gt;</a>&nbsp;&nbsp;&nbsp;UG_DrawLine
<LI><a href="#[62]">&gt;&gt;</a>&nbsp;&nbsp;&nbsp;UG_DrawCircle
</UL>

<P><STRONG><a name="[6e]"></a>_UG_PutChar</STRONG> (Thumb, 750 bytes, Stack size 80 bytes, ugui.o(.text))
<BR><BR>[Stack]<UL><LI>Max Depth = 80<LI>Call Chain = _UG_PutChar
</UL>
<BR>[Called By]<UL><LI><a href="#[70]">&gt;&gt;</a>&nbsp;&nbsp;&nbsp;_UG_PutText
<LI><a href="#[6d]">&gt;&gt;</a>&nbsp;&nbsp;&nbsp;UG_PutChar
</UL>

<P><STRONG><a name="[6d]"></a>UG_PutChar</STRONG> (Thumb, 20 bytes, Stack size 24 bytes, ugui.o(.text))
<BR><BR>[Stack]<UL><LI>Max Depth = 104<LI>Call Chain = UG_PutChar &rArr; _UG_PutChar
</UL>
<BR>[Calls]<UL><LI><a href="#[6e]">&gt;&gt;</a>&nbsp;&nbsp;&nbsp;_UG_PutChar
</UL>
<BR>[Called By]<UL><LI><a href="#[6f]">&gt;&gt;</a>&nbsp;&nbsp;&nbsp;UG_ConsolePutString
<LI><a href="#[61]">&gt;&gt;</a>&nbsp;&nbsp;&nbsp;UG_PutString
</UL>

<P><STRONG><a name="[61]"></a>UG_PutString</STRONG> (Thumb, 130 bytes, Stack size 40 bytes, ugui.o(.text))
<BR><BR>[Stack]<UL><LI>Max Depth = 144<LI>Call Chain = UG_PutString &rArr; UG_PutChar &rArr; _UG_PutChar
</UL>
<BR>[Calls]<UL><LI><a href="#[6d]">&gt;&gt;</a>&nbsp;&nbsp;&nbsp;UG_PutChar
</UL>
<BR>[Called By]<UL><LI><a href="#[4b]">&gt;&gt;</a>&nbsp;&nbsp;&nbsp;main
</UL>

<P><STRONG><a name="[6f]"></a>UG_ConsolePutString</STRONG> (Thumb, 154 bytes, Stack size 24 bytes, ugui.o(.text), UNUSED)
<BR><BR>[Calls]<UL><LI><a href="#[6d]">&gt;&gt;</a>&nbsp;&nbsp;&nbsp;UG_PutChar
<LI><a href="#[5f]">&gt;&gt;</a>&nbsp;&nbsp;&nbsp;UG_FillFrame
</UL>

<P><STRONG><a name="[ed]"></a>UG_ConsoleSetArea</STRONG> (Thumb, 16 bytes, Stack size 8 bytes, ugui.o(.text), UNUSED)

<P><STRONG><a name="[ee]"></a>UG_ConsoleSetForecolor</STRONG> (Thumb, 8 bytes, Stack size 0 bytes, ugui.o(.text), UNUSED)

<P><STRONG><a name="[ef]"></a>UG_ConsoleSetBackcolor</STRONG> (Thumb, 8 bytes, Stack size 0 bytes, ugui.o(.text), UNUSED)

<P><STRONG><a name="[f0]"></a>UG_SetForecolor</STRONG> (Thumb, 10 bytes, Stack size 0 bytes, ugui.o(.text), UNUSED)

<P><STRONG><a name="[f1]"></a>UG_SetBackcolor</STRONG> (Thumb, 10 bytes, Stack size 0 bytes, ugui.o(.text), UNUSED)

<P><STRONG><a name="[7d]"></a>UG_GetXDim</STRONG> (Thumb, 10 bytes, Stack size 0 bytes, ugui.o(.text), UNUSED)
<BR><BR>[Called By]<UL><LI><a href="#[81]">&gt;&gt;</a>&nbsp;&nbsp;&nbsp;UG_WindowResize
<LI><a href="#[7c]">&gt;&gt;</a>&nbsp;&nbsp;&nbsp;UG_WindowCreate
</UL>

<P><STRONG><a name="[7e]"></a>UG_GetYDim</STRONG> (Thumb, 10 bytes, Stack size 0 bytes, ugui.o(.text), UNUSED)
<BR><BR>[Called By]<UL><LI><a href="#[81]">&gt;&gt;</a>&nbsp;&nbsp;&nbsp;UG_WindowResize
<LI><a href="#[7c]">&gt;&gt;</a>&nbsp;&nbsp;&nbsp;UG_WindowCreate
</UL>

<P><STRONG><a name="[f2]"></a>UG_FontSetHSpace</STRONG> (Thumb, 10 bytes, Stack size 0 bytes, ugui.o(.text), UNUSED)

<P><STRONG><a name="[f3]"></a>UG_FontSetVSpace</STRONG> (Thumb, 10 bytes, Stack size 0 bytes, ugui.o(.text), UNUSED)

<P><STRONG><a name="[70]"></a>_UG_PutText</STRONG> (Thumb, 334 bytes, Stack size 64 bytes, ugui.o(.text))
<BR><BR>[Stack]<UL><LI>Max Depth = 144<LI>Call Chain = _UG_PutText &rArr; _UG_PutChar
</UL>
<BR>[Calls]<UL><LI><a href="#[6e]">&gt;&gt;</a>&nbsp;&nbsp;&nbsp;_UG_PutChar
</UL>
<BR>[Called By]<UL><LI><a href="#[c3]">&gt;&gt;</a>&nbsp;&nbsp;&nbsp;_UG_TextboxUpdate
<LI><a href="#[a8]">&gt;&gt;</a>&nbsp;&nbsp;&nbsp;_UG_CheckboxUpdate
<LI><a href="#[8b]">&gt;&gt;</a>&nbsp;&nbsp;&nbsp;_UG_ButtonUpdate
<LI><a href="#[74]">&gt;&gt;</a>&nbsp;&nbsp;&nbsp;_UG_WindowDrawTitle
</UL>

<P><STRONG><a name="[90]"></a>_UG_GetFreeObject</STRONG> (Thumb, 40 bytes, Stack size 12 bytes, ugui.o(.text), UNUSED)
<BR><BR>[Called By]<UL><LI><a href="#[d7]">&gt;&gt;</a>&nbsp;&nbsp;&nbsp;UG_ImageCreate
<LI><a href="#[c4]">&gt;&gt;</a>&nbsp;&nbsp;&nbsp;UG_TextboxCreate
<LI><a href="#[a9]">&gt;&gt;</a>&nbsp;&nbsp;&nbsp;UG_CheckboxCreate
<LI><a href="#[8f]">&gt;&gt;</a>&nbsp;&nbsp;&nbsp;UG_ButtonCreate
</UL>

<P><STRONG><a name="[72]"></a>_UG_SearchObject</STRONG> (Thumb, 48 bytes, Stack size 20 bytes, ugui.o(.text), UNUSED)
<BR><BR>[Called By]<UL><LI><a href="#[db]">&gt;&gt;</a>&nbsp;&nbsp;&nbsp;UG_ImageSetBMP
<LI><a href="#[da]">&gt;&gt;</a>&nbsp;&nbsp;&nbsp;UG_ImageHide
<LI><a href="#[d9]">&gt;&gt;</a>&nbsp;&nbsp;&nbsp;UG_ImageShow
<LI><a href="#[d5]">&gt;&gt;</a>&nbsp;&nbsp;&nbsp;UG_TextboxGetAlignment
<LI><a href="#[d4]">&gt;&gt;</a>&nbsp;&nbsp;&nbsp;UG_TextboxGetVSpace
<LI><a href="#[d3]">&gt;&gt;</a>&nbsp;&nbsp;&nbsp;UG_TextboxGetHSpace
<LI><a href="#[d2]">&gt;&gt;</a>&nbsp;&nbsp;&nbsp;UG_TextboxGetFont
<LI><a href="#[d1]">&gt;&gt;</a>&nbsp;&nbsp;&nbsp;UG_TextboxGetText
<LI><a href="#[d0]">&gt;&gt;</a>&nbsp;&nbsp;&nbsp;UG_TextboxGetBackColor
<LI><a href="#[cf]">&gt;&gt;</a>&nbsp;&nbsp;&nbsp;UG_TextboxGetForeColor
<LI><a href="#[ce]">&gt;&gt;</a>&nbsp;&nbsp;&nbsp;UG_TextboxSetAlignment
<LI><a href="#[cd]">&gt;&gt;</a>&nbsp;&nbsp;&nbsp;UG_TextboxSetVSpace
<LI><a href="#[cc]">&gt;&gt;</a>&nbsp;&nbsp;&nbsp;UG_TextboxSetHSpace
<LI><a href="#[cb]">&gt;&gt;</a>&nbsp;&nbsp;&nbsp;UG_TextboxSetFont
<LI><a href="#[ca]">&gt;&gt;</a>&nbsp;&nbsp;&nbsp;UG_TextboxSetText
<LI><a href="#[c9]">&gt;&gt;</a>&nbsp;&nbsp;&nbsp;UG_TextboxSetBackColor
<LI><a href="#[c8]">&gt;&gt;</a>&nbsp;&nbsp;&nbsp;UG_TextboxSetForeColor
<LI><a href="#[c7]">&gt;&gt;</a>&nbsp;&nbsp;&nbsp;UG_TextboxHide
<LI><a href="#[c6]">&gt;&gt;</a>&nbsp;&nbsp;&nbsp;UG_TextboxShow
<LI><a href="#[c2]">&gt;&gt;</a>&nbsp;&nbsp;&nbsp;UG_CheckboxGetAlignment
<LI><a href="#[c1]">&gt;&gt;</a>&nbsp;&nbsp;&nbsp;UG_CheckboxGetVSpace
<LI><a href="#[c0]">&gt;&gt;</a>&nbsp;&nbsp;&nbsp;UG_CheckboxGetHSpace
<LI><a href="#[bf]">&gt;&gt;</a>&nbsp;&nbsp;&nbsp;UG_CheckboxGetStyle
<LI><a href="#[be]">&gt;&gt;</a>&nbsp;&nbsp;&nbsp;UG_CheckboxGetFont
<LI><a href="#[bd]">&gt;&gt;</a>&nbsp;&nbsp;&nbsp;UG_CheckboxGetText
<LI><a href="#[bc]">&gt;&gt;</a>&nbsp;&nbsp;&nbsp;UG_CheckboxGetAlternateBackColor
<LI><a href="#[bb]">&gt;&gt;</a>&nbsp;&nbsp;&nbsp;UG_CheckboxGetAlternateForeColor
<LI><a href="#[ba]">&gt;&gt;</a>&nbsp;&nbsp;&nbsp;UG_CheckboxGetBackColor
<LI><a href="#[b9]">&gt;&gt;</a>&nbsp;&nbsp;&nbsp;UG_CheckboxGetForeColor
<LI><a href="#[b8]">&gt;&gt;</a>&nbsp;&nbsp;&nbsp;UG_CheckboxGetChecked
<LI><a href="#[b7]">&gt;&gt;</a>&nbsp;&nbsp;&nbsp;UG_CheckboxSetAlignment
<LI><a href="#[b6]">&gt;&gt;</a>&nbsp;&nbsp;&nbsp;UG_CheckboxSetVSpace
<LI><a href="#[b5]">&gt;&gt;</a>&nbsp;&nbsp;&nbsp;UG_CheckboxSetHSpace
<LI><a href="#[b4]">&gt;&gt;</a>&nbsp;&nbsp;&nbsp;UG_CheckboxSetStyle
<LI><a href="#[b3]">&gt;&gt;</a>&nbsp;&nbsp;&nbsp;UG_CheckboxSetFont
<LI><a href="#[b2]">&gt;&gt;</a>&nbsp;&nbsp;&nbsp;UG_CheckboxSetText
<LI><a href="#[b1]">&gt;&gt;</a>&nbsp;&nbsp;&nbsp;UG_CheckboxSetAlternateBackColor
<LI><a href="#[b0]">&gt;&gt;</a>&nbsp;&nbsp;&nbsp;UG_CheckboxSetAlternateForeColor
<LI><a href="#[af]">&gt;&gt;</a>&nbsp;&nbsp;&nbsp;UG_CheckboxSetBackColor
<LI><a href="#[ae]">&gt;&gt;</a>&nbsp;&nbsp;&nbsp;UG_CheckboxSetForeColor
<LI><a href="#[ad]">&gt;&gt;</a>&nbsp;&nbsp;&nbsp;UG_CheckboxSetCheched
<LI><a href="#[ac]">&gt;&gt;</a>&nbsp;&nbsp;&nbsp;UG_CheckboxHide
<LI><a href="#[ab]">&gt;&gt;</a>&nbsp;&nbsp;&nbsp;UG_CheckboxShow
<LI><a href="#[a7]">&gt;&gt;</a>&nbsp;&nbsp;&nbsp;UG_ButtonGetAlignment
<LI><a href="#[a6]">&gt;&gt;</a>&nbsp;&nbsp;&nbsp;UG_ButtonGetVSpace
<LI><a href="#[a5]">&gt;&gt;</a>&nbsp;&nbsp;&nbsp;UG_ButtonGetHSpace
<LI><a href="#[a4]">&gt;&gt;</a>&nbsp;&nbsp;&nbsp;UG_ButtonGetStyle
<LI><a href="#[a3]">&gt;&gt;</a>&nbsp;&nbsp;&nbsp;UG_ButtonGetFont
<LI><a href="#[a2]">&gt;&gt;</a>&nbsp;&nbsp;&nbsp;UG_ButtonGetText
<LI><a href="#[a1]">&gt;&gt;</a>&nbsp;&nbsp;&nbsp;UG_ButtonGetAlternateBackColor
<LI><a href="#[a0]">&gt;&gt;</a>&nbsp;&nbsp;&nbsp;UG_ButtonGetAlternateForeColor
<LI><a href="#[9f]">&gt;&gt;</a>&nbsp;&nbsp;&nbsp;UG_ButtonGetBackColor
<LI><a href="#[9e]">&gt;&gt;</a>&nbsp;&nbsp;&nbsp;UG_ButtonGetForeColor
<LI><a href="#[9d]">&gt;&gt;</a>&nbsp;&nbsp;&nbsp;UG_ButtonSetAlignment
<LI><a href="#[9c]">&gt;&gt;</a>&nbsp;&nbsp;&nbsp;UG_ButtonSetVSpace
<LI><a href="#[9b]">&gt;&gt;</a>&nbsp;&nbsp;&nbsp;UG_ButtonSetHSpace
<LI><a href="#[9a]">&gt;&gt;</a>&nbsp;&nbsp;&nbsp;UG_ButtonSetStyle
<LI><a href="#[99]">&gt;&gt;</a>&nbsp;&nbsp;&nbsp;UG_ButtonSetFont
<LI><a href="#[98]">&gt;&gt;</a>&nbsp;&nbsp;&nbsp;UG_ButtonSetText
<LI><a href="#[97]">&gt;&gt;</a>&nbsp;&nbsp;&nbsp;UG_ButtonSetAlternateBackColor
<LI><a href="#[96]">&gt;&gt;</a>&nbsp;&nbsp;&nbsp;UG_ButtonSetAlternateForeColor
<LI><a href="#[95]">&gt;&gt;</a>&nbsp;&nbsp;&nbsp;UG_ButtonSetBackColor
<LI><a href="#[94]">&gt;&gt;</a>&nbsp;&nbsp;&nbsp;UG_ButtonSetForeColor
<LI><a href="#[93]">&gt;&gt;</a>&nbsp;&nbsp;&nbsp;UG_ButtonHide
<LI><a href="#[92]">&gt;&gt;</a>&nbsp;&nbsp;&nbsp;UG_ButtonShow
<LI><a href="#[71]">&gt;&gt;</a>&nbsp;&nbsp;&nbsp;_UG_DeleteObject
</UL>

<P><STRONG><a name="[71]"></a>_UG_DeleteObject</STRONG> (Thumb, 50 bytes, Stack size 4 bytes, ugui.o(.text), UNUSED)
<BR><BR>[Calls]<UL><LI><a href="#[72]">&gt;&gt;</a>&nbsp;&nbsp;&nbsp;_UG_SearchObject
</UL>
<BR>[Called By]<UL><LI><a href="#[d8]">&gt;&gt;</a>&nbsp;&nbsp;&nbsp;UG_ImageDelete
<LI><a href="#[c5]">&gt;&gt;</a>&nbsp;&nbsp;&nbsp;UG_TextboxDelete
<LI><a href="#[aa]">&gt;&gt;</a>&nbsp;&nbsp;&nbsp;UG_CheckboxDelete
<LI><a href="#[91]">&gt;&gt;</a>&nbsp;&nbsp;&nbsp;UG_ButtonDelete
</UL>

<P><STRONG><a name="[77]"></a>_UG_ProcessTouchData</STRONG> (Thumb, 190 bytes, Stack size 24 bytes, ugui.o(.text), UNUSED)
<BR><BR>[Called By]<UL><LI><a href="#[76]">&gt;&gt;</a>&nbsp;&nbsp;&nbsp;UG_Update
</UL>

<P><STRONG><a name="[78]"></a>_UG_UpdateObjects</STRONG> (Thumb, 80 bytes, Stack size 32 bytes, ugui.o(.text), UNUSED)
<BR><BR>[Called By]<UL><LI><a href="#[76]">&gt;&gt;</a>&nbsp;&nbsp;&nbsp;UG_Update
</UL>

<P><STRONG><a name="[79]"></a>_UG_HandleEvents</STRONG> (Thumb, 90 bytes, Stack size 32 bytes, ugui.o(.text), UNUSED)
<BR><BR>[Called By]<UL><LI><a href="#[76]">&gt;&gt;</a>&nbsp;&nbsp;&nbsp;UG_Update
</UL>

<P><STRONG><a name="[73]"></a>_UG_DrawObjectFrame</STRONG> (Thumb, 308 bytes, Stack size 56 bytes, ugui.o(.text))
<BR><BR>[Stack]<UL><LI>Max Depth = 96<LI>Call Chain = _UG_DrawObjectFrame &rArr; UG_DrawLine
</UL>
<BR>[Calls]<UL><LI><a href="#[5e]">&gt;&gt;</a>&nbsp;&nbsp;&nbsp;UG_DrawLine
</UL>
<BR>[Called By]<UL><LI><a href="#[a8]">&gt;&gt;</a>&nbsp;&nbsp;&nbsp;_UG_CheckboxUpdate
<LI><a href="#[8b]">&gt;&gt;</a>&nbsp;&nbsp;&nbsp;_UG_ButtonUpdate
<LI><a href="#[75]">&gt;&gt;</a>&nbsp;&nbsp;&nbsp;_UG_WindowUpdate
</UL>

<P><STRONG><a name="[8d]"></a>_UG_SendObjectPrerenderEvent</STRONG> (Thumb, 34 bytes, Stack size 16 bytes, ugui.o(.text))
<BR><BR>[Stack]<UL><LI>Max Depth = 16<LI>Call Chain = _UG_SendObjectPrerenderEvent
</UL>
<BR>[Called By]<UL><LI><a href="#[c3]">&gt;&gt;</a>&nbsp;&nbsp;&nbsp;_UG_TextboxUpdate
<LI><a href="#[a8]">&gt;&gt;</a>&nbsp;&nbsp;&nbsp;_UG_CheckboxUpdate
<LI><a href="#[8b]">&gt;&gt;</a>&nbsp;&nbsp;&nbsp;_UG_ButtonUpdate
</UL>

<P><STRONG><a name="[8e]"></a>_UG_SendObjectPostrenderEvent</STRONG> (Thumb, 36 bytes, Stack size 16 bytes, ugui.o(.text))
<BR><BR>[Stack]<UL><LI>Max Depth = 16<LI>Call Chain = _UG_SendObjectPostrenderEvent
</UL>
<BR>[Called By]<UL><LI><a href="#[c3]">&gt;&gt;</a>&nbsp;&nbsp;&nbsp;_UG_TextboxUpdate
<LI><a href="#[a8]">&gt;&gt;</a>&nbsp;&nbsp;&nbsp;_UG_CheckboxUpdate
<LI><a href="#[8b]">&gt;&gt;</a>&nbsp;&nbsp;&nbsp;_UG_ButtonUpdate
</UL>

<P><STRONG><a name="[f4]"></a>UG_DriverRegister</STRONG> (Thumb, 22 bytes, Stack size 0 bytes, ugui.o(.text), UNUSED)

<P><STRONG><a name="[f5]"></a>UG_DriverEnable</STRONG> (Thumb, 30 bytes, Stack size 0 bytes, ugui.o(.text), UNUSED)

<P><STRONG><a name="[f6]"></a>UG_DriverDisable</STRONG> (Thumb, 30 bytes, Stack size 0 bytes, ugui.o(.text), UNUSED)

<P><STRONG><a name="[74]"></a>_UG_WindowDrawTitle</STRONG> (Thumb, 208 bytes, Stack size 56 bytes, ugui.o(.text), UNUSED)
<BR><BR>[Calls]<UL><LI><a href="#[70]">&gt;&gt;</a>&nbsp;&nbsp;&nbsp;_UG_PutText
<LI><a href="#[5f]">&gt;&gt;</a>&nbsp;&nbsp;&nbsp;UG_FillFrame
<LI><a href="#[5e]">&gt;&gt;</a>&nbsp;&nbsp;&nbsp;UG_DrawLine
</UL>
<BR>[Called By]<UL><LI><a href="#[76]">&gt;&gt;</a>&nbsp;&nbsp;&nbsp;UG_Update
<LI><a href="#[75]">&gt;&gt;</a>&nbsp;&nbsp;&nbsp;_UG_WindowUpdate
</UL>

<P><STRONG><a name="[75]"></a>_UG_WindowUpdate</STRONG> (Thumb, 198 bytes, Stack size 32 bytes, ugui.o(.text), UNUSED)
<BR><BR>[Calls]<UL><LI><a href="#[74]">&gt;&gt;</a>&nbsp;&nbsp;&nbsp;_UG_WindowDrawTitle
<LI><a href="#[73]">&gt;&gt;</a>&nbsp;&nbsp;&nbsp;_UG_DrawObjectFrame
<LI><a href="#[5f]">&gt;&gt;</a>&nbsp;&nbsp;&nbsp;UG_FillFrame
</UL>
<BR>[Called By]<UL><LI><a href="#[76]">&gt;&gt;</a>&nbsp;&nbsp;&nbsp;UG_Update
</UL>

<P><STRONG><a name="[76]"></a>UG_Update</STRONG> (Thumb, 170 bytes, Stack size 8 bytes, ugui.o(.text), UNUSED)
<BR><BR>[Calls]<UL><LI><a href="#[75]">&gt;&gt;</a>&nbsp;&nbsp;&nbsp;_UG_WindowUpdate
<LI><a href="#[74]">&gt;&gt;</a>&nbsp;&nbsp;&nbsp;_UG_WindowDrawTitle
<LI><a href="#[79]">&gt;&gt;</a>&nbsp;&nbsp;&nbsp;_UG_HandleEvents
<LI><a href="#[78]">&gt;&gt;</a>&nbsp;&nbsp;&nbsp;_UG_UpdateObjects
<LI><a href="#[77]">&gt;&gt;</a>&nbsp;&nbsp;&nbsp;_UG_ProcessTouchData
</UL>

<P><STRONG><a name="[f7]"></a>UG_WaitForUpdate</STRONG> (Thumb, 20 bytes, Stack size 0 bytes, ugui.o(.text), UNUSED)

<P><STRONG><a name="[7a]"></a>UG_DrawBMP</STRONG> (Thumb, 108 bytes, Stack size 32 bytes, ugui.o(.text))
<BR><BR>[Stack]<UL><LI>Max Depth = 32<LI>Call Chain = UG_DrawBMP
</UL>
<BR>[Calls]<UL><LI><a href="#[7b]">&gt;&gt;</a>&nbsp;&nbsp;&nbsp;UG_DrawPixel
</UL>
<BR>[Called By]<UL><LI><a href="#[d6]">&gt;&gt;</a>&nbsp;&nbsp;&nbsp;_UG_ImageUpdate
</UL>

<P><STRONG><a name="[f8]"></a>UG_TouchUpdate</STRONG> (Thumb, 12 bytes, Stack size 0 bytes, ugui.o(.text), UNUSED)

<P><STRONG><a name="[7c]"></a>UG_WindowCreate</STRONG> (Thumb, 134 bytes, Stack size 20 bytes, ugui.o(.text), UNUSED)
<BR><BR>[Calls]<UL><LI><a href="#[7e]">&gt;&gt;</a>&nbsp;&nbsp;&nbsp;UG_GetYDim
<LI><a href="#[7d]">&gt;&gt;</a>&nbsp;&nbsp;&nbsp;UG_GetXDim
</UL>

<P><STRONG><a name="[f9]"></a>UG_WindowDelete</STRONG> (Thumb, 54 bytes, Stack size 0 bytes, ugui.o(.text), UNUSED)

<P><STRONG><a name="[fa]"></a>UG_WindowShow</STRONG> (Thumb, 32 bytes, Stack size 0 bytes, ugui.o(.text), UNUSED)

<P><STRONG><a name="[7f]"></a>_UG_WindowClear</STRONG> (Thumb, 88 bytes, Stack size 16 bytes, ugui.o(.text), UNUSED)
<BR><BR>[Calls]<UL><LI><a href="#[5f]">&gt;&gt;</a>&nbsp;&nbsp;&nbsp;UG_FillFrame
</UL>
<BR>[Called By]<UL><LI><a href="#[80]">&gt;&gt;</a>&nbsp;&nbsp;&nbsp;UG_WindowHide
</UL>

<P><STRONG><a name="[80]"></a>UG_WindowHide</STRONG> (Thumb, 118 bytes, Stack size 16 bytes, ugui.o(.text), UNUSED)
<BR><BR>[Calls]<UL><LI><a href="#[7f]">&gt;&gt;</a>&nbsp;&nbsp;&nbsp;_UG_WindowClear
</UL>

<P><STRONG><a name="[81]"></a>UG_WindowResize</STRONG> (Thumb, 252 bytes, Stack size 32 bytes, ugui.o(.text), UNUSED)
<BR><BR>[Calls]<UL><LI><a href="#[7e]">&gt;&gt;</a>&nbsp;&nbsp;&nbsp;UG_GetYDim
<LI><a href="#[7d]">&gt;&gt;</a>&nbsp;&nbsp;&nbsp;UG_GetXDim
<LI><a href="#[5f]">&gt;&gt;</a>&nbsp;&nbsp;&nbsp;UG_FillFrame
</UL>
<BR>[Called By]<UL><LI><a href="#[8a]">&gt;&gt;</a>&nbsp;&nbsp;&nbsp;UG_WindowSetYEnd
<LI><a href="#[89]">&gt;&gt;</a>&nbsp;&nbsp;&nbsp;UG_WindowSetXEnd
<LI><a href="#[88]">&gt;&gt;</a>&nbsp;&nbsp;&nbsp;UG_WindowSetYStart
<LI><a href="#[87]">&gt;&gt;</a>&nbsp;&nbsp;&nbsp;UG_WindowSetXStart
</UL>

<P><STRONG><a name="[86]"></a>UG_WindowSetTitleColor</STRONG> (Thumb, 28 bytes, Stack size 0 bytes, ugui.o(.text), UNUSED)
<BR><BR>[Called By]<UL><LI><a href="#[82]">&gt;&gt;</a>&nbsp;&nbsp;&nbsp;UG_WindowAlert
</UL>

<P><STRONG><a name="[84]"></a>UG_WindowGetTitleColor</STRONG> (Thumb, 18 bytes, Stack size 0 bytes, ugui.o(.text), UNUSED)
<BR><BR>[Called By]<UL><LI><a href="#[82]">&gt;&gt;</a>&nbsp;&nbsp;&nbsp;UG_WindowAlert
</UL>

<P><STRONG><a name="[85]"></a>UG_WindowSetTitleTextColor</STRONG> (Thumb, 28 bytes, Stack size 0 bytes, ugui.o(.text), UNUSED)
<BR><BR>[Called By]<UL><LI><a href="#[82]">&gt;&gt;</a>&nbsp;&nbsp;&nbsp;UG_WindowAlert
</UL>

<P><STRONG><a name="[83]"></a>UG_WindowGetTitleTextColor</STRONG> (Thumb, 18 bytes, Stack size 0 bytes, ugui.o(.text), UNUSED)
<BR><BR>[Called By]<UL><LI><a href="#[82]">&gt;&gt;</a>&nbsp;&nbsp;&nbsp;UG_WindowAlert
</UL>

<P><STRONG><a name="[82]"></a>UG_WindowAlert</STRONG> (Thumb, 58 bytes, Stack size 16 bytes, ugui.o(.text), UNUSED)
<BR><BR>[Calls]<UL><LI><a href="#[83]">&gt;&gt;</a>&nbsp;&nbsp;&nbsp;UG_WindowGetTitleTextColor
<LI><a href="#[85]">&gt;&gt;</a>&nbsp;&nbsp;&nbsp;UG_WindowSetTitleTextColor
<LI><a href="#[84]">&gt;&gt;</a>&nbsp;&nbsp;&nbsp;UG_WindowGetTitleColor
<LI><a href="#[86]">&gt;&gt;</a>&nbsp;&nbsp;&nbsp;UG_WindowSetTitleColor
</UL>

<P><STRONG><a name="[fb]"></a>UG_WindowSetForeColor</STRONG> (Thumb, 28 bytes, Stack size 0 bytes, ugui.o(.text), UNUSED)

<P><STRONG><a name="[fc]"></a>UG_WindowSetBackColor</STRONG> (Thumb, 28 bytes, Stack size 0 bytes, ugui.o(.text), UNUSED)

<P><STRONG><a name="[fd]"></a>UG_WindowSetTitleInactiveTextColor</STRONG> (Thumb, 28 bytes, Stack size 0 bytes, ugui.o(.text), UNUSED)

<P><STRONG><a name="[fe]"></a>UG_WindowSetTitleInactiveColor</STRONG> (Thumb, 28 bytes, Stack size 0 bytes, ugui.o(.text), UNUSED)

<P><STRONG><a name="[ff]"></a>UG_WindowSetTitleText</STRONG> (Thumb, 28 bytes, Stack size 0 bytes, ugui.o(.text), UNUSED)

<P><STRONG><a name="[100]"></a>UG_WindowSetTitleTextFont</STRONG> (Thumb, 56 bytes, Stack size 8 bytes, ugui.o(.text), UNUSED)

<P><STRONG><a name="[101]"></a>UG_WindowSetTitleTextHSpace</STRONG> (Thumb, 30 bytes, Stack size 0 bytes, ugui.o(.text), UNUSED)

<P><STRONG><a name="[102]"></a>UG_WindowSetTitleTextVSpace</STRONG> (Thumb, 30 bytes, Stack size 0 bytes, ugui.o(.text), UNUSED)

<P><STRONG><a name="[103]"></a>UG_WindowSetTitleTextAlignment</STRONG> (Thumb, 30 bytes, Stack size 0 bytes, ugui.o(.text), UNUSED)

<P><STRONG><a name="[104]"></a>UG_WindowSetTitleHeight</STRONG> (Thumb, 34 bytes, Stack size 0 bytes, ugui.o(.text), UNUSED)

<P><STRONG><a name="[87]"></a>UG_WindowSetXStart</STRONG> (Thumb, 52 bytes, Stack size 16 bytes, ugui.o(.text), UNUSED)
<BR><BR>[Calls]<UL><LI><a href="#[81]">&gt;&gt;</a>&nbsp;&nbsp;&nbsp;UG_WindowResize
</UL>

<P><STRONG><a name="[88]"></a>UG_WindowSetYStart</STRONG> (Thumb, 56 bytes, Stack size 16 bytes, ugui.o(.text), UNUSED)
<BR><BR>[Calls]<UL><LI><a href="#[81]">&gt;&gt;</a>&nbsp;&nbsp;&nbsp;UG_WindowResize
</UL>

<P><STRONG><a name="[89]"></a>UG_WindowSetXEnd</STRONG> (Thumb, 56 bytes, Stack size 16 bytes, ugui.o(.text), UNUSED)
<BR><BR>[Calls]<UL><LI><a href="#[81]">&gt;&gt;</a>&nbsp;&nbsp;&nbsp;UG_WindowResize
</UL>

<P><STRONG><a name="[8a]"></a>UG_WindowSetYEnd</STRONG> (Thumb, 52 bytes, Stack size 16 bytes, ugui.o(.text), UNUSED)
<BR><BR>[Calls]<UL><LI><a href="#[81]">&gt;&gt;</a>&nbsp;&nbsp;&nbsp;UG_WindowResize
</UL>

<P><STRONG><a name="[105]"></a>UG_WindowSetStyle</STRONG> (Thumb, 70 bytes, Stack size 0 bytes, ugui.o(.text), UNUSED)

<P><STRONG><a name="[106]"></a>UG_WindowGetForeColor</STRONG> (Thumb, 18 bytes, Stack size 0 bytes, ugui.o(.text), UNUSED)

<P><STRONG><a name="[107]"></a>UG_WindowGetBackColor</STRONG> (Thumb, 18 bytes, Stack size 0 bytes, ugui.o(.text), UNUSED)

<P><STRONG><a name="[108]"></a>UG_WindowGetTitleInactiveTextColor</STRONG> (Thumb, 18 bytes, Stack size 0 bytes, ugui.o(.text), UNUSED)

<P><STRONG><a name="[109]"></a>UG_WindowGetTitleInactiveColor</STRONG> (Thumb, 18 bytes, Stack size 0 bytes, ugui.o(.text), UNUSED)

<P><STRONG><a name="[10a]"></a>UG_WindowGetTitleText</STRONG> (Thumb, 18 bytes, Stack size 0 bytes, ugui.o(.text), UNUSED)

<P><STRONG><a name="[10b]"></a>UG_WindowGetTitleTextFont</STRONG> (Thumb, 18 bytes, Stack size 0 bytes, ugui.o(.text), UNUSED)

<P><STRONG><a name="[10c]"></a>UG_WindowGetTitleTextHSpace</STRONG> (Thumb, 20 bytes, Stack size 0 bytes, ugui.o(.text), UNUSED)

<P><STRONG><a name="[10d]"></a>UG_WindowGetTitleTextVSpace</STRONG> (Thumb, 20 bytes, Stack size 0 bytes, ugui.o(.text), UNUSED)

<P><STRONG><a name="[10e]"></a>UG_WindowGetTitleTextAlignment</STRONG> (Thumb, 20 bytes, Stack size 0 bytes, ugui.o(.text), UNUSED)

<P><STRONG><a name="[10f]"></a>UG_WindowGetTitleHeight</STRONG> (Thumb, 20 bytes, Stack size 0 bytes, ugui.o(.text), UNUSED)

<P><STRONG><a name="[110]"></a>UG_WindowGetXStart</STRONG> (Thumb, 22 bytes, Stack size 0 bytes, ugui.o(.text), UNUSED)

<P><STRONG><a name="[111]"></a>UG_WindowGetYStart</STRONG> (Thumb, 22 bytes, Stack size 0 bytes, ugui.o(.text), UNUSED)

<P><STRONG><a name="[112]"></a>UG_WindowGetXEnd</STRONG> (Thumb, 22 bytes, Stack size 0 bytes, ugui.o(.text), UNUSED)

<P><STRONG><a name="[113]"></a>UG_WindowGetYEnd</STRONG> (Thumb, 22 bytes, Stack size 0 bytes, ugui.o(.text), UNUSED)

<P><STRONG><a name="[114]"></a>UG_WindowGetStyle</STRONG> (Thumb, 18 bytes, Stack size 0 bytes, ugui.o(.text), UNUSED)

<P><STRONG><a name="[8c]"></a>UG_WindowGetArea</STRONG> (Thumb, 86 bytes, Stack size 16 bytes, ugui.o(.text))
<BR><BR>[Stack]<UL><LI>Max Depth = 16<LI>Call Chain = UG_WindowGetArea
</UL>
<BR>[Called By]<UL><LI><a href="#[d6]">&gt;&gt;</a>&nbsp;&nbsp;&nbsp;_UG_ImageUpdate
<LI><a href="#[c3]">&gt;&gt;</a>&nbsp;&nbsp;&nbsp;_UG_TextboxUpdate
<LI><a href="#[a8]">&gt;&gt;</a>&nbsp;&nbsp;&nbsp;_UG_CheckboxUpdate
<LI><a href="#[8b]">&gt;&gt;</a>&nbsp;&nbsp;&nbsp;_UG_ButtonUpdate
</UL>

<P><STRONG><a name="[115]"></a>UG_WindowGetInnerWidth</STRONG> (Thumb, 40 bytes, Stack size 0 bytes, ugui.o(.text), UNUSED)

<P><STRONG><a name="[116]"></a>UG_WindowGetOuterWidth</STRONG> (Thumb, 30 bytes, Stack size 0 bytes, ugui.o(.text), UNUSED)

<P><STRONG><a name="[117]"></a>UG_WindowGetInnerHeight</STRONG> (Thumb, 52 bytes, Stack size 0 bytes, ugui.o(.text), UNUSED)

<P><STRONG><a name="[118]"></a>UG_WindowGetOuterHeight</STRONG> (Thumb, 30 bytes, Stack size 0 bytes, ugui.o(.text), UNUSED)

<P><STRONG><a name="[8b]"></a>_UG_ButtonUpdate</STRONG> (Thumb, 500 bytes, Stack size 64 bytes, ugui.o(.text))
<BR><BR>[Stack]<UL><LI>Max Depth = 208<LI>Call Chain = _UG_ButtonUpdate &rArr; _UG_PutText &rArr; _UG_PutChar
</UL>
<BR>[Calls]<UL><LI><a href="#[8c]">&gt;&gt;</a>&nbsp;&nbsp;&nbsp;UG_WindowGetArea
<LI><a href="#[8e]">&gt;&gt;</a>&nbsp;&nbsp;&nbsp;_UG_SendObjectPostrenderEvent
<LI><a href="#[8d]">&gt;&gt;</a>&nbsp;&nbsp;&nbsp;_UG_SendObjectPrerenderEvent
<LI><a href="#[73]">&gt;&gt;</a>&nbsp;&nbsp;&nbsp;_UG_DrawObjectFrame
<LI><a href="#[70]">&gt;&gt;</a>&nbsp;&nbsp;&nbsp;_UG_PutText
<LI><a href="#[69]">&gt;&gt;</a>&nbsp;&nbsp;&nbsp;UG_DrawFrame
<LI><a href="#[5f]">&gt;&gt;</a>&nbsp;&nbsp;&nbsp;UG_FillFrame
</UL>
<BR>[Address Reference Count : 1]<UL><LI> ugui.o(.text)
</UL>
<P><STRONG><a name="[8f]"></a>UG_ButtonCreate</STRONG> (Thumb, 138 bytes, Stack size 32 bytes, ugui.o(.text), UNUSED)
<BR><BR>[Calls]<UL><LI><a href="#[90]">&gt;&gt;</a>&nbsp;&nbsp;&nbsp;_UG_GetFreeObject
</UL>

<P><STRONG><a name="[91]"></a>UG_ButtonDelete</STRONG> (Thumb, 8 bytes, Stack size 0 bytes, ugui.o(.text), UNUSED)
<BR><BR>[Calls]<UL><LI><a href="#[71]">&gt;&gt;</a>&nbsp;&nbsp;&nbsp;_UG_DeleteObject
</UL>

<P><STRONG><a name="[92]"></a>UG_ButtonShow</STRONG> (Thumb, 34 bytes, Stack size 4 bytes, ugui.o(.text), UNUSED)
<BR><BR>[Calls]<UL><LI><a href="#[72]">&gt;&gt;</a>&nbsp;&nbsp;&nbsp;_UG_SearchObject
</UL>

<P><STRONG><a name="[93]"></a>UG_ButtonHide</STRONG> (Thumb, 50 bytes, Stack size 4 bytes, ugui.o(.text), UNUSED)
<BR><BR>[Calls]<UL><LI><a href="#[72]">&gt;&gt;</a>&nbsp;&nbsp;&nbsp;_UG_SearchObject
</UL>

<P><STRONG><a name="[94]"></a>UG_ButtonSetForeColor</STRONG> (Thumb, 36 bytes, Stack size 8 bytes, ugui.o(.text), UNUSED)
<BR><BR>[Calls]<UL><LI><a href="#[72]">&gt;&gt;</a>&nbsp;&nbsp;&nbsp;_UG_SearchObject
</UL>

<P><STRONG><a name="[95]"></a>UG_ButtonSetBackColor</STRONG> (Thumb, 36 bytes, Stack size 8 bytes, ugui.o(.text), UNUSED)
<BR><BR>[Calls]<UL><LI><a href="#[72]">&gt;&gt;</a>&nbsp;&nbsp;&nbsp;_UG_SearchObject
</UL>

<P><STRONG><a name="[96]"></a>UG_ButtonSetAlternateForeColor</STRONG> (Thumb, 36 bytes, Stack size 8 bytes, ugui.o(.text), UNUSED)
<BR><BR>[Calls]<UL><LI><a href="#[72]">&gt;&gt;</a>&nbsp;&nbsp;&nbsp;_UG_SearchObject
</UL>

<P><STRONG><a name="[97]"></a>UG_ButtonSetAlternateBackColor</STRONG> (Thumb, 36 bytes, Stack size 8 bytes, ugui.o(.text), UNUSED)
<BR><BR>[Calls]<UL><LI><a href="#[72]">&gt;&gt;</a>&nbsp;&nbsp;&nbsp;_UG_SearchObject
</UL>

<P><STRONG><a name="[98]"></a>UG_ButtonSetText</STRONG> (Thumb, 36 bytes, Stack size 8 bytes, ugui.o(.text), UNUSED)
<BR><BR>[Calls]<UL><LI><a href="#[72]">&gt;&gt;</a>&nbsp;&nbsp;&nbsp;_UG_SearchObject
</UL>

<P><STRONG><a name="[99]"></a>UG_ButtonSetFont</STRONG> (Thumb, 36 bytes, Stack size 8 bytes, ugui.o(.text), UNUSED)
<BR><BR>[Calls]<UL><LI><a href="#[72]">&gt;&gt;</a>&nbsp;&nbsp;&nbsp;_UG_SearchObject
</UL>

<P><STRONG><a name="[9a]"></a>UG_ButtonSetStyle</STRONG> (Thumb, 128 bytes, Stack size 12 bytes, ugui.o(.text), UNUSED)
<BR><BR>[Calls]<UL><LI><a href="#[72]">&gt;&gt;</a>&nbsp;&nbsp;&nbsp;_UG_SearchObject
</UL>

<P><STRONG><a name="[9b]"></a>UG_ButtonSetHSpace</STRONG> (Thumb, 36 bytes, Stack size 8 bytes, ugui.o(.text), UNUSED)
<BR><BR>[Calls]<UL><LI><a href="#[72]">&gt;&gt;</a>&nbsp;&nbsp;&nbsp;_UG_SearchObject
</UL>

<P><STRONG><a name="[9c]"></a>UG_ButtonSetVSpace</STRONG> (Thumb, 36 bytes, Stack size 8 bytes, ugui.o(.text), UNUSED)
<BR><BR>[Calls]<UL><LI><a href="#[72]">&gt;&gt;</a>&nbsp;&nbsp;&nbsp;_UG_SearchObject
</UL>

<P><STRONG><a name="[9d]"></a>UG_ButtonSetAlignment</STRONG> (Thumb, 36 bytes, Stack size 8 bytes, ugui.o(.text), UNUSED)
<BR><BR>[Calls]<UL><LI><a href="#[72]">&gt;&gt;</a>&nbsp;&nbsp;&nbsp;_UG_SearchObject
</UL>

<P><STRONG><a name="[9e]"></a>UG_ButtonGetForeColor</STRONG> (Thumb, 22 bytes, Stack size 8 bytes, ugui.o(.text), UNUSED)
<BR><BR>[Calls]<UL><LI><a href="#[72]">&gt;&gt;</a>&nbsp;&nbsp;&nbsp;_UG_SearchObject
</UL>

<P><STRONG><a name="[9f]"></a>UG_ButtonGetBackColor</STRONG> (Thumb, 22 bytes, Stack size 8 bytes, ugui.o(.text), UNUSED)
<BR><BR>[Calls]<UL><LI><a href="#[72]">&gt;&gt;</a>&nbsp;&nbsp;&nbsp;_UG_SearchObject
</UL>

<P><STRONG><a name="[a0]"></a>UG_ButtonGetAlternateForeColor</STRONG> (Thumb, 22 bytes, Stack size 8 bytes, ugui.o(.text), UNUSED)
<BR><BR>[Calls]<UL><LI><a href="#[72]">&gt;&gt;</a>&nbsp;&nbsp;&nbsp;_UG_SearchObject
</UL>

<P><STRONG><a name="[a1]"></a>UG_ButtonGetAlternateBackColor</STRONG> (Thumb, 22 bytes, Stack size 8 bytes, ugui.o(.text), UNUSED)
<BR><BR>[Calls]<UL><LI><a href="#[72]">&gt;&gt;</a>&nbsp;&nbsp;&nbsp;_UG_SearchObject
</UL>

<P><STRONG><a name="[a2]"></a>UG_ButtonGetText</STRONG> (Thumb, 22 bytes, Stack size 8 bytes, ugui.o(.text), UNUSED)
<BR><BR>[Calls]<UL><LI><a href="#[72]">&gt;&gt;</a>&nbsp;&nbsp;&nbsp;_UG_SearchObject
</UL>

<P><STRONG><a name="[a3]"></a>UG_ButtonGetFont</STRONG> (Thumb, 22 bytes, Stack size 8 bytes, ugui.o(.text), UNUSED)
<BR><BR>[Calls]<UL><LI><a href="#[72]">&gt;&gt;</a>&nbsp;&nbsp;&nbsp;_UG_SearchObject
</UL>

<P><STRONG><a name="[a4]"></a>UG_ButtonGetStyle</STRONG> (Thumb, 22 bytes, Stack size 8 bytes, ugui.o(.text), UNUSED)
<BR><BR>[Calls]<UL><LI><a href="#[72]">&gt;&gt;</a>&nbsp;&nbsp;&nbsp;_UG_SearchObject
</UL>

<P><STRONG><a name="[a5]"></a>UG_ButtonGetHSpace</STRONG> (Thumb, 24 bytes, Stack size 8 bytes, ugui.o(.text), UNUSED)
<BR><BR>[Calls]<UL><LI><a href="#[72]">&gt;&gt;</a>&nbsp;&nbsp;&nbsp;_UG_SearchObject
</UL>

<P><STRONG><a name="[a6]"></a>UG_ButtonGetVSpace</STRONG> (Thumb, 36 bytes, Stack size 8 bytes, ugui.o(.text), UNUSED)
<BR><BR>[Calls]<UL><LI><a href="#[72]">&gt;&gt;</a>&nbsp;&nbsp;&nbsp;_UG_SearchObject
</UL>

<P><STRONG><a name="[a7]"></a>UG_ButtonGetAlignment</STRONG> (Thumb, 22 bytes, Stack size 8 bytes, ugui.o(.text), UNUSED)
<BR><BR>[Calls]<UL><LI><a href="#[72]">&gt;&gt;</a>&nbsp;&nbsp;&nbsp;_UG_SearchObject
</UL>

<P><STRONG><a name="[a8]"></a>_UG_CheckboxUpdate</STRONG> (Thumb, 1018 bytes, Stack size 72 bytes, ugui.o(.text))
<BR><BR>[Stack]<UL><LI>Max Depth = 216<LI>Call Chain = _UG_CheckboxUpdate &rArr; _UG_PutText &rArr; _UG_PutChar
</UL>
<BR>[Calls]<UL><LI><a href="#[8c]">&gt;&gt;</a>&nbsp;&nbsp;&nbsp;UG_WindowGetArea
<LI><a href="#[8e]">&gt;&gt;</a>&nbsp;&nbsp;&nbsp;_UG_SendObjectPostrenderEvent
<LI><a href="#[8d]">&gt;&gt;</a>&nbsp;&nbsp;&nbsp;_UG_SendObjectPrerenderEvent
<LI><a href="#[73]">&gt;&gt;</a>&nbsp;&nbsp;&nbsp;_UG_DrawObjectFrame
<LI><a href="#[70]">&gt;&gt;</a>&nbsp;&nbsp;&nbsp;_UG_PutText
<LI><a href="#[69]">&gt;&gt;</a>&nbsp;&nbsp;&nbsp;UG_DrawFrame
<LI><a href="#[5f]">&gt;&gt;</a>&nbsp;&nbsp;&nbsp;UG_FillFrame
<LI><a href="#[5e]">&gt;&gt;</a>&nbsp;&nbsp;&nbsp;UG_DrawLine
</UL>
<BR>[Address Reference Count : 1]<UL><LI> ugui.o(.text)
</UL>
<P><STRONG><a name="[a9]"></a>UG_CheckboxCreate</STRONG> (Thumb, 142 bytes, Stack size 32 bytes, ugui.o(.text), UNUSED)
<BR><BR>[Calls]<UL><LI><a href="#[90]">&gt;&gt;</a>&nbsp;&nbsp;&nbsp;_UG_GetFreeObject
</UL>

<P><STRONG><a name="[aa]"></a>UG_CheckboxDelete</STRONG> (Thumb, 8 bytes, Stack size 0 bytes, ugui.o(.text), UNUSED)
<BR><BR>[Calls]<UL><LI><a href="#[71]">&gt;&gt;</a>&nbsp;&nbsp;&nbsp;_UG_DeleteObject
</UL>

<P><STRONG><a name="[ab]"></a>UG_CheckboxShow</STRONG> (Thumb, 34 bytes, Stack size 4 bytes, ugui.o(.text), UNUSED)
<BR><BR>[Calls]<UL><LI><a href="#[72]">&gt;&gt;</a>&nbsp;&nbsp;&nbsp;_UG_SearchObject
</UL>

<P><STRONG><a name="[ac]"></a>UG_CheckboxHide</STRONG> (Thumb, 50 bytes, Stack size 4 bytes, ugui.o(.text), UNUSED)
<BR><BR>[Calls]<UL><LI><a href="#[72]">&gt;&gt;</a>&nbsp;&nbsp;&nbsp;_UG_SearchObject
</UL>

<P><STRONG><a name="[ad]"></a>UG_CheckboxSetCheched</STRONG> (Thumb, 36 bytes, Stack size 8 bytes, ugui.o(.text), UNUSED)
<BR><BR>[Calls]<UL><LI><a href="#[72]">&gt;&gt;</a>&nbsp;&nbsp;&nbsp;_UG_SearchObject
</UL>

<P><STRONG><a name="[ae]"></a>UG_CheckboxSetForeColor</STRONG> (Thumb, 36 bytes, Stack size 8 bytes, ugui.o(.text), UNUSED)
<BR><BR>[Calls]<UL><LI><a href="#[72]">&gt;&gt;</a>&nbsp;&nbsp;&nbsp;_UG_SearchObject
</UL>

<P><STRONG><a name="[af]"></a>UG_CheckboxSetBackColor</STRONG> (Thumb, 36 bytes, Stack size 8 bytes, ugui.o(.text), UNUSED)
<BR><BR>[Calls]<UL><LI><a href="#[72]">&gt;&gt;</a>&nbsp;&nbsp;&nbsp;_UG_SearchObject
</UL>

<P><STRONG><a name="[b0]"></a>UG_CheckboxSetAlternateForeColor</STRONG> (Thumb, 36 bytes, Stack size 8 bytes, ugui.o(.text), UNUSED)
<BR><BR>[Calls]<UL><LI><a href="#[72]">&gt;&gt;</a>&nbsp;&nbsp;&nbsp;_UG_SearchObject
</UL>

<P><STRONG><a name="[b1]"></a>UG_CheckboxSetAlternateBackColor</STRONG> (Thumb, 36 bytes, Stack size 8 bytes, ugui.o(.text), UNUSED)
<BR><BR>[Calls]<UL><LI><a href="#[72]">&gt;&gt;</a>&nbsp;&nbsp;&nbsp;_UG_SearchObject
</UL>

<P><STRONG><a name="[b2]"></a>UG_CheckboxSetText</STRONG> (Thumb, 36 bytes, Stack size 8 bytes, ugui.o(.text), UNUSED)
<BR><BR>[Calls]<UL><LI><a href="#[72]">&gt;&gt;</a>&nbsp;&nbsp;&nbsp;_UG_SearchObject
</UL>

<P><STRONG><a name="[b3]"></a>UG_CheckboxSetFont</STRONG> (Thumb, 36 bytes, Stack size 8 bytes, ugui.o(.text), UNUSED)
<BR><BR>[Calls]<UL><LI><a href="#[72]">&gt;&gt;</a>&nbsp;&nbsp;&nbsp;_UG_SearchObject
</UL>

<P><STRONG><a name="[b4]"></a>UG_CheckboxSetStyle</STRONG> (Thumb, 128 bytes, Stack size 12 bytes, ugui.o(.text), UNUSED)
<BR><BR>[Calls]<UL><LI><a href="#[72]">&gt;&gt;</a>&nbsp;&nbsp;&nbsp;_UG_SearchObject
</UL>

<P><STRONG><a name="[b5]"></a>UG_CheckboxSetHSpace</STRONG> (Thumb, 36 bytes, Stack size 8 bytes, ugui.o(.text), UNUSED)
<BR><BR>[Calls]<UL><LI><a href="#[72]">&gt;&gt;</a>&nbsp;&nbsp;&nbsp;_UG_SearchObject
</UL>

<P><STRONG><a name="[b6]"></a>UG_CheckboxSetVSpace</STRONG> (Thumb, 36 bytes, Stack size 8 bytes, ugui.o(.text), UNUSED)
<BR><BR>[Calls]<UL><LI><a href="#[72]">&gt;&gt;</a>&nbsp;&nbsp;&nbsp;_UG_SearchObject
</UL>

<P><STRONG><a name="[b7]"></a>UG_CheckboxSetAlignment</STRONG> (Thumb, 36 bytes, Stack size 8 bytes, ugui.o(.text), UNUSED)
<BR><BR>[Calls]<UL><LI><a href="#[72]">&gt;&gt;</a>&nbsp;&nbsp;&nbsp;_UG_SearchObject
</UL>

<P><STRONG><a name="[b8]"></a>UG_CheckboxGetChecked</STRONG> (Thumb, 22 bytes, Stack size 8 bytes, ugui.o(.text), UNUSED)
<BR><BR>[Calls]<UL><LI><a href="#[72]">&gt;&gt;</a>&nbsp;&nbsp;&nbsp;_UG_SearchObject
</UL>

<P><STRONG><a name="[b9]"></a>UG_CheckboxGetForeColor</STRONG> (Thumb, 22 bytes, Stack size 8 bytes, ugui.o(.text), UNUSED)
<BR><BR>[Calls]<UL><LI><a href="#[72]">&gt;&gt;</a>&nbsp;&nbsp;&nbsp;_UG_SearchObject
</UL>

<P><STRONG><a name="[ba]"></a>UG_CheckboxGetBackColor</STRONG> (Thumb, 22 bytes, Stack size 8 bytes, ugui.o(.text), UNUSED)
<BR><BR>[Calls]<UL><LI><a href="#[72]">&gt;&gt;</a>&nbsp;&nbsp;&nbsp;_UG_SearchObject
</UL>

<P><STRONG><a name="[bb]"></a>UG_CheckboxGetAlternateForeColor</STRONG> (Thumb, 22 bytes, Stack size 8 bytes, ugui.o(.text), UNUSED)
<BR><BR>[Calls]<UL><LI><a href="#[72]">&gt;&gt;</a>&nbsp;&nbsp;&nbsp;_UG_SearchObject
</UL>

<P><STRONG><a name="[bc]"></a>UG_CheckboxGetAlternateBackColor</STRONG> (Thumb, 22 bytes, Stack size 8 bytes, ugui.o(.text), UNUSED)
<BR><BR>[Calls]<UL><LI><a href="#[72]">&gt;&gt;</a>&nbsp;&nbsp;&nbsp;_UG_SearchObject
</UL>

<P><STRONG><a name="[bd]"></a>UG_CheckboxGetText</STRONG> (Thumb, 22 bytes, Stack size 8 bytes, ugui.o(.text), UNUSED)
<BR><BR>[Calls]<UL><LI><a href="#[72]">&gt;&gt;</a>&nbsp;&nbsp;&nbsp;_UG_SearchObject
</UL>

<P><STRONG><a name="[be]"></a>UG_CheckboxGetFont</STRONG> (Thumb, 30 bytes, Stack size 8 bytes, ugui.o(.text), UNUSED)
<BR><BR>[Calls]<UL><LI><a href="#[72]">&gt;&gt;</a>&nbsp;&nbsp;&nbsp;_UG_SearchObject
</UL>

<P><STRONG><a name="[bf]"></a>UG_CheckboxGetStyle</STRONG> (Thumb, 22 bytes, Stack size 8 bytes, ugui.o(.text), UNUSED)
<BR><BR>[Calls]<UL><LI><a href="#[72]">&gt;&gt;</a>&nbsp;&nbsp;&nbsp;_UG_SearchObject
</UL>

<P><STRONG><a name="[c0]"></a>UG_CheckboxGetHSpace</STRONG> (Thumb, 24 bytes, Stack size 8 bytes, ugui.o(.text), UNUSED)
<BR><BR>[Calls]<UL><LI><a href="#[72]">&gt;&gt;</a>&nbsp;&nbsp;&nbsp;_UG_SearchObject
</UL>

<P><STRONG><a name="[c1]"></a>UG_CheckboxGetVSpace</STRONG> (Thumb, 24 bytes, Stack size 8 bytes, ugui.o(.text), UNUSED)
<BR><BR>[Calls]<UL><LI><a href="#[72]">&gt;&gt;</a>&nbsp;&nbsp;&nbsp;_UG_SearchObject
</UL>

<P><STRONG><a name="[c2]"></a>UG_CheckboxGetAlignment</STRONG> (Thumb, 22 bytes, Stack size 8 bytes, ugui.o(.text), UNUSED)
<BR><BR>[Calls]<UL><LI><a href="#[72]">&gt;&gt;</a>&nbsp;&nbsp;&nbsp;_UG_SearchObject
</UL>

<P><STRONG><a name="[c3]"></a>_UG_TextboxUpdate</STRONG> (Thumb, 244 bytes, Stack size 56 bytes, ugui.o(.text))
<BR><BR>[Stack]<UL><LI>Max Depth = 200<LI>Call Chain = _UG_TextboxUpdate &rArr; _UG_PutText &rArr; _UG_PutChar
</UL>
<BR>[Calls]<UL><LI><a href="#[8c]">&gt;&gt;</a>&nbsp;&nbsp;&nbsp;UG_WindowGetArea
<LI><a href="#[8e]">&gt;&gt;</a>&nbsp;&nbsp;&nbsp;_UG_SendObjectPostrenderEvent
<LI><a href="#[8d]">&gt;&gt;</a>&nbsp;&nbsp;&nbsp;_UG_SendObjectPrerenderEvent
<LI><a href="#[70]">&gt;&gt;</a>&nbsp;&nbsp;&nbsp;_UG_PutText
<LI><a href="#[5f]">&gt;&gt;</a>&nbsp;&nbsp;&nbsp;UG_FillFrame
</UL>
<BR>[Address Reference Count : 1]<UL><LI> ugui.o(.text)
</UL>
<P><STRONG><a name="[c4]"></a>UG_TextboxCreate</STRONG> (Thumb, 128 bytes, Stack size 32 bytes, ugui.o(.text), UNUSED)
<BR><BR>[Calls]<UL><LI><a href="#[90]">&gt;&gt;</a>&nbsp;&nbsp;&nbsp;_UG_GetFreeObject
</UL>

<P><STRONG><a name="[c5]"></a>UG_TextboxDelete</STRONG> (Thumb, 8 bytes, Stack size 0 bytes, ugui.o(.text), UNUSED)
<BR><BR>[Calls]<UL><LI><a href="#[71]">&gt;&gt;</a>&nbsp;&nbsp;&nbsp;_UG_DeleteObject
</UL>

<P><STRONG><a name="[c6]"></a>UG_TextboxShow</STRONG> (Thumb, 34 bytes, Stack size 4 bytes, ugui.o(.text), UNUSED)
<BR><BR>[Calls]<UL><LI><a href="#[72]">&gt;&gt;</a>&nbsp;&nbsp;&nbsp;_UG_SearchObject
</UL>

<P><STRONG><a name="[c7]"></a>UG_TextboxHide</STRONG> (Thumb, 34 bytes, Stack size 4 bytes, ugui.o(.text), UNUSED)
<BR><BR>[Calls]<UL><LI><a href="#[72]">&gt;&gt;</a>&nbsp;&nbsp;&nbsp;_UG_SearchObject
</UL>

<P><STRONG><a name="[c8]"></a>UG_TextboxSetForeColor</STRONG> (Thumb, 36 bytes, Stack size 8 bytes, ugui.o(.text), UNUSED)
<BR><BR>[Calls]<UL><LI><a href="#[72]">&gt;&gt;</a>&nbsp;&nbsp;&nbsp;_UG_SearchObject
</UL>

<P><STRONG><a name="[c9]"></a>UG_TextboxSetBackColor</STRONG> (Thumb, 36 bytes, Stack size 8 bytes, ugui.o(.text), UNUSED)
<BR><BR>[Calls]<UL><LI><a href="#[72]">&gt;&gt;</a>&nbsp;&nbsp;&nbsp;_UG_SearchObject
</UL>

<P><STRONG><a name="[ca]"></a>UG_TextboxSetText</STRONG> (Thumb, 36 bytes, Stack size 8 bytes, ugui.o(.text), UNUSED)
<BR><BR>[Calls]<UL><LI><a href="#[72]">&gt;&gt;</a>&nbsp;&nbsp;&nbsp;_UG_SearchObject
</UL>

<P><STRONG><a name="[cb]"></a>UG_TextboxSetFont</STRONG> (Thumb, 36 bytes, Stack size 8 bytes, ugui.o(.text), UNUSED)
<BR><BR>[Calls]<UL><LI><a href="#[72]">&gt;&gt;</a>&nbsp;&nbsp;&nbsp;_UG_SearchObject
</UL>

<P><STRONG><a name="[cc]"></a>UG_TextboxSetHSpace</STRONG> (Thumb, 36 bytes, Stack size 8 bytes, ugui.o(.text), UNUSED)
<BR><BR>[Calls]<UL><LI><a href="#[72]">&gt;&gt;</a>&nbsp;&nbsp;&nbsp;_UG_SearchObject
</UL>

<P><STRONG><a name="[cd]"></a>UG_TextboxSetVSpace</STRONG> (Thumb, 36 bytes, Stack size 8 bytes, ugui.o(.text), UNUSED)
<BR><BR>[Calls]<UL><LI><a href="#[72]">&gt;&gt;</a>&nbsp;&nbsp;&nbsp;_UG_SearchObject
</UL>

<P><STRONG><a name="[ce]"></a>UG_TextboxSetAlignment</STRONG> (Thumb, 36 bytes, Stack size 8 bytes, ugui.o(.text), UNUSED)
<BR><BR>[Calls]<UL><LI><a href="#[72]">&gt;&gt;</a>&nbsp;&nbsp;&nbsp;_UG_SearchObject
</UL>

<P><STRONG><a name="[cf]"></a>UG_TextboxGetForeColor</STRONG> (Thumb, 22 bytes, Stack size 8 bytes, ugui.o(.text), UNUSED)
<BR><BR>[Calls]<UL><LI><a href="#[72]">&gt;&gt;</a>&nbsp;&nbsp;&nbsp;_UG_SearchObject
</UL>

<P><STRONG><a name="[d0]"></a>UG_TextboxGetBackColor</STRONG> (Thumb, 22 bytes, Stack size 8 bytes, ugui.o(.text), UNUSED)
<BR><BR>[Calls]<UL><LI><a href="#[72]">&gt;&gt;</a>&nbsp;&nbsp;&nbsp;_UG_SearchObject
</UL>

<P><STRONG><a name="[d1]"></a>UG_TextboxGetText</STRONG> (Thumb, 22 bytes, Stack size 8 bytes, ugui.o(.text), UNUSED)
<BR><BR>[Calls]<UL><LI><a href="#[72]">&gt;&gt;</a>&nbsp;&nbsp;&nbsp;_UG_SearchObject
</UL>

<P><STRONG><a name="[d2]"></a>UG_TextboxGetFont</STRONG> (Thumb, 22 bytes, Stack size 8 bytes, ugui.o(.text), UNUSED)
<BR><BR>[Calls]<UL><LI><a href="#[72]">&gt;&gt;</a>&nbsp;&nbsp;&nbsp;_UG_SearchObject
</UL>

<P><STRONG><a name="[d3]"></a>UG_TextboxGetHSpace</STRONG> (Thumb, 24 bytes, Stack size 8 bytes, ugui.o(.text), UNUSED)
<BR><BR>[Calls]<UL><LI><a href="#[72]">&gt;&gt;</a>&nbsp;&nbsp;&nbsp;_UG_SearchObject
</UL>

<P><STRONG><a name="[d4]"></a>UG_TextboxGetVSpace</STRONG> (Thumb, 24 bytes, Stack size 8 bytes, ugui.o(.text), UNUSED)
<BR><BR>[Calls]<UL><LI><a href="#[72]">&gt;&gt;</a>&nbsp;&nbsp;&nbsp;_UG_SearchObject
</UL>

<P><STRONG><a name="[d5]"></a>UG_TextboxGetAlignment</STRONG> (Thumb, 22 bytes, Stack size 8 bytes, ugui.o(.text), UNUSED)
<BR><BR>[Calls]<UL><LI><a href="#[72]">&gt;&gt;</a>&nbsp;&nbsp;&nbsp;_UG_SearchObject
</UL>

<P><STRONG><a name="[d6]"></a>_UG_ImageUpdate</STRONG> (Thumb, 162 bytes, Stack size 32 bytes, ugui.o(.text))
<BR><BR>[Stack]<UL><LI>Max Depth = 72<LI>Call Chain = _UG_ImageUpdate &rArr; UG_FillFrame
</UL>
<BR>[Calls]<UL><LI><a href="#[8c]">&gt;&gt;</a>&nbsp;&nbsp;&nbsp;UG_WindowGetArea
<LI><a href="#[7a]">&gt;&gt;</a>&nbsp;&nbsp;&nbsp;UG_DrawBMP
<LI><a href="#[5f]">&gt;&gt;</a>&nbsp;&nbsp;&nbsp;UG_FillFrame
</UL>
<BR>[Address Reference Count : 1]<UL><LI> ugui.o(.text)
</UL>
<P><STRONG><a name="[d7]"></a>UG_ImageCreate</STRONG> (Thumb, 94 bytes, Stack size 28 bytes, ugui.o(.text), UNUSED)
<BR><BR>[Calls]<UL><LI><a href="#[90]">&gt;&gt;</a>&nbsp;&nbsp;&nbsp;_UG_GetFreeObject
</UL>

<P><STRONG><a name="[d8]"></a>UG_ImageDelete</STRONG> (Thumb, 8 bytes, Stack size 0 bytes, ugui.o(.text), UNUSED)
<BR><BR>[Calls]<UL><LI><a href="#[71]">&gt;&gt;</a>&nbsp;&nbsp;&nbsp;_UG_DeleteObject
</UL>

<P><STRONG><a name="[d9]"></a>UG_ImageShow</STRONG> (Thumb, 34 bytes, Stack size 4 bytes, ugui.o(.text), UNUSED)
<BR><BR>[Calls]<UL><LI><a href="#[72]">&gt;&gt;</a>&nbsp;&nbsp;&nbsp;_UG_SearchObject
</UL>

<P><STRONG><a name="[da]"></a>UG_ImageHide</STRONG> (Thumb, 34 bytes, Stack size 4 bytes, ugui.o(.text), UNUSED)
<BR><BR>[Calls]<UL><LI><a href="#[72]">&gt;&gt;</a>&nbsp;&nbsp;&nbsp;_UG_SearchObject
</UL>

<P><STRONG><a name="[db]"></a>UG_ImageSetBMP</STRONG> (Thumb, 40 bytes, Stack size 8 bytes, ugui.o(.text), UNUSED)
<BR><BR>[Calls]<UL><LI><a href="#[72]">&gt;&gt;</a>&nbsp;&nbsp;&nbsp;_UG_SearchObject
</UL>

<P><STRONG><a name="[50]"></a>GPIO_Init</STRONG> (Thumb, 486 bytes, Stack size 32 bytes, swm320_gpio.o(.text))
<BR><BR>[Stack]<UL><LI>Max Depth = 92<LI>Call Chain = GPIO_Init &rArr; PORT_Init
</UL>
<BR>[Calls]<UL><LI><a href="#[56]">&gt;&gt;</a>&nbsp;&nbsp;&nbsp;PORT_Init
</UL>
<BR>[Called By]<UL><LI><a href="#[4f]">&gt;&gt;</a>&nbsp;&nbsp;&nbsp;RGBLCDInit
</UL>

<P><STRONG><a name="[51]"></a>GPIO_SetBit</STRONG> (Thumb, 12 bytes, Stack size 0 bytes, swm320_gpio.o(.text))
<BR><BR>[Called By]<UL><LI><a href="#[4f]">&gt;&gt;</a>&nbsp;&nbsp;&nbsp;RGBLCDInit
</UL>

<P><STRONG><a name="[119]"></a>GPIO_ClrBit</STRONG> (Thumb, 12 bytes, Stack size 0 bytes, swm320_gpio.o(.text), UNUSED)

<P><STRONG><a name="[11a]"></a>GPIO_InvBit</STRONG> (Thumb, 12 bytes, Stack size 0 bytes, swm320_gpio.o(.text), UNUSED)

<P><STRONG><a name="[11b]"></a>GPIO_GetBit</STRONG> (Thumb, 10 bytes, Stack size 0 bytes, swm320_gpio.o(.text), UNUSED)

<P><STRONG><a name="[11c]"></a>GPIO_SetBits</STRONG> (Thumb, 20 bytes, Stack size 0 bytes, swm320_gpio.o(.text), UNUSED)

<P><STRONG><a name="[11d]"></a>GPIO_ClrBits</STRONG> (Thumb, 20 bytes, Stack size 0 bytes, swm320_gpio.o(.text), UNUSED)

<P><STRONG><a name="[11e]"></a>GPIO_InvBits</STRONG> (Thumb, 20 bytes, Stack size 0 bytes, swm320_gpio.o(.text), UNUSED)

<P><STRONG><a name="[11f]"></a>GPIO_GetBits</STRONG> (Thumb, 18 bytes, Stack size 0 bytes, swm320_gpio.o(.text), UNUSED)

<P><STRONG><a name="[120]"></a>GPIO_AtomicSetBit</STRONG> (Thumb, 16 bytes, Stack size 0 bytes, swm320_gpio.o(.text), UNUSED)

<P><STRONG><a name="[121]"></a>GPIO_AtomicClrBit</STRONG> (Thumb, 16 bytes, Stack size 0 bytes, swm320_gpio.o(.text), UNUSED)

<P><STRONG><a name="[122]"></a>GPIO_AtomicInvBit</STRONG> (Thumb, 20 bytes, Stack size 0 bytes, swm320_gpio.o(.text), UNUSED)

<P><STRONG><a name="[123]"></a>GPIO_AtomicSetBits</STRONG> (Thumb, 24 bytes, Stack size 0 bytes, swm320_gpio.o(.text), UNUSED)

<P><STRONG><a name="[124]"></a>GPIO_AtomicClrBits</STRONG> (Thumb, 24 bytes, Stack size 0 bytes, swm320_gpio.o(.text), UNUSED)

<P><STRONG><a name="[125]"></a>GPIO_AtomicInvBits</STRONG> (Thumb, 24 bytes, Stack size 0 bytes, swm320_gpio.o(.text), UNUSED)

<P><STRONG><a name="[dc]"></a>UART_Close</STRONG> (Thumb, 10 bytes, Stack size 0 bytes, swm320_uart.o(.text))
<BR><BR>[Called By]<UL><LI><a href="#[57]">&gt;&gt;</a>&nbsp;&nbsp;&nbsp;UART_Init
</UL>

<P><STRONG><a name="[57]"></a>UART_Init</STRONG> (Thumb, 374 bytes, Stack size 24 bytes, swm320_uart.o(.text))
<BR><BR>[Stack]<UL><LI>Max Depth = 24<LI>Call Chain = UART_Init
</UL>
<BR>[Calls]<UL><LI><a href="#[dc]">&gt;&gt;</a>&nbsp;&nbsp;&nbsp;UART_Close
<LI><a href="#[de]">&gt;&gt;</a>&nbsp;&nbsp;&nbsp;NVIC_DisableIRQ
<LI><a href="#[dd]">&gt;&gt;</a>&nbsp;&nbsp;&nbsp;NVIC_EnableIRQ
</UL>
<BR>[Called By]<UL><LI><a href="#[55]">&gt;&gt;</a>&nbsp;&nbsp;&nbsp;SerialInit
</UL>

<P><STRONG><a name="[58]"></a>UART_Open</STRONG> (Thumb, 10 bytes, Stack size 0 bytes, swm320_uart.o(.text))
<BR><BR>[Called By]<UL><LI><a href="#[55]">&gt;&gt;</a>&nbsp;&nbsp;&nbsp;SerialInit
</UL>

<P><STRONG><a name="[65]"></a>UART_WriteByte</STRONG> (Thumb, 4 bytes, Stack size 0 bytes, swm320_uart.o(.text), UNUSED)
<BR><BR>[Called By]<UL><LI><a href="#[64]">&gt;&gt;</a>&nbsp;&nbsp;&nbsp;fputc
</UL>

<P><STRONG><a name="[126]"></a>UART_ReadByte</STRONG> (Thumb, 20 bytes, Stack size 0 bytes, swm320_uart.o(.text), UNUSED)

<P><STRONG><a name="[66]"></a>UART_IsTXBusy</STRONG> (Thumb, 10 bytes, Stack size 0 bytes, swm320_uart.o(.text), UNUSED)
<BR><BR>[Called By]<UL><LI><a href="#[64]">&gt;&gt;</a>&nbsp;&nbsp;&nbsp;fputc
</UL>

<P><STRONG><a name="[127]"></a>UART_IsRXFIFOEmpty</STRONG> (Thumb, 10 bytes, Stack size 0 bytes, swm320_uart.o(.text), UNUSED)

<P><STRONG><a name="[128]"></a>UART_IsTXFIFOFull</STRONG> (Thumb, 8 bytes, Stack size 0 bytes, swm320_uart.o(.text), UNUSED)

<P><STRONG><a name="[129]"></a>UART_SetBaudrate</STRONG> (Thumb, 28 bytes, Stack size 0 bytes, swm320_uart.o(.text), UNUSED)

<P><STRONG><a name="[12a]"></a>UART_GetBaudrate</STRONG> (Thumb, 20 bytes, Stack size 0 bytes, swm320_uart.o(.text), UNUSED)

<P><STRONG><a name="[12b]"></a>UART_CTSConfig</STRONG> (Thumb, 20 bytes, Stack size 0 bytes, swm320_uart.o(.text), UNUSED)

<P><STRONG><a name="[12c]"></a>UART_CTSLineState</STRONG> (Thumb, 8 bytes, Stack size 0 bytes, swm320_uart.o(.text), UNUSED)

<P><STRONG><a name="[12d]"></a>UART_RTSConfig</STRONG> (Thumb, 28 bytes, Stack size 8 bytes, swm320_uart.o(.text), UNUSED)

<P><STRONG><a name="[12e]"></a>UART_RTSLineState</STRONG> (Thumb, 8 bytes, Stack size 0 bytes, swm320_uart.o(.text), UNUSED)

<P><STRONG><a name="[12f]"></a>UART_LINConfig</STRONG> (Thumb, 20 bytes, Stack size 0 bytes, swm320_uart.o(.text), UNUSED)

<P><STRONG><a name="[130]"></a>UART_LINGenerate</STRONG> (Thumb, 10 bytes, Stack size 0 bytes, swm320_uart.o(.text), UNUSED)

<P><STRONG><a name="[131]"></a>UART_LINIsDetected</STRONG> (Thumb, 8 bytes, Stack size 0 bytes, swm320_uart.o(.text), UNUSED)

<P><STRONG><a name="[132]"></a>UART_LINIsGenerated</STRONG> (Thumb, 8 bytes, Stack size 0 bytes, swm320_uart.o(.text), UNUSED)

<P><STRONG><a name="[133]"></a>UART_ABRStart</STRONG> (Thumb, 82 bytes, Stack size 0 bytes, swm320_uart.o(.text), UNUSED)

<P><STRONG><a name="[134]"></a>UART_ABRIsDone</STRONG> (Thumb, 24 bytes, Stack size 0 bytes, swm320_uart.o(.text), UNUSED)

<P><STRONG><a name="[135]"></a>UART_INTRXThresholdEn</STRONG> (Thumb, 10 bytes, Stack size 0 bytes, swm320_uart.o(.text), UNUSED)

<P><STRONG><a name="[136]"></a>UART_INTRXThresholdDis</STRONG> (Thumb, 10 bytes, Stack size 0 bytes, swm320_uart.o(.text), UNUSED)

<P><STRONG><a name="[137]"></a>UART_INTRXThresholdStat</STRONG> (Thumb, 8 bytes, Stack size 0 bytes, swm320_uart.o(.text), UNUSED)

<P><STRONG><a name="[138]"></a>UART_INTTXThresholdEn</STRONG> (Thumb, 10 bytes, Stack size 0 bytes, swm320_uart.o(.text), UNUSED)

<P><STRONG><a name="[139]"></a>UART_INTTXThresholdDis</STRONG> (Thumb, 10 bytes, Stack size 0 bytes, swm320_uart.o(.text), UNUSED)

<P><STRONG><a name="[13a]"></a>UART_INTTXThresholdStat</STRONG> (Thumb, 8 bytes, Stack size 0 bytes, swm320_uart.o(.text), UNUSED)

<P><STRONG><a name="[13b]"></a>UART_INTTimeoutEn</STRONG> (Thumb, 10 bytes, Stack size 0 bytes, swm320_uart.o(.text), UNUSED)

<P><STRONG><a name="[13c]"></a>UART_INTTimeoutDis</STRONG> (Thumb, 10 bytes, Stack size 0 bytes, swm320_uart.o(.text), UNUSED)

<P><STRONG><a name="[13d]"></a>UART_INTTimeoutStat</STRONG> (Thumb, 8 bytes, Stack size 0 bytes, swm320_uart.o(.text), UNUSED)

<P><STRONG><a name="[13e]"></a>UART_INTTXDoneEn</STRONG> (Thumb, 10 bytes, Stack size 0 bytes, swm320_uart.o(.text), UNUSED)

<P><STRONG><a name="[13f]"></a>UART_INTTXDoneDis</STRONG> (Thumb, 10 bytes, Stack size 0 bytes, swm320_uart.o(.text), UNUSED)

<P><STRONG><a name="[140]"></a>UART_INTTXDoneStat</STRONG> (Thumb, 8 bytes, Stack size 0 bytes, swm320_uart.o(.text), UNUSED)

<P><STRONG><a name="[56]"></a>PORT_Init</STRONG> (Thumb, 1058 bytes, Stack size 60 bytes, swm320_port.o(.text))
<BR><BR>[Stack]<UL><LI>Max Depth = 60<LI>Call Chain = PORT_Init
</UL>
<BR>[Called By]<UL><LI><a href="#[50]">&gt;&gt;</a>&nbsp;&nbsp;&nbsp;GPIO_Init
<LI><a href="#[55]">&gt;&gt;</a>&nbsp;&nbsp;&nbsp;SerialInit
</UL>

<P><STRONG><a name="[e0]"></a>LCD_INTDis</STRONG> (Thumb, 6 bytes, Stack size 0 bytes, swm320_lcd.o(.text))
<BR><BR>[Called By]<UL><LI><a href="#[52]">&gt;&gt;</a>&nbsp;&nbsp;&nbsp;LCD_Init
</UL>

<P><STRONG><a name="[df]"></a>LCD_INTEn</STRONG> (Thumb, 6 bytes, Stack size 0 bytes, swm320_lcd.o(.text))
<BR><BR>[Called By]<UL><LI><a href="#[52]">&gt;&gt;</a>&nbsp;&nbsp;&nbsp;LCD_Init
</UL>

<P><STRONG><a name="[52]"></a>LCD_Init</STRONG> (Thumb, 228 bytes, Stack size 12 bytes, swm320_lcd.o(.text))
<BR><BR>[Stack]<UL><LI>Max Depth = 12<LI>Call Chain = LCD_Init
</UL>
<BR>[Calls]<UL><LI><a href="#[df]">&gt;&gt;</a>&nbsp;&nbsp;&nbsp;LCD_INTEn
<LI><a href="#[e0]">&gt;&gt;</a>&nbsp;&nbsp;&nbsp;LCD_INTDis
</UL>
<BR>[Called By]<UL><LI><a href="#[4f]">&gt;&gt;</a>&nbsp;&nbsp;&nbsp;RGBLCDInit
</UL>

<P><STRONG><a name="[5a]"></a>LCD_Start</STRONG> (Thumb, 10 bytes, Stack size 0 bytes, swm320_lcd.o(.text))
<BR><BR>[Called By]<UL><LI><a href="#[2b]">&gt;&gt;</a>&nbsp;&nbsp;&nbsp;LCD_Handler
<LI><a href="#[4b]">&gt;&gt;</a>&nbsp;&nbsp;&nbsp;main
</UL>

<P><STRONG><a name="[141]"></a>LCD_IsBusy</STRONG> (Thumb, 8 bytes, Stack size 0 bytes, swm320_lcd.o(.text), UNUSED)

<P><STRONG><a name="[63]"></a>LCD_INTClr</STRONG> (Thumb, 6 bytes, Stack size 0 bytes, swm320_lcd.o(.text))
<BR><BR>[Called By]<UL><LI><a href="#[2b]">&gt;&gt;</a>&nbsp;&nbsp;&nbsp;LCD_Handler
</UL>

<P><STRONG><a name="[142]"></a>LCD_INTStat</STRONG> (Thumb, 8 bytes, Stack size 0 bytes, swm320_lcd.o(.text), UNUSED)

<P><STRONG><a name="[54]"></a>SDRAM_Init</STRONG> (Thumb, 112 bytes, Stack size 0 bytes, swm320_sdram.o(.text))
<BR><BR>[Called By]<UL><LI><a href="#[53]">&gt;&gt;</a>&nbsp;&nbsp;&nbsp;MemoryInit
</UL>

<P><STRONG><a name="[e3]"></a>SystemCoreClockUpdate</STRONG> (Thumb, 88 bytes, Stack size 8 bytes, system_swm320.o(.text))
<BR><BR>[Stack]<UL><LI>Max Depth = 8<LI>Call Chain = SystemCoreClockUpdate
</UL>
<BR>[Called By]<UL><LI><a href="#[59]">&gt;&gt;</a>&nbsp;&nbsp;&nbsp;SystemInit
</UL>

<P><STRONG><a name="[e2]"></a>PLLInit</STRONG> (Thumb, 58 bytes, Stack size 0 bytes, system_swm320.o(.text))
<BR><BR>[Called By]<UL><LI><a href="#[e1]">&gt;&gt;</a>&nbsp;&nbsp;&nbsp;switchCLK_PLL
</UL>

<P><STRONG><a name="[e1]"></a>switchCLK_PLL</STRONG> (Thumb, 52 bytes, Stack size 4 bytes, system_swm320.o(.text))
<BR><BR>[Stack]<UL><LI>Max Depth = 4<LI>Call Chain = switchCLK_PLL
</UL>
<BR>[Calls]<UL><LI><a href="#[e2]">&gt;&gt;</a>&nbsp;&nbsp;&nbsp;PLLInit
</UL>
<BR>[Called By]<UL><LI><a href="#[59]">&gt;&gt;</a>&nbsp;&nbsp;&nbsp;SystemInit
</UL>

<P><STRONG><a name="[143]"></a>switchCLK_XTAL</STRONG> (Thumb, 42 bytes, Stack size 0 bytes, system_swm320.o(.text), UNUSED)

<P><STRONG><a name="[144]"></a>switchCLK_32KHz</STRONG> (Thumb, 50 bytes, Stack size 0 bytes, system_swm320.o(.text), UNUSED)

<P><STRONG><a name="[145]"></a>switchCLK_40MHz</STRONG> (Thumb, 42 bytes, Stack size 0 bytes, system_swm320.o(.text), UNUSED)

<P><STRONG><a name="[146]"></a>switchCLK_20MHz</STRONG> (Thumb, 40 bytes, Stack size 0 bytes, system_swm320.o(.text), UNUSED)

<P><STRONG><a name="[59]"></a>SystemInit</STRONG> (Thumb, 36 bytes, Stack size 4 bytes, system_swm320.o(.text))
<BR><BR>[Stack]<UL><LI>Max Depth = 12<LI>Call Chain = SystemInit &rArr; SystemCoreClockUpdate
</UL>
<BR>[Calls]<UL><LI><a href="#[e1]">&gt;&gt;</a>&nbsp;&nbsp;&nbsp;switchCLK_PLL
<LI><a href="#[e3]">&gt;&gt;</a>&nbsp;&nbsp;&nbsp;SystemCoreClockUpdate
</UL>
<BR>[Called By]<UL><LI><a href="#[4b]">&gt;&gt;</a>&nbsp;&nbsp;&nbsp;main
</UL>

<P><STRONG><a name="[0]"></a>Reset_Handler</STRONG> (Thumb, 4 bytes, Stack size 0 bytes, startup_swm320.o(.text))
<BR>[Address Reference Count : 1]<UL><LI> startup_swm320.o(RESET)
</UL>
<P><STRONG><a name="[1]"></a>NMI_Handler</STRONG> (Thumb, 2 bytes, Stack size 0 bytes, startup_swm320.o(.text))
<BR><BR>[Calls]<UL><LI><a href="#[1]">&gt;&gt;</a>&nbsp;&nbsp;&nbsp;NMI_Handler
</UL>
<BR>[Called By]<UL><LI><a href="#[1]">&gt;&gt;</a>&nbsp;&nbsp;&nbsp;NMI_Handler
</UL>
<BR>[Address Reference Count : 1]<UL><LI> startup_swm320.o(RESET)
</UL>
<P><STRONG><a name="[2]"></a>HardFault_Handler</STRONG> (Thumb, 2 bytes, Stack size 0 bytes, startup_swm320.o(.text))
<BR><BR>[Calls]<UL><LI><a href="#[2]">&gt;&gt;</a>&nbsp;&nbsp;&nbsp;HardFault_Handler
</UL>
<BR>[Called By]<UL><LI><a href="#[2]">&gt;&gt;</a>&nbsp;&nbsp;&nbsp;HardFault_Handler
</UL>
<BR>[Address Reference Count : 1]<UL><LI> startup_swm320.o(RESET)
</UL>
<P><STRONG><a name="[3]"></a>MemManage_Handler</STRONG> (Thumb, 2 bytes, Stack size 0 bytes, startup_swm320.o(.text))
<BR><BR>[Calls]<UL><LI><a href="#[3]">&gt;&gt;</a>&nbsp;&nbsp;&nbsp;MemManage_Handler
</UL>
<BR>[Called By]<UL><LI><a href="#[3]">&gt;&gt;</a>&nbsp;&nbsp;&nbsp;MemManage_Handler
</UL>
<BR>[Address Reference Count : 1]<UL><LI> startup_swm320.o(RESET)
</UL>
<P><STRONG><a name="[4]"></a>BusFault_Handler</STRONG> (Thumb, 2 bytes, Stack size 0 bytes, startup_swm320.o(.text))
<BR><BR>[Calls]<UL><LI><a href="#[4]">&gt;&gt;</a>&nbsp;&nbsp;&nbsp;BusFault_Handler
</UL>
<BR>[Called By]<UL><LI><a href="#[4]">&gt;&gt;</a>&nbsp;&nbsp;&nbsp;BusFault_Handler
</UL>
<BR>[Address Reference Count : 1]<UL><LI> startup_swm320.o(RESET)
</UL>
[...]
<BR><BR>[Calls]<UL><LI><a href="#[18]">&gt;&gt;</a>&nbsp;&nbsp;&nbsp;GPIOB6_Handler
</UL>
<BR>[Called By]<UL><LI><a href="#[18]">&gt;&gt;</a>&nbsp;&nbsp;&nbsp;GPIOB6_Handler
</UL>
<BR>[Address Reference Count : 1]<UL><LI> startup_swm320.o(RESET)
</UL>
<P><STRONG><a name="[19]"></a>GPIOB7_Handler</STRONG> (Thumb, 2 bytes, Stack size 0 bytes, startup_swm320.o(.text))
<BR><BR>[Calls]<UL><LI><a href="#[19]">&gt;&gt;</a>&nbsp;&nbsp;&nbsp;GPIOB7_Handler
</UL>
<BR>[Called By]<UL><LI><a href="#[19]">&gt;&gt;</a>&nbsp;&nbsp;&nbsp;GPIOB7_Handler
</UL>
<BR>[Address Reference Count : 1]<UL><LI> startup_swm320.o(RESET)
</UL>
<P><STRONG><a name="[1a]"></a>GPIOC0_Handler</STRONG> (Thumb, 2 bytes, Stack size 0 bytes, startup_swm320.o(.text))
<BR><BR>[Calls]<UL><LI><a href="#[1a]">&gt;&gt;</a>&nbsp;&nbsp;&nbsp;GPIOC0_Handler
</UL>
<BR>[Called By]<UL><LI><a href="#[1a]">&gt;&gt;</a>&nbsp;&nbsp;&nbsp;GPIOC0_Handler
</UL>
<BR>[Address Reference Count : 1]<UL><LI> startup_swm320.o(RESET)
</UL>
<P><STRONG><a name="[1b]"></a>GPIOC1_Handler</STRONG> (Thumb, 2 bytes, Stack size 0 bytes, startup_swm320.o(.text))
<BR><BR>[Calls]<UL><LI><a href="#[1b]">&gt;&gt;</a>&nbsp;&nbsp;&nbsp;GPIOC1_Handler
</UL>
<BR>[Called By]<UL><LI><a href="#[1b]">&gt;&gt;</a>&nbsp;&nbsp;&nbsp;GPIOC1_Handler
</UL>
<BR>[Address Reference Count : 1]<UL><LI> startup_swm320.o(RESET)
</UL>
<P><STRONG><a name="[1c]"></a>GPIOC2_Handler</STRONG> (Thumb, 2 bytes, Stack size 0 bytes, startup_swm320.o(.text))
<BR><BR>[Calls]<UL><LI><a href="#[1c]">&gt;&gt;</a>&nbsp;&nbsp;&nbsp;GPIOC2_Handler
</UL>
<BR>[Called By]<UL><LI><a href="#[1c]">&gt;&gt;</a>&nbsp;&nbsp;&nbsp;GPIOC2_Handler
</UL>
<BR>[Address Reference Count : 1]<UL><LI> startup_swm320.o(RESET)
</UL>
<P><STRONG><a name="[1d]"></a>GPIOC3_Handler</STRONG> (Thumb, 2 bytes, Stack size 0 bytes, startup_swm320.o(.text))
<BR><BR>[Calls]<UL><LI><a href="#[1d]">&gt;&gt;</a>&nbsp;&nbsp;&nbsp;GPIOC3_Handler
</UL>
<BR>[Called By]<UL><LI><a href="#[1d]">&gt;&gt;</a>&nbsp;&nbsp;&nbsp;GPIOC3_Handler
</UL>
<BR>[Address Reference Count : 1]<UL><LI> startup_swm320.o(RESET)
</UL>
<P><STRONG><a name="[1e]"></a>GPIOC4_Handler</STRONG> (Thumb, 2 bytes, Stack size 0 bytes, startup_swm320.o(.text))
<BR><BR>[Calls]<UL><LI><a href="#[1e]">&gt;&gt;</a>&nbsp;&nbsp;&nbsp;GPIOC4_Handler
</UL>
<BR>[Called By]<UL><LI><a href="#[1e]">&gt;&gt;</a>&nbsp;&nbsp;&nbsp;GPIOC4_Handler
</UL>
<BR>[Address Reference Count : 1]<UL><LI> startup_swm320.o(RESET)
</UL>
<P><STRONG><a name="[1f]"></a>GPIOC5_Handler</STRONG> (Thumb, 2 bytes, Stack size 0 bytes, startup_swm320.o(.text))
<BR><BR>[Calls]<UL><LI><a href="#[1f]">&gt;&gt;</a>&nbsp;&nbsp;&nbsp;GPIOC5_Handler
</UL>
<BR>[Called By]<UL><LI><a href="#[1f]">&gt;&gt;</a>&nbsp;&nbsp;&nbsp;GPIOC5_Handler
</UL>
<BR>[Address Reference Count : 1]<UL><LI> startup_swm320.o(RESET)
</UL>
<P><STRONG><a name="[20]"></a>GPIOC6_Handler</STRONG> (Thumb, 2 bytes, Stack size 0 bytes, startup_swm320.o(.text))
<BR><BR>[Calls]<UL><LI><a href="#[20]">&gt;&gt;</a>&nbsp;&nbsp;&nbsp;GPIOC6_Handler
</UL>
<BR>[Called By]<UL><LI><a href="#[20]">&gt;&gt;</a>&nbsp;&nbsp;&nbsp;GPIOC6_Handler
</UL>
<BR>[Address Reference Count : 1]<UL><LI> startup_swm320.o(RESET)
</UL>
<P><STRONG><a name="[21]"></a>GPIOC7_Handler</STRONG> (Thumb, 2 bytes, Stack size 0 bytes, startup_swm320.o(.text))
<BR><BR>[Calls]<UL><LI><a href="#[21]">&gt;&gt;</a>&nbsp;&nbsp;&nbsp;GPIOC7_Handler
</UL>
<BR>[Called By]<UL><LI><a href="#[21]">&gt;&gt;</a>&nbsp;&nbsp;&nbsp;GPIOC7_Handler
</UL>
<BR>[Address Reference Count : 1]<UL><LI> startup_swm320.o(RESET)
</UL>
<P><STRONG><a name="[22]"></a>GPIOM0_Handler</STRONG> (Thumb, 2 bytes, Stack size 0 bytes, startup_swm320.o(.text))
<BR><BR>[Calls]<UL><LI><a href="#[22]">&gt;&gt;</a>&nbsp;&nbsp;&nbsp;GPIOM0_Handler
</UL>
<BR>[Called By]<UL><LI><a href="#[22]">&gt;&gt;</a>&nbsp;&nbsp;&nbsp;GPIOM0_Handler
</UL>
<BR>[Address Reference Count : 1]<UL><LI> startup_swm320.o(RESET)
</UL>
<P><STRONG><a name="[23]"></a>GPIOM1_Handler</STRONG> (Thumb, 2 bytes, Stack size 0 bytes, startup_swm320.o(.text))
<BR><BR>[Calls]<UL><LI><a href="#[23]">&gt;&gt;</a>&nbsp;&nbsp;&nbsp;GPIOM1_Handler
</UL>
<BR>[Called By]<UL><LI><a href="#[23]">&gt;&gt;</a>&nbsp;&nbsp;&nbsp;GPIOM1_Handler
</UL>
<BR>[Address Reference Count : 1]<UL><LI> startup_swm320.o(RESET)
</UL>
<P><STRONG><a name="[24]"></a>GPIOM2_Handler</STRONG> (Thumb, 2 bytes, Stack size 0 bytes, startup_swm320.o(.text))
<BR><BR>[Calls]<UL><LI><a href="#[24]">&gt;&gt;</a>&nbsp;&nbsp;&nbsp;GPIOM2_Handler
</UL>
<BR>[Called By]<UL><LI><a href="#[24]">&gt;&gt;</a>&nbsp;&nbsp;&nbsp;GPIOM2_Handler
</UL>
<BR>[Address Reference Count : 1]<UL><LI> startup_swm320.o(RESET)
</UL>
<P><STRONG><a name="[25]"></a>GPIOM3_Handler</STRONG> (Thumb, 2 bytes, Stack size 0 bytes, startup_swm320.o(.text))
<BR><BR>[Calls]<UL><LI><a href="#[25]">&gt;&gt;</a>&nbsp;&nbsp;&nbsp;GPIOM3_Handler
</UL>
<BR>[Called By]<UL><LI><a href="#[25]">&gt;&gt;</a>&nbsp;&nbsp;&nbsp;GPIOM3_Handler
</UL>
<BR>[Address Reference Count : 1]<UL><LI> startup_swm320.o(RESET)
</UL>
<P><STRONG><a name="[26]"></a>GPIOM4_Handler</STRONG> (Thumb, 2 bytes, Stack size 0 bytes, startup_swm320.o(.text))
<BR><BR>[Calls]<UL><LI><a href="#[26]">&gt;&gt;</a>&nbsp;&nbsp;&nbsp;GPIOM4_Handler
</UL>
<BR>[Called By]<UL><LI><a href="#[26]">&gt;&gt;</a>&nbsp;&nbsp;&nbsp;GPIOM4_Handler
</UL>
<BR>[Address Reference Count : 1]<UL><LI> startup_swm320.o(RESET)
</UL>
<P><STRONG><a name="[27]"></a>GPIOM5_Handler</STRONG> (Thumb, 2 bytes, Stack size 0 bytes, startup_swm320.o(.text))
<BR><BR>[Calls]<UL><LI><a href="#[27]">&gt;&gt;</a>&nbsp;&nbsp;&nbsp;GPIOM5_Handler
</UL>
<BR>[Called By]<UL><LI><a href="#[27]">&gt;&gt;</a>&nbsp;&nbsp;&nbsp;GPIOM5_Handler
</UL>
<BR>[Address Reference Count : 1]<UL><LI> startup_swm320.o(RESET)
</UL>
<P><STRONG><a name="[28]"></a>GPIOM6_Handler</STRONG> (Thumb, 2 bytes, Stack size 0 bytes, startup_swm320.o(.text))
<BR><BR>[Calls]<UL><LI><a href="#[28]">&gt;&gt;</a>&nbsp;&nbsp;&nbsp;GPIOM6_Handler
</UL>
<BR>[Called By]<UL><LI><a href="#[28]">&gt;&gt;</a>&nbsp;&nbsp;&nbsp;GPIOM6_Handler
</UL>
<BR>[Address Reference Count : 1]<UL><LI> startup_swm320.o(RESET)
</UL>
<P><STRONG><a name="[29]"></a>GPIOM7_Handler</STRONG> (Thumb, 2 bytes, Stack size 0 bytes, startup_swm320.o(.text))
<BR><BR>[Calls]<UL><LI><a href="#[29]">&gt;&gt;</a>&nbsp;&nbsp;&nbsp;GPIOM7_Handler
</UL>
<BR>[Called By]<UL><LI><a href="#[29]">&gt;&gt;</a>&nbsp;&nbsp;&nbsp;GPIOM7_Handler
</UL>
<BR>[Address Reference Count : 1]<UL><LI> startup_swm320.o(RESET)
</UL>
<P><STRONG><a name="[2a]"></a>DMA_Handler</STRONG> (Thumb, 2 bytes, Stack size 0 bytes, startup_swm320.o(.text))
<BR><BR>[Calls]<UL><LI><a href="#[2a]">&gt;&gt;</a>&nbsp;&nbsp;&nbsp;DMA_Handler
</UL>
<BR>[Called By]<UL><LI><a href="#[2a]">&gt;&gt;</a>&nbsp;&nbsp;&nbsp;DMA_Handler
</UL>
<BR>[Address Reference Count : 1]<UL><LI> startup_swm320.o(RESET)
</UL>
<P><STRONG><a name="[2c]"></a>NORFLC_Handler</STRONG> (Thumb, 2 bytes, Stack size 0 bytes, startup_swm320.o(.text))
<BR><BR>[Calls]<UL><LI><a href="#[2c]">&gt;&gt;</a>&nbsp;&nbsp;&nbsp;NORFLC_Handler
</UL>
<BR>[Called By]<UL><LI><a href="#[2c]">&gt;&gt;</a>&nbsp;&nbsp;&nbsp;NORFLC_Handler
</UL>
<BR>[Address Reference Count : 1]<UL><LI> startup_swm320.o(RESET)
</UL>
<P><STRONG><a name="[2d]"></a>CAN_Handler</STRONG> (Thumb, 2 bytes, Stack size 0 bytes, startup_swm320.o(.text))
<BR><BR>[Calls]<UL><LI><a href="#[2d]">&gt;&gt;</a>&nbsp;&nbsp;&nbsp;CAN_Handler
</UL>
<BR>[Called By]<UL><LI><a href="#[2d]">&gt;&gt;</a>&nbsp;&nbsp;&nbsp;CAN_Handler
</UL>
<BR>[Address Reference Count : 1]<UL><LI> startup_swm320.o(RESET)
</UL>
<P><STRONG><a name="[2e]"></a>PULSE_Handler</STRONG> (Thumb, 2 bytes, Stack size 0 bytes, startup_swm320.o(.text))
<BR><BR>[Calls]<UL><LI><a href="#[2e]">&gt;&gt;</a>&nbsp;&nbsp;&nbsp;PULSE_Handler
</UL>
<BR>[Called By]<UL><LI><a href="#[2e]">&gt;&gt;</a>&nbsp;&nbsp;&nbsp;PULSE_Handler
</UL>
<BR>[Address Reference Count : 1]<UL><LI> startup_swm320.o(RESET)
</UL>
<P><STRONG><a name="[2f]"></a>WDT_Handler</STRONG> (Thumb, 2 bytes, Stack size 0 bytes, startup_swm320.o(.text))
<BR><BR>[Calls]<UL><LI><a href="#[2f]">&gt;&gt;</a>&nbsp;&nbsp;&nbsp;WDT_Handler
</UL>
<BR>[Called By]<UL><LI><a href="#[2f]">&gt;&gt;</a>&nbsp;&nbsp;&nbsp;WDT_Handler
</UL>
<BR>[Address Reference Count : 1]<UL><LI> startup_swm320.o(RESET)
</UL>
<P><STRONG><a name="[30]"></a>PWM_Handler</STRONG> (Thumb, 2 bytes, Stack size 0 bytes, startup_swm320.o(.text))
<BR><BR>[Calls]<UL><LI><a href="#[30]">&gt;&gt;</a>&nbsp;&nbsp;&nbsp;PWM_Handler
</UL>
<BR>[Called By]<UL><LI><a href="#[30]">&gt;&gt;</a>&nbsp;&nbsp;&nbsp;PWM_Handler
</UL>
<BR>[Address Reference Count : 1]<UL><LI> startup_swm320.o(RESET)
</UL>
<P><STRONG><a name="[31]"></a>UART0_Handler</STRONG> (Thumb, 2 bytes, Stack size 0 bytes, startup_swm320.o(.text))
<BR><BR>[Calls]<UL><LI><a href="#[31]">&gt;&gt;</a>&nbsp;&nbsp;&nbsp;UART0_Handler
</UL>
<BR>[Called By]<UL><LI><a href="#[31]">&gt;&gt;</a>&nbsp;&nbsp;&nbsp;UART0_Handler
</UL>
<BR>[Address Reference Count : 1]<UL><LI> startup_swm320.o(RESET)
</UL>
<P><STRONG><a name="[32]"></a>UART1_Handler</STRONG> (Thumb, 2 bytes, Stack size 0 bytes, startup_swm320.o(.text))
<BR><BR>[Calls]<UL><LI><a href="#[32]">&gt;&gt;</a>&nbsp;&nbsp;&nbsp;UART1_Handler
</UL>
<BR>[Called By]<UL><LI><a href="#[32]">&gt;&gt;</a>&nbsp;&nbsp;&nbsp;UART1_Handler
</UL>
<BR>[Address Reference Count : 1]<UL><LI> startup_swm320.o(RESET)
</UL>
<P><STRONG><a name="[33]"></a>UART2_Handler</STRONG> (Thumb, 2 bytes, Stack size 0 bytes, startup_swm320.o(.text))
<BR><BR>[Calls]<UL><LI><a href="#[33]">&gt;&gt;</a>&nbsp;&nbsp;&nbsp;UART2_Handler
</UL>
<BR>[Called By]<UL><LI><a href="#[33]">&gt;&gt;</a>&nbsp;&nbsp;&nbsp;UART2_Handler
</UL>
<BR>[Address Reference Count : 1]<UL><LI> startup_swm320.o(RESET)
</UL>
<P><STRONG><a name="[34]"></a>UART3_Handler</STRONG> (Thumb, 2 bytes, Stack size 0 bytes, startup_swm320.o(.text))
<BR><BR>[Calls]<UL><LI><a href="#[34]">&gt;&gt;</a>&nbsp;&nbsp;&nbsp;UART3_Handler
</UL>
<BR>[Called By]<UL><LI><a href="#[34]">&gt;&gt;</a>&nbsp;&nbsp;&nbsp;UART3_Handler
</UL>
<BR>[Address Reference Count : 1]<UL><LI> startup_swm320.o(RESET)
</UL>
<P><STRONG><a name="[35]"></a>I2C0_Handler</STRONG> (Thumb, 2 bytes, Stack size 0 bytes, startup_swm320.o(.text))
<BR><BR>[Calls]<UL><LI><a href="#[35]">&gt;&gt;</a>&nbsp;&nbsp;&nbsp;I2C0_Handler
</UL>
<BR>[Called By]<UL><LI><a href="#[35]">&gt;&gt;</a>&nbsp;&nbsp;&nbsp;I2C0_Handler
</UL>
<BR>[Address Reference Count : 1]<UL><LI> startup_swm320.o(RESET)
</UL>
<P><STRONG><a name="[36]"></a>I2C1_Handler</STRONG> (Thumb, 2 bytes, Stack size 0 bytes, startup_swm320.o(.text))
<BR><BR>[Calls]<UL><LI><a href="#[36]">&gt;&gt;</a>&nbsp;&nbsp;&nbsp;I2C1_Handler
</UL>
<BR>[Called By]<UL><LI><a href="#[36]">&gt;&gt;</a>&nbsp;&nbsp;&nbsp;I2C1_Handler
</UL>
<BR>[Address Reference Count : 1]<UL><LI> startup_swm320.o(RESET)
</UL>
<P><STRONG><a name="[37]"></a>SPI0_Handler</STRONG> (Thumb, 2 bytes, Stack size 0 bytes, startup_swm320.o(.text))
<BR><BR>[Calls]<UL><LI><a href="#[37]">&gt;&gt;</a>&nbsp;&nbsp;&nbsp;SPI0_Handler
</UL>
<BR>[Called By]<UL><LI><a href="#[37]">&gt;&gt;</a>&nbsp;&nbsp;&nbsp;SPI0_Handler
</UL>
<BR>[Address Reference Count : 1]<UL><LI> startup_swm320.o(RESET)
</UL>
<P><STRONG><a name="[38]"></a>ADC0_Handler</STRONG> (Thumb, 2 bytes, Stack size 0 bytes, startup_swm320.o(.text))
<BR><BR>[Calls]<UL><LI><a href="#[38]">&gt;&gt;</a>&nbsp;&nbsp;&nbsp;ADC0_Handler
</UL>
<BR>[Called By]<UL><LI><a href="#[38]">&gt;&gt;</a>&nbsp;&nbsp;&nbsp;ADC0_Handler
</UL>
<BR>[Address Reference Count : 1]<UL><LI> startup_swm320.o(RESET)
</UL>
<P><STRONG><a name="[39]"></a>RTC_Handler</STRONG> (Thumb, 2 bytes, Stack size 0 bytes, startup_swm320.o(.text))
<BR><BR>[Calls]<UL><LI><a href="#[39]">&gt;&gt;</a>&nbsp;&nbsp;&nbsp;RTC_Handler
</UL>
<BR>[Called By]<UL><LI><a href="#[39]">&gt;&gt;</a>&nbsp;&nbsp;&nbsp;RTC_Handler
</UL>
<BR>[Address Reference Count : 1]<UL><LI> startup_swm320.o(RESET)
</UL>
<P><STRONG><a name="[3a]"></a>BOD_Handler</STRONG> (Thumb, 2 bytes, Stack size 0 bytes, startup_swm320.o(.text))
<BR><BR>[Calls]<UL><LI><a href="#[3a]">&gt;&gt;</a>&nbsp;&nbsp;&nbsp;BOD_Handler
</UL>
<BR>[Called By]<UL><LI><a href="#[3a]">&gt;&gt;</a>&nbsp;&nbsp;&nbsp;BOD_Handler
</UL>
<BR>[Address Reference Count : 1]<UL><LI> startup_swm320.o(RESET)
</UL>
<P><STRONG><a name="[3b]"></a>SDIO_Handler</STRONG> (Thumb, 2 bytes, Stack size 0 bytes, startup_swm320.o(.text))
<BR><BR>[Calls]<UL><LI><a href="#[3b]">&gt;&gt;</a>&nbsp;&nbsp;&nbsp;SDIO_Handler
</UL>
<BR>[Called By]<UL><LI><a href="#[3b]">&gt;&gt;</a>&nbsp;&nbsp;&nbsp;SDIO_Handler
</UL>
<BR>[Address Reference Count : 1]<UL><LI> startup_swm320.o(RESET)
</UL>
<P><STRONG><a name="[3c]"></a>GPIOA_Handler</STRONG> (Thumb, 2 bytes, Stack size 0 bytes, startup_swm320.o(.text))
<BR><BR>[Calls]<UL><LI><a href="#[3c]">&gt;&gt;</a>&nbsp;&nbsp;&nbsp;GPIOA_Handler
</UL>
<BR>[Called By]<UL><LI><a href="#[3c]">&gt;&gt;</a>&nbsp;&nbsp;&nbsp;GPIOA_Handler
</UL>
<BR>[Address Reference Count : 1]<UL><LI> startup_swm320.o(RESET)
</UL>
<P><STRONG><a name="[3d]"></a>GPIOB_Handler</STRONG> (Thumb, 2 bytes, Stack size 0 bytes, startup_swm320.o(.text))
<BR><BR>[Calls]<UL><LI><a href="#[3d]">&gt;&gt;</a>&nbsp;&nbsp;&nbsp;GPIOB_Handler
</UL>
<BR>[Called By]<UL><LI><a href="#[3d]">&gt;&gt;</a>&nbsp;&nbsp;&nbsp;GPIOB_Handler
</UL>
<BR>[Address Reference Count : 1]<UL><LI> startup_swm320.o(RESET)
</UL>
<P><STRONG><a name="[3e]"></a>GPIOC_Handler</STRONG> (Thumb, 2 bytes, Stack size 0 bytes, startup_swm320.o(.text))
<BR><BR>[Calls]<UL><LI><a href="#[3e]">&gt;&gt;</a>&nbsp;&nbsp;&nbsp;GPIOC_Handler
</UL>
<BR>[Called By]<UL><LI><a href="#[3e]">&gt;&gt;</a>&nbsp;&nbsp;&nbsp;GPIOC_Handler
</UL>
<BR>[Address Reference Count : 1]<UL><LI> startup_swm320.o(RESET)
</UL>
<P><STRONG><a name="[3f]"></a>GPIOM_Handler</STRONG> (Thumb, 2 bytes, Stack size 0 bytes, startup_swm320.o(.text))
<BR><BR>[Calls]<UL><LI><a href="#[3f]">&gt;&gt;</a>&nbsp;&nbsp;&nbsp;GPIOM_Handler
</UL>
<BR>[Called By]<UL><LI><a href="#[3f]">&gt;&gt;</a>&nbsp;&nbsp;&nbsp;GPIOM_Handler
</UL>
<BR>[Address Reference Count : 1]<UL><LI> startup_swm320.o(RESET)
</UL>
<P><STRONG><a name="[40]"></a>GPION_Handler</STRONG> (Thumb, 2 bytes, Stack size 0 bytes, startup_swm320.o(.text))
<BR><BR>[Calls]<UL><LI><a href="#[40]">&gt;&gt;</a>&nbsp;&nbsp;&nbsp;GPION_Handler
</UL>
<BR>[Called By]<UL><LI><a href="#[40]">&gt;&gt;</a>&nbsp;&nbsp;&nbsp;GPION_Handler
</UL>
<BR>[Address Reference Count : 1]<UL><LI> startup_swm320.o(RESET)
</UL>
<P><STRONG><a name="[41]"></a>GPIOP_Handler</STRONG> (Thumb, 2 bytes, Stack size 0 bytes, startup_swm320.o(.text))
<BR><BR>[Calls]<UL><LI><a href="#[41]">&gt;&gt;</a>&nbsp;&nbsp;&nbsp;GPIOP_Handler
</UL>
<BR>[Called By]<UL><LI><a href="#[41]">&gt;&gt;</a>&nbsp;&nbsp;&nbsp;GPIOP_Handler
</UL>
<BR>[Address Reference Count : 1]<UL><LI> startup_swm320.o(RESET)
</UL>
<P><STRONG><a name="[42]"></a>ADC1_Handler</STRONG> (Thumb, 2 bytes, Stack size 0 bytes, startup_swm320.o(.text))
<BR><BR>[Calls]<UL><LI><a href="#[42]">&gt;&gt;</a>&nbsp;&nbsp;&nbsp;ADC1_Handler
</UL>
<BR>[Called By]<UL><LI><a href="#[42]">&gt;&gt;</a>&nbsp;&nbsp;&nbsp;ADC1_Handler
</UL>
<BR>[Address Reference Count : 1]<UL><LI> startup_swm320.o(RESET)
</UL>
<P><STRONG><a name="[43]"></a>FPU_Handler</STRONG> (Thumb, 2 bytes, Stack size 0 bytes, startup_swm320.o(.text))
<BR><BR>[Calls]<UL><LI><a href="#[43]">&gt;&gt;</a>&nbsp;&nbsp;&nbsp;FPU_Handler
</UL>
<BR>[Called By]<UL><LI><a href="#[43]">&gt;&gt;</a>&nbsp;&nbsp;&nbsp;FPU_Handler
</UL>
<BR>[Address Reference Count : 1]<UL><LI> startup_swm320.o(RESET)
</UL>
<P><STRONG><a name="[44]"></a>SPI1_Handler</STRONG> (Thumb, 2 bytes, Stack size 0 bytes, startup_swm320.o(.text))
<BR><BR>[Calls]<UL><LI><a href="#[44]">&gt;&gt;</a>&nbsp;&nbsp;&nbsp;SPI1_Handler
</UL>
<BR>[Called By]<UL><LI><a href="#[44]">&gt;&gt;</a>&nbsp;&nbsp;&nbsp;SPI1_Handler
</UL>
<BR>[Address Reference Count : 1]<UL><LI> startup_swm320.o(RESET)
</UL>
<P><STRONG><a name="[45]"></a>TIMR0_Handler</STRONG> (Thumb, 2 bytes, Stack size 0 bytes, startup_swm320.o(.text))
<BR><BR>[Calls]<UL><LI><a href="#[45]">&gt;&gt;</a>&nbsp;&nbsp;&nbsp;TIMR0_Handler
</UL>
<BR>[Called By]<UL><LI><a href="#[45]">&gt;&gt;</a>&nbsp;&nbsp;&nbsp;TIMR0_Handler
</UL>
<BR>[Address Reference Count : 1]<UL><LI> startup_swm320.o(RESET)
</UL>
<P><STRONG><a name="[46]"></a>TIMR1_Handler</STRONG> (Thumb, 2 bytes, Stack size 0 bytes, startup_swm320.o(.text))
<BR><BR>[Calls]<UL><LI><a href="#[46]">&gt;&gt;</a>&nbsp;&nbsp;&nbsp;TIMR1_Handler
</UL>
<BR>[Called By]<UL><LI><a href="#[46]">&gt;&gt;</a>&nbsp;&nbsp;&nbsp;TIMR1_Handler
</UL>
<BR>[Address Reference Count : 1]<UL><LI> startup_swm320.o(RESET)
</UL>
<P><STRONG><a name="[47]"></a>TIMR2_Handler</STRONG> (Thumb, 2 bytes, Stack size 0 bytes, startup_swm320.o(.text))
<BR><BR>[Calls]<UL><LI><a href="#[47]">&gt;&gt;</a>&nbsp;&nbsp;&nbsp;TIMR2_Handler
</UL>
<BR>[Called By]<UL><LI><a href="#[47]">&gt;&gt;</a>&nbsp;&nbsp;&nbsp;TIMR2_Handler
</UL>
<BR>[Address Reference Count : 1]<UL><LI> startup_swm320.o(RESET)
</UL>
<P><STRONG><a name="[48]"></a>TIMR3_Handler</STRONG> (Thumb, 2 bytes, Stack size 0 bytes, startup_swm320.o(.text))
<BR><BR>[Calls]<UL><LI><a href="#[48]">&gt;&gt;</a>&nbsp;&nbsp;&nbsp;TIMR3_Handler
</UL>
<BR>[Called By]<UL><LI><a href="#[48]">&gt;&gt;</a>&nbsp;&nbsp;&nbsp;TIMR3_Handler
</UL>
<BR>[Address Reference Count : 1]<UL><LI> startup_swm320.o(RESET)
</UL>
<P><STRONG><a name="[49]"></a>TIMR4_Handler</STRONG> (Thumb, 2 bytes, Stack size 0 bytes, startup_swm320.o(.text))
<BR><BR>[Calls]<UL><LI><a href="#[49]">&gt;&gt;</a>&nbsp;&nbsp;&nbsp;TIMR4_Handler
</UL>
<BR>[Called By]<UL><LI><a href="#[49]">&gt;&gt;</a>&nbsp;&nbsp;&nbsp;TIMR4_Handler
</UL>
<BR>[Address Reference Count : 1]<UL><LI> startup_swm320.o(RESET)
</UL>
<P><STRONG><a name="[4a]"></a>TIMR5_Handler</STRONG> (Thumb, 2 bytes, Stack size 0 bytes, startup_swm320.o(.text))
<BR><BR>[Calls]<UL><LI><a href="#[4a]">&gt;&gt;</a>&nbsp;&nbsp;&nbsp;TIMR5_Handler
</UL>
<BR>[Called By]<UL><LI><a href="#[4a]">&gt;&gt;</a>&nbsp;&nbsp;&nbsp;TIMR5_Handler
</UL>
<BR>[Address Reference Count : 1]<UL><LI> startup_swm320.o(RESET)
</UL>
<P><STRONG><a name="[147]"></a>__aeabi_memcpy</STRONG> (Thumb, 36 bytes, Stack size 0 bytes, memcpya.o(.text), UNUSED)

<P><STRONG><a name="[67]"></a>__aeabi_memcpy4</STRONG> (Thumb, 0 bytes, Stack size 0 bytes, memcpya.o(.text))
<BR><BR>[Called By]<UL><LI><a href="#[60]">&gt;&gt;</a>&nbsp;&nbsp;&nbsp;UG_FontSelect
</UL>

<P><STRONG><a name="[148]"></a>__aeabi_memcpy8</STRONG> (Thumb, 0 bytes, Stack size 0 bytes, memcpya.o(.text), UNUSED)

<P><STRONG><a name="[4e]"></a>__scatterload</STRONG> (Thumb, 28 bytes, Stack size 0 bytes, init.o(.text))
<BR><BR>[Calls]<UL><LI><a href="#[e4]">&gt;&gt;</a>&nbsp;&nbsp;&nbsp;__main_after_scatterload
</UL>
<BR>[Called By]<UL><LI><a href="#[4d]">&gt;&gt;</a>&nbsp;&nbsp;&nbsp;_main_scatterload
</UL>

<P><STRONG><a name="[149]"></a>__scatterload_rt2</STRONG> (Thumb, 0 bytes, Stack size 0 bytes, init.o(.text), UNUSED)

<P><STRONG><a name="[14a]"></a>__scatterload_copy</STRONG> (Thumb, 14 bytes, Stack size unknown bytes, handlers.o(i.__scatterload_copy), UNUSED)

<P><STRONG><a name="[14b]"></a>__scatterload_null</STRONG> (Thumb, 2 bytes, Stack size unknown bytes, handlers.o(i.__scatterload_null), UNUSED)

<P><STRONG><a name="[14c]"></a>__scatterload_zeroinit</STRONG> (Thumb, 14 bytes, Stack size unknown bytes, handlers.o(i.__scatterload_zeroinit), UNUSED)
<P>
<H3>
Local Symbols
</H3>
<P><STRONG><a name="[dd]"></a>NVIC_EnableIRQ</STRONG> (Thumb, 22 bytes, Stack size 0 bytes, swm320_uart.o(.text))
<BR><BR>[Called By]<UL><LI><a href="#[57]">&gt;&gt;</a>&nbsp;&nbsp;&nbsp;UART_Init
</UL>

<P><STRONG><a name="[de]"></a>NVIC_DisableIRQ</STRONG> (Thumb, 22 bytes, Stack size 0 bytes, swm320_uart.o(.text))
<BR><BR>[Called By]<UL><LI><a href="#[57]">&gt;&gt;</a>&nbsp;&nbsp;&nbsp;UART_Init
</UL>
<P>
<H3>
Undefined Global Symbols
</H3><HR></body></html>
