Component: ARM Compiler 5.05 update 1 (build 106) Tool: armlink [4d0efa]

==============================================================================

Section Cross References

    system_swm320.o(i.SystemCoreClockUpdate) refers to system_swm320.o(.data) for SystemCoreClock
    system_swm320.o(i.SystemInit) refers to system_swm320.o(i.PLLInit) for PLLInit
    system_swm320.o(i.SystemInit) refers to system_swm320.o(i.SystemCoreClockUpdate) for SystemCoreClockUpdate
    startup_swm320.o(RESET) refers to startup_swm320.o(STACK) for __initial_sp
    startup_swm320.o(RESET) refers to startup_swm320.o(.text) for Reset_Handler
    startup_swm320.o(RESET) refers to bsp_systick.o(i.SysTick_Handler) for SysTick_Handler
    startup_swm320.o(.text) refers to entry.o(.ARM.Collect$$$$00000000) for __main
    main.o(i.main) refers to system_swm320.o(i.SystemInit) for SystemInit
    main.o(i.main) refers to bsp_uart.o(i.SerialInit) for SerialInit
    main.o(i.main) refers to bsp_systick.o(i.SysTick_Init) for SysTick_Init
    main.o(i.main) refers to bsp_spiflash.o(i.SPI_Flash_Init) for SPI_Flash_Init
    main.o(i.main) refers to printf5.o(i.__0printf$5) for __2printf
    main.o(i.main) refers to bsp_spiflash.o(i.SPI_FLASH_ReadDeviceID) for SPI_FLASH_ReadDeviceID
    main.o(i.main) refers to bsp_systick.o(i.SWM_Delay) for SWM_Delay
    main.o(i.main) refers to bsp_spiflash.o(i.SPI_FLASH_ReadID) for SPI_FLASH_ReadID
    main.o(i.main) refers to bsp_spiflash.o(i.SPI_FLASH_SectorErase) for SPI_FLASH_SectorErase
    main.o(i.main) refers to bsp_spiflash.o(i.SPI_FLASH_BufferWrite) for SPI_FLASH_BufferWrite
    main.o(i.main) refers to bsp_spiflash.o(i.SPI_FLASH_BufferRead) for SPI_FLASH_BufferRead
    main.o(i.main) refers to main.o(.data) for Tx_Buffer
    main.o(i.main) refers to main.o(.bss) for Rx_Buffer
    swm320_gpio.o(i.GPIO_Init) refers to swm320_port.o(i.PORT_Init) for PORT_Init
    swm320_spi.o(i.SPI_Init) refers to swm320_spi.o(i.SPI_Close) for SPI_Close
    swm320_spi.o(i.SPI_Init) refers to swm320_spi.o(i.NVIC_EnableIRQ) for NVIC_EnableIRQ
    swm320_spi.o(i.SPI_Init) refers to swm320_spi.o(i.NVIC_DisableIRQ) for NVIC_DisableIRQ
    swm320_uart.o(i.UART_Init) refers to swm320_uart.o(i.UART_Close) for UART_Close
    swm320_uart.o(i.UART_Init) refers to swm320_uart.o(i.NVIC_EnableIRQ) for NVIC_EnableIRQ
    swm320_uart.o(i.UART_Init) refers to swm320_uart.o(i.NVIC_DisableIRQ) for NVIC_DisableIRQ
    swm320_uart.o(i.UART_Init) refers to system_swm320.o(.data) for SystemCoreClock
    swm320_uart.o(i.UART_SetBaudrate) refers to system_swm320.o(.data) for SystemCoreClock
    bsp_systick.o(i.SWM_Delay) refers to bsp_systick.o(i.SWM_GetTick) for SWM_GetTick
    bsp_systick.o(i.SWM_GetTick) refers to bsp_systick.o(.data) for uwTick
    bsp_systick.o(i.SWM_IncTick) refers to bsp_systick.o(.data) for uwTick
    bsp_systick.o(i.SysTick_Handler) refers to bsp_systick.o(i.SWM_IncTick) for SWM_IncTick
    bsp_systick.o(i.SysTick_Init) refers to system_swm320.o(.data) for SystemCoreClock
    bsp_uart.o(i.SerialInit) refers to swm320_port.o(i.PORT_Init) for PORT_Init
    bsp_uart.o(i.SerialInit) refers to swm320_uart.o(i.UART_Init) for UART_Init
    bsp_uart.o(i.SerialInit) refers to swm320_uart.o(i.UART_Open) for UART_Open
    bsp_uart.o(i.fputc) refers to swm320_uart.o(i.UART_WriteByte) for UART_WriteByte
    bsp_uart.o(i.fputc) refers to swm320_uart.o(i.UART_IsTXBusy) for UART_IsTXBusy
    bsp_spiflash.o(i.SPI_FLASH_BufferRead) refers to swm320_gpio.o(i.GPIO_ClrBit) for GPIO_ClrBit
    bsp_spiflash.o(i.SPI_FLASH_BufferRead) refers to swm320_spi.o(i.SPI_ReadWrite) for SPI_ReadWrite
    bsp_spiflash.o(i.SPI_FLASH_BufferRead) refers to swm320_gpio.o(i.GPIO_SetBit) for GPIO_SetBit
    bsp_spiflash.o(i.SPI_FLASH_BufferWrite) refers to bsp_spiflash.o(i.SPI_FLASH_PageWrite) for SPI_FLASH_PageWrite
    bsp_spiflash.o(i.SPI_FLASH_PageWrite) refers to bsp_spiflash.o(i.SPI_FLASH_WriteEnable) for SPI_FLASH_WriteEnable
    bsp_spiflash.o(i.SPI_FLASH_PageWrite) refers to swm320_gpio.o(i.GPIO_ClrBit) for GPIO_ClrBit
    bsp_spiflash.o(i.SPI_FLASH_PageWrite) refers to swm320_spi.o(i.SPI_ReadWrite) for SPI_ReadWrite
    bsp_spiflash.o(i.SPI_FLASH_PageWrite) refers to printf5.o(i.__0printf$5) for __2printf
    bsp_spiflash.o(i.SPI_FLASH_PageWrite) refers to swm320_gpio.o(i.GPIO_SetBit) for GPIO_SetBit
    bsp_spiflash.o(i.SPI_FLASH_PageWrite) refers to bsp_spiflash.o(i.SPI_FLASH_WaitForWriteEnd) for SPI_FLASH_WaitForWriteEnd
    bsp_spiflash.o(i.SPI_FLASH_ReadDeviceID) refers to swm320_gpio.o(i.GPIO_ClrBit) for GPIO_ClrBit
    bsp_spiflash.o(i.SPI_FLASH_ReadDeviceID) refers to swm320_spi.o(i.SPI_ReadWrite) for SPI_ReadWrite
    bsp_spiflash.o(i.SPI_FLASH_ReadDeviceID) refers to swm320_gpio.o(i.GPIO_SetBit) for GPIO_SetBit
    bsp_spiflash.o(i.SPI_FLASH_ReadID) refers to swm320_gpio.o(i.GPIO_ClrBit) for GPIO_ClrBit
    bsp_spiflash.o(i.SPI_FLASH_ReadID) refers to swm320_spi.o(i.SPI_ReadWrite) for SPI_ReadWrite
    bsp_spiflash.o(i.SPI_FLASH_ReadID) refers to swm320_gpio.o(i.GPIO_SetBit) for GPIO_SetBit
    bsp_spiflash.o(i.SPI_FLASH_SectorErase) refers to bsp_spiflash.o(i.SPI_FLASH_WriteEnable) for SPI_FLASH_WriteEnable
    bsp_spiflash.o(i.SPI_FLASH_SectorErase) refers to bsp_spiflash.o(i.SPI_FLASH_WaitForWriteEnd) for SPI_FLASH_WaitForWriteEnd
    bsp_spiflash.o(i.SPI_FLASH_SectorErase) refers to swm320_gpio.o(i.GPIO_ClrBit) for GPIO_ClrBit
    bsp_spiflash.o(i.SPI_FLASH_SectorErase) refers to swm320_spi.o(i.SPI_ReadWrite) for SPI_ReadWrite
    bsp_spiflash.o(i.SPI_FLASH_SectorErase) refers to swm320_gpio.o(i.GPIO_SetBit) for GPIO_SetBit
    bsp_spiflash.o(i.SPI_FLASH_WaitForWriteEnd) refers to swm320_gpio.o(i.GPIO_ClrBit) for GPIO_ClrBit
    bsp_spiflash.o(i.SPI_FLASH_WaitForWriteEnd) refers to swm320_spi.o(i.SPI_ReadWrite) for SPI_ReadWrite
    bsp_spiflash.o(i.SPI_FLASH_WaitForWriteEnd) refers to swm320_gpio.o(i.GPIO_SetBit) for GPIO_SetBit
    bsp_spiflash.o(i.SPI_FLASH_WaitForWriteEnd) refers to bsp_spiflash.o(.data) for SPITimeout
    bsp_spiflash.o(i.SPI_FLASH_WriteEnable) refers to swm320_gpio.o(i.GPIO_ClrBit) for GPIO_ClrBit
    bsp_spiflash.o(i.SPI_FLASH_WriteEnable) refers to swm320_spi.o(i.SPI_ReadWrite) for SPI_ReadWrite
    bsp_spiflash.o(i.SPI_FLASH_WriteEnable) refers to swm320_gpio.o(i.GPIO_SetBit) for GPIO_SetBit
    bsp_spiflash.o(i.SPI_Flash_Init) refers to swm320_gpio.o(i.GPIO_Init) for GPIO_Init
    bsp_spiflash.o(i.SPI_Flash_Init) refers to swm320_port.o(i.PORT_Init) for PORT_Init
    bsp_spiflash.o(i.SPI_Flash_Init) refers to swm320_spi.o(i.SPI_Init) for SPI_Init
    bsp_spiflash.o(i.SPI_Flash_Init) refers to swm320_spi.o(i.SPI_Open) for SPI_Open
    bsp_spiflash.o(i.SPI_Flash_PowerDown) refers to swm320_gpio.o(i.GPIO_ClrBit) for GPIO_ClrBit
    bsp_spiflash.o(i.SPI_Flash_PowerDown) refers to swm320_spi.o(i.SPI_ReadWrite) for SPI_ReadWrite
    bsp_spiflash.o(i.SPI_Flash_PowerDown) refers to swm320_gpio.o(i.GPIO_SetBit) for GPIO_SetBit
    entry.o(.ARM.Collect$$$$00000000) refers (Special) to entry10a.o(.ARM.Collect$$$$0000000D) for __rt_final_cpp
    entry.o(.ARM.Collect$$$$00000000) refers (Special) to entry11a.o(.ARM.Collect$$$$0000000F) for __rt_final_exit
    entry.o(.ARM.Collect$$$$00000000) refers (Special) to entry7b.o(.ARM.Collect$$$$00000008) for _main_clock
    entry.o(.ARM.Collect$$$$00000000) refers (Special) to entry8b.o(.ARM.Collect$$$$0000000A) for _main_cpp_init
    entry.o(.ARM.Collect$$$$00000000) refers (Special) to entry9a.o(.ARM.Collect$$$$0000000B) for _main_init
    entry.o(.ARM.Collect$$$$00000000) refers (Special) to entry5.o(.ARM.Collect$$$$00000004) for _main_scatterload
    entry.o(.ARM.Collect$$$$00000000) refers (Special) to entry2.o(.ARM.Collect$$$$00000001) for _main_stk
    printfb.o(i.__0fprintf$bare) refers to printfb.o(i._printf_core) for _printf_core
    printfb.o(i.__0fprintf$bare) refers to bsp_uart.o(i.fputc) for fputc
    printfb.o(i.__0printf$bare) refers to printfb.o(i._printf_core) for _printf_core
    printfb.o(i.__0printf$bare) refers to bsp_uart.o(i.fputc) for fputc
    printfb.o(i.__0printf$bare) refers to stdout.o(.data) for __stdout
    printfb.o(i.__0snprintf$bare) refers to printfb.o(i._printf_core) for _printf_core
    printfb.o(i.__0snprintf$bare) refers to printfb.o(i._snputc) for _snputc
    printfb.o(i.__0sprintf$bare) refers to printfb.o(i._printf_core) for _printf_core
    printfb.o(i.__0sprintf$bare) refers to printfb.o(i._sputc) for _sputc
    printfb.o(i.__0vfprintf$bare) refers to printfb.o(i._printf_core) for _printf_core
    printfb.o(i.__0vfprintf$bare) refers to bsp_uart.o(i.fputc) for fputc
    printfb.o(i.__0vprintf$bare) refers to printfb.o(i._printf_core) for _printf_core
    printfb.o(i.__0vprintf$bare) refers to bsp_uart.o(i.fputc) for fputc
    printfb.o(i.__0vprintf$bare) refers to stdout.o(.data) for __stdout
    printfb.o(i.__0vsnprintf$bare) refers to printfb.o(i._printf_core) for _printf_core
    printfb.o(i.__0vsnprintf$bare) refers to printfb.o(i._snputc) for _snputc
    printfb.o(i.__0vsprintf$bare) refers to printfb.o(i._printf_core) for _printf_core
    printfb.o(i.__0vsprintf$bare) refers to printfb.o(i._sputc) for _sputc
    printf0.o(i.__0fprintf$0) refers to printf0.o(i._printf_core) for _printf_core
    printf0.o(i.__0fprintf$0) refers to bsp_uart.o(i.fputc) for fputc
    printf0.o(i.__0printf$0) refers to printf0.o(i._printf_core) for _printf_core
    printf0.o(i.__0printf$0) refers to bsp_uart.o(i.fputc) for fputc
    printf0.o(i.__0printf$0) refers to stdout.o(.data) for __stdout
    printf0.o(i.__0snprintf$0) refers to printf0.o(i._printf_core) for _printf_core
    printf0.o(i.__0snprintf$0) refers to printf0.o(i._snputc) for _snputc
    printf0.o(i.__0sprintf$0) refers to printf0.o(i._printf_core) for _printf_core
    printf0.o(i.__0sprintf$0) refers to printf0.o(i._sputc) for _sputc
    printf0.o(i.__0vfprintf$0) refers to printf0.o(i._printf_core) for _printf_core
    printf0.o(i.__0vfprintf$0) refers to bsp_uart.o(i.fputc) for fputc
    printf0.o(i.__0vprintf$0) refers to printf0.o(i._printf_core) for _printf_core
    printf0.o(i.__0vprintf$0) refers to bsp_uart.o(i.fputc) for fputc
    printf0.o(i.__0vprintf$0) refers to stdout.o(.data) for __stdout
    printf0.o(i.__0vsnprintf$0) refers to printf0.o(i._printf_core) for _printf_core
    printf0.o(i.__0vsnprintf$0) refers to printf0.o(i._snputc) for _snputc
    printf0.o(i.__0vsprintf$0) refers to printf0.o(i._printf_core) for _printf_core
    printf0.o(i.__0vsprintf$0) refers to printf0.o(i._sputc) for _sputc
    printf1.o(i.__0fprintf$1) refers to printf1.o(i._printf_core) for _printf_core
    printf1.o(i.__0fprintf$1) refers to bsp_uart.o(i.fputc) for fputc
    printf1.o(i.__0printf$1) refers to printf1.o(i._printf_core) for _printf_core
    printf1.o(i.__0printf$1) refers to bsp_uart.o(i.fputc) for fputc
    printf1.o(i.__0printf$1) refers to stdout.o(.data) for __stdout
    printf1.o(i.__0snprintf$1) refers to printf1.o(i._printf_core) for _printf_core
    printf1.o(i.__0snprintf$1) refers to printf1.o(i._snputc) for _snputc
    printf1.o(i.__0sprintf$1) refers to printf1.o(i._printf_core) for _printf_core
    printf1.o(i.__0sprintf$1) refers to printf1.o(i._sputc) for _sputc
    printf1.o(i.__0vfprintf$1) refers to printf1.o(i._printf_core) for _printf_core
    printf1.o(i.__0vfprintf$1) refers to bsp_uart.o(i.fputc) for fputc
    printf1.o(i.__0vprintf$1) refers to printf1.o(i._printf_core) for _printf_core
    printf1.o(i.__0vprintf$1) refers to bsp_uart.o(i.fputc) for fputc
    printf1.o(i.__0vprintf$1) refers to stdout.o(.data) for __stdout
    printf1.o(i.__0vsnprintf$1) refers to printf1.o(i._printf_core) for _printf_core
    printf1.o(i.__0vsnprintf$1) refers to printf1.o(i._snputc) for _snputc
    printf1.o(i.__0vsprintf$1) refers to printf1.o(i._printf_core) for _printf_core
    printf1.o(i.__0vsprintf$1) refers to printf1.o(i._sputc) for _sputc
    printf1.o(i._printf_core) refers to uidiv.o(.text) for __aeabi_uidivmod
    printf2.o(i.__0fprintf$2) refers to printf2.o(i._printf_core) for _printf_core
    printf2.o(i.__0fprintf$2) refers to bsp_uart.o(i.fputc) for fputc
    printf2.o(i.__0printf$2) refers to printf2.o(i._printf_core) for _printf_core
    printf2.o(i.__0printf$2) refers to bsp_uart.o(i.fputc) for fputc
    printf2.o(i.__0printf$2) refers to stdout.o(.data) for __stdout
    printf2.o(i.__0snprintf$2) refers to printf2.o(i._printf_core) for _printf_core
    printf2.o(i.__0snprintf$2) refers to printf2.o(i._snputc) for _snputc
    printf2.o(i.__0sprintf$2) refers to printf2.o(i._printf_core) for _printf_core
    printf2.o(i.__0sprintf$2) refers to printf2.o(i._sputc) for _sputc
    printf2.o(i.__0vfprintf$2) refers to printf2.o(i._printf_core) for _printf_core
    printf2.o(i.__0vfprintf$2) refers to bsp_uart.o(i.fputc) for fputc
    printf2.o(i.__0vprintf$2) refers to printf2.o(i._printf_core) for _printf_core
    printf2.o(i.__0vprintf$2) refers to bsp_uart.o(i.fputc) for fputc
    printf2.o(i.__0vprintf$2) refers to stdout.o(.data) for __stdout
    printf2.o(i.__0vsnprintf$2) refers to printf2.o(i._printf_core) for _printf_core
    printf2.o(i.__0vsnprintf$2) refers to printf2.o(i._snputc) for _snputc
    printf2.o(i.__0vsprintf$2) refers to printf2.o(i._printf_core) for _printf_core
    printf2.o(i.__0vsprintf$2) refers to printf2.o(i._sputc) for _sputc
    printf3.o(i.__0fprintf$3) refers to printf3.o(i._printf_core) for _printf_core
    printf3.o(i.__0fprintf$3) refers to bsp_uart.o(i.fputc) for fputc
    printf3.o(i.__0printf$3) refers to printf3.o(i._printf_core) for _printf_core
    printf3.o(i.__0printf$3) refers to bsp_uart.o(i.fputc) for fputc
    printf3.o(i.__0printf$3) refers to stdout.o(.data) for __stdout
    printf3.o(i.__0snprintf$3) refers to printf3.o(i._printf_core) for _printf_core
    printf3.o(i.__0snprintf$3) refers to printf3.o(i._snputc) for _snputc
    printf3.o(i.__0sprintf$3) refers to printf3.o(i._printf_core) for _printf_core
    printf3.o(i.__0sprintf$3) refers to printf3.o(i._sputc) for _sputc
    printf3.o(i.__0vfprintf$3) refers to printf3.o(i._printf_core) for _printf_core
    printf3.o(i.__0vfprintf$3) refers to bsp_uart.o(i.fputc) for fputc
    printf3.o(i.__0vprintf$3) refers to printf3.o(i._printf_core) for _printf_core
    printf3.o(i.__0vprintf$3) refers to bsp_uart.o(i.fputc) for fputc
    printf3.o(i.__0vprintf$3) refers to stdout.o(.data) for __stdout
    printf3.o(i.__0vsnprintf$3) refers to printf3.o(i._printf_core) for _printf_core
    printf3.o(i.__0vsnprintf$3) refers to printf3.o(i._snputc) for _snputc
    printf3.o(i.__0vsprintf$3) refers to printf3.o(i._printf_core) for _printf_core
    printf3.o(i.__0vsprintf$3) refers to printf3.o(i._sputc) for _sputc
    printf3.o(i._printf_core) refers to uidiv.o(.text) for __aeabi_uidivmod
    printf4.o(i.__0fprintf$4) refers to printf4.o(i._printf_core) for _printf_core
    printf4.o(i.__0fprintf$4) refers to bsp_uart.o(i.fputc) for fputc
    printf4.o(i.__0printf$4) refers to printf4.o(i._printf_core) for _printf_core
    printf4.o(i.__0printf$4) refers to bsp_uart.o(i.fputc) for fputc
    printf4.o(i.__0printf$4) refers to stdout.o(.data) for __stdout
    printf4.o(i.__0snprintf$4) refers to printf4.o(i._printf_core) for _printf_core
    printf4.o(i.__0snprintf$4) refers to printf4.o(i._snputc) for _snputc
    printf4.o(i.__0sprintf$4) refers to printf4.o(i._printf_core) for _printf_core
    printf4.o(i.__0sprintf$4) refers to printf4.o(i._sputc) for _sputc
    printf4.o(i.__0vfprintf$4) refers to printf4.o(i._printf_core) for _printf_core
    printf4.o(i.__0vfprintf$4) refers to bsp_uart.o(i.fputc) for fputc
    printf4.o(i.__0vprintf$4) refers to printf4.o(i._printf_core) for _printf_core
    printf4.o(i.__0vprintf$4) refers to bsp_uart.o(i.fputc) for fputc
    printf4.o(i.__0vprintf$4) refers to stdout.o(.data) for __stdout
    printf4.o(i.__0vsnprintf$4) refers to printf4.o(i._printf_core) for _printf_core
    printf4.o(i.__0vsnprintf$4) refers to printf4.o(i._snputc) for _snputc
    printf4.o(i.__0vsprintf$4) refers to printf4.o(i._printf_core) for _printf_core
    printf4.o(i.__0vsprintf$4) refers to printf4.o(i._sputc) for _sputc
    printf4.o(i._printf_core) refers to uldiv.o(.text) for __aeabi_uldivmod
    printf5.o(i.__0fprintf$5) refers to printf5.o(i._printf_core) for _printf_core
    printf5.o(i.__0fprintf$5) refers to bsp_uart.o(i.fputc) for fputc
    printf5.o(i.__0printf$5) refers to printf5.o(i._printf_core) for _printf_core
    printf5.o(i.__0printf$5) refers to bsp_uart.o(i.fputc) for fputc
    printf5.o(i.__0printf$5) refers to stdout.o(.data) for __stdout
    printf5.o(i.__0snprintf$5) refers to printf5.o(i._printf_core) for _printf_core
    printf5.o(i.__0snprintf$5) refers to printf5.o(i._snputc) for _snputc
    printf5.o(i.__0sprintf$5) refers to printf5.o(i._printf_core) for _printf_core
    printf5.o(i.__0sprintf$5) refers to printf5.o(i._sputc) for _sputc
    printf5.o(i.__0vfprintf$5) refers to printf5.o(i._printf_core) for _printf_core
    printf5.o(i.__0vfprintf$5) refers to bsp_uart.o(i.fputc) for fputc
    printf5.o(i.__0vprintf$5) refers to printf5.o(i._printf_core) for _printf_core
    printf5.o(i.__0vprintf$5) refers to bsp_uart.o(i.fputc) for fputc
    printf5.o(i.__0vprintf$5) refers to stdout.o(.data) for __stdout
    printf5.o(i.__0vsnprintf$5) refers to printf5.o(i._printf_core) for _printf_core
    printf5.o(i.__0vsnprintf$5) refers to printf5.o(i._snputc) for _snputc
    printf5.o(i.__0vsprintf$5) refers to printf5.o(i._printf_core) for _printf_core
    printf5.o(i.__0vsprintf$5) refers to printf5.o(i._sputc) for _sputc
    printf5.o(i._printf_core) refers to uldiv.o(.text) for __aeabi_uldivmod
    printf6.o(i.__0fprintf$6) refers to printf6.o(i._printf_core) for _printf_core
    printf6.o(i.__0fprintf$6) refers to bsp_uart.o(i.fputc) for fputc
    printf6.o(i.__0printf$6) refers to printf6.o(i._printf_core) for _printf_core
    printf6.o(i.__0printf$6) refers to bsp_uart.o(i.fputc) for fputc
    printf6.o(i.__0printf$6) refers to stdout.o(.data) for __stdout
    printf6.o(i.__0snprintf$6) refers to printf6.o(i._printf_core) for _printf_core
    printf6.o(i.__0snprintf$6) refers to printf6.o(i._snputc) for _snputc
    printf6.o(i.__0sprintf$6) refers to printf6.o(i._printf_core) for _printf_core
    printf6.o(i.__0sprintf$6) refers to printf6.o(i._sputc) for _sputc
    printf6.o(i.__0vfprintf$6) refers to printf6.o(i._printf_core) for _printf_core
    printf6.o(i.__0vfprintf$6) refers to bsp_uart.o(i.fputc) for fputc
    printf6.o(i.__0vprintf$6) refers to printf6.o(i._printf_core) for _printf_core
    printf6.o(i.__0vprintf$6) refers to bsp_uart.o(i.fputc) for fputc
    printf6.o(i.__0vprintf$6) refers to stdout.o(.data) for __stdout
    printf6.o(i.__0vsnprintf$6) refers to printf6.o(i._printf_core) for _printf_core
    printf6.o(i.__0vsnprintf$6) refers to printf6.o(i._snputc) for _snputc
    printf6.o(i.__0vsprintf$6) refers to printf6.o(i._printf_core) for _printf_core
    printf6.o(i.__0vsprintf$6) refers to printf6.o(i._sputc) for _sputc
    printf6.o(i._printf_core) refers to printf6.o(i._printf_pre_padding) for _printf_pre_padding
    printf6.o(i._printf_core) refers to uidiv.o(.text) for __aeabi_uidivmod
    printf6.o(i._printf_core) refers to printf6.o(i._printf_post_padding) for _printf_post_padding
    printf7.o(i.__0fprintf$7) refers to printf7.o(i._printf_core) for _printf_core
    printf7.o(i.__0fprintf$7) refers to bsp_uart.o(i.fputc) for fputc
    printf7.o(i.__0printf$7) refers to printf7.o(i._printf_core) for _printf_core
    printf7.o(i.__0printf$7) refers to bsp_uart.o(i.fputc) for fputc
    printf7.o(i.__0printf$7) refers to stdout.o(.data) for __stdout
    printf7.o(i.__0snprintf$7) refers to printf7.o(i._printf_core) for _printf_core
    printf7.o(i.__0snprintf$7) refers to printf7.o(i._snputc) for _snputc
    printf7.o(i.__0sprintf$7) refers to printf7.o(i._printf_core) for _printf_core
    printf7.o(i.__0sprintf$7) refers to printf7.o(i._sputc) for _sputc
    printf7.o(i.__0vfprintf$7) refers to printf7.o(i._printf_core) for _printf_core
    printf7.o(i.__0vfprintf$7) refers to bsp_uart.o(i.fputc) for fputc
    printf7.o(i.__0vprintf$7) refers to printf7.o(i._printf_core) for _printf_core
    printf7.o(i.__0vprintf$7) refers to bsp_uart.o(i.fputc) for fputc
    printf7.o(i.__0vprintf$7) refers to stdout.o(.data) for __stdout
    printf7.o(i.__0vsnprintf$7) refers to printf7.o(i._printf_core) for _printf_core
    printf7.o(i.__0vsnprintf$7) refers to printf7.o(i._snputc) for _snputc
    printf7.o(i.__0vsprintf$7) refers to printf7.o(i._printf_core) for _printf_core
    printf7.o(i.__0vsprintf$7) refers to printf7.o(i._sputc) for _sputc
    printf7.o(i._printf_core) refers to printf7.o(i._printf_pre_padding) for _printf_pre_padding
    printf7.o(i._printf_core) refers to uldiv.o(.text) for __aeabi_uldivmod
    printf7.o(i._printf_core) refers to printf7.o(i._printf_post_padding) for _printf_post_padding
    printf8.o(i.__0fprintf$8) refers to printf8.o(i._printf_core) for _printf_core
    printf8.o(i.__0fprintf$8) refers to bsp_uart.o(i.fputc) for fputc
    printf8.o(i.__0printf$8) refers to printf8.o(i._printf_core) for _printf_core
    printf8.o(i.__0printf$8) refers to bsp_uart.o(i.fputc) for fputc
    printf8.o(i.__0printf$8) refers to stdout.o(.data) for __stdout
    printf8.o(i.__0snprintf$8) refers to printf8.o(i._printf_core) for _printf_core
    printf8.o(i.__0snprintf$8) refers to printf8.o(i._snputc) for _snputc
    printf8.o(i.__0sprintf$8) refers to printf8.o(i._printf_core) for _printf_core
    printf8.o(i.__0sprintf$8) refers to printf8.o(i._sputc) for _sputc
    printf8.o(i.__0vfprintf$8) refers to printf8.o(i._printf_core) for _printf_core
    printf8.o(i.__0vfprintf$8) refers to bsp_uart.o(i.fputc) for fputc
    printf8.o(i.__0vprintf$8) refers to printf8.o(i._printf_core) for _printf_core
    printf8.o(i.__0vprintf$8) refers to bsp_uart.o(i.fputc) for fputc
    printf8.o(i.__0vprintf$8) refers to stdout.o(.data) for __stdout
    printf8.o(i.__0vsnprintf$8) refers to printf8.o(i._printf_core) for _printf_core
    printf8.o(i.__0vsnprintf$8) refers to printf8.o(i._snputc) for _snputc
    printf8.o(i.__0vsprintf$8) refers to printf8.o(i._printf_core) for _printf_core
    printf8.o(i.__0vsprintf$8) refers to printf8.o(i._sputc) for _sputc
    printf8.o(i._printf_core) refers to printf8.o(i._printf_pre_padding) for _printf_pre_padding
    printf8.o(i._printf_core) refers to uldiv.o(.text) for __aeabi_uldivmod
    printf8.o(i._printf_core) refers to printf8.o(i._printf_post_padding) for _printf_post_padding
    printfa.o(i.__0fprintf) refers (Special) to iusefp.o(.text) for __I$use$fp
    printfa.o(i.__0fprintf) refers to printfa.o(i._printf_core) for _printf_core
    printfa.o(i.__0fprintf) refers to bsp_uart.o(i.fputc) for fputc
    printfa.o(i.__0printf) refers (Special) to iusefp.o(.text) for __I$use$fp
    printfa.o(i.__0printf) refers to printfa.o(i._printf_core) for _printf_core
    printfa.o(i.__0printf) refers to bsp_uart.o(i.fputc) for fputc
    printfa.o(i.__0printf) refers to stdout.o(.data) for __stdout
    printfa.o(i.__0snprintf) refers (Special) to iusefp.o(.text) for __I$use$fp
    printfa.o(i.__0snprintf) refers to printfa.o(i._printf_core) for _printf_core
    printfa.o(i.__0snprintf) refers to printfa.o(i._snputc) for _snputc
    printfa.o(i.__0sprintf) refers (Special) to iusefp.o(.text) for __I$use$fp
    printfa.o(i.__0sprintf) refers to printfa.o(i._printf_core) for _printf_core
    printfa.o(i.__0sprintf) refers to printfa.o(i._sputc) for _sputc
    printfa.o(i.__0vfprintf) refers (Special) to iusefp.o(.text) for __I$use$fp
    printfa.o(i.__0vfprintf) refers to printfa.o(i._printf_core) for _printf_core
    printfa.o(i.__0vfprintf) refers to bsp_uart.o(i.fputc) for fputc
    printfa.o(i.__0vprintf) refers (Special) to iusefp.o(.text) for __I$use$fp
    printfa.o(i.__0vprintf) refers to printfa.o(i._printf_core) for _printf_core
    printfa.o(i.__0vprintf) refers to bsp_uart.o(i.fputc) for fputc
    printfa.o(i.__0vprintf) refers to stdout.o(.data) for __stdout
    printfa.o(i.__0vsnprintf) refers (Special) to iusefp.o(.text) for __I$use$fp
    printfa.o(i.__0vsnprintf) refers to printfa.o(i._printf_core) for _printf_core
    printfa.o(i.__0vsnprintf) refers to printfa.o(i._snputc) for _snputc
    printfa.o(i.__0vsprintf) refers (Special) to iusefp.o(.text) for __I$use$fp
    printfa.o(i.__0vsprintf) refers to printfa.o(i._printf_core) for _printf_core
    printfa.o(i.__0vsprintf) refers to printfa.o(i._sputc) for _sputc
    printfa.o(i._fp_digits) refers (Special) to iusefp.o(.text) for __I$use$fp
    printfa.o(i._fp_digits) refers to dmul.o(.text) for __aeabi_dmul
    printfa.o(i._fp_digits) refers to ddiv.o(.text) for __aeabi_ddiv
    printfa.o(i._fp_digits) refers to cdrcmple.o(.text) for __aeabi_cdrcmple
    printfa.o(i._fp_digits) refers to dadd.o(.text) for __aeabi_dadd
    printfa.o(i._fp_digits) refers to dfixul.o(.text) for __aeabi_d2ulz
    printfa.o(i._fp_digits) refers to uldiv.o(.text) for __aeabi_uldivmod
    printfa.o(i._printf_core) refers (Special) to iusefp.o(.text) for __I$use$fp
    printfa.o(i._printf_core) refers to printfa.o(i._printf_pre_padding) for _printf_pre_padding
    printfa.o(i._printf_core) refers to uldiv.o(.text) for __aeabi_uldivmod
    printfa.o(i._printf_core) refers to printfa.o(i._printf_post_padding) for _printf_post_padding
    printfa.o(i._printf_core) refers to printfa.o(i._fp_digits) for _fp_digits
    printfa.o(i._printf_core) refers to uidiv.o(.text) for __aeabi_uidivmod
    printfa.o(i._printf_post_padding) refers (Special) to iusefp.o(.text) for __I$use$fp
    printfa.o(i._printf_pre_padding) refers (Special) to iusefp.o(.text) for __I$use$fp
    printfa.o(i._snputc) refers (Special) to iusefp.o(.text) for __I$use$fp
    printfa.o(i._sputc) refers (Special) to iusefp.o(.text) for __I$use$fp
    entry2.o(.ARM.Collect$$$$00000001) refers to entry2.o(.ARM.Collect$$$$00002712) for __lit__00000000
    entry2.o(.ARM.Collect$$$$00002712) refers to startup_swm320.o(STACK) for __initial_sp
    entry2.o(__vectab_stack_and_reset_area) refers to startup_swm320.o(STACK) for __initial_sp
    entry2.o(__vectab_stack_and_reset_area) refers to entry.o(.ARM.Collect$$$$00000000) for __main
    entry5.o(.ARM.Collect$$$$00000004) refers to init.o(.text) for __scatterload
    entry9a.o(.ARM.Collect$$$$0000000B) refers to main.o(i.main) for main
    entry9b.o(.ARM.Collect$$$$0000000C) refers to main.o(i.main) for main
    uldiv.o(.text) refers to llushr.o(.text) for __aeabi_llsr
    uldiv.o(.text) refers to llshl.o(.text) for __aeabi_llsl
    dadd.o(.text) refers to llshl.o(.text) for __aeabi_llsl
    dadd.o(.text) refers to llsshr.o(.text) for __aeabi_lasr
    dadd.o(.text) refers to depilogue.o(.text) for _double_epilogue
    dmul.o(.text) refers to depilogue.o(.text) for _double_epilogue
    ddiv.o(.text) refers to depilogue.o(.text) for _double_round
    dfixul.o(.text) refers to llushr.o(.text) for __aeabi_llsr
    dfixul.o(.text) refers to llshl.o(.text) for __aeabi_llsl
    init.o(.text) refers to entry5.o(.ARM.Collect$$$$00000004) for __main_after_scatterload
    depilogue.o(.text) refers to llshl.o(.text) for __aeabi_llsl
    depilogue.o(.text) refers to llushr.o(.text) for __aeabi_llsr


==============================================================================

Removing Unused input sections from the image.

    Removing system_swm320.o(.rev16_text), (4 bytes).
    Removing system_swm320.o(.revsh_text), (4 bytes).
    Removing system_swm320.o(.rrx_text), (6 bytes).
    Removing startup_swm320.o(HEAP), (512 bytes).
    Removing main.o(.rev16_text), (4 bytes).
    Removing main.o(.revsh_text), (4 bytes).
    Removing main.o(.rrx_text), (6 bytes).
    Removing swm320_gpio.o(.rev16_text), (4 bytes).
    Removing swm320_gpio.o(.revsh_text), (4 bytes).
    Removing swm320_gpio.o(.rrx_text), (6 bytes).
    Removing swm320_gpio.o(i.GPIO_ClrBits), (26 bytes).
    Removing swm320_gpio.o(i.GPIO_GetBit), (12 bytes).
    Removing swm320_gpio.o(i.GPIO_GetBits), (24 bytes).
    Removing swm320_gpio.o(i.GPIO_InvBit), (12 bytes).
    Removing swm320_gpio.o(i.GPIO_InvBits), (26 bytes).
    Removing swm320_gpio.o(i.GPIO_SetBits), (26 bytes).
    Removing swm320_port.o(.rev16_text), (4 bytes).
    Removing swm320_port.o(.revsh_text), (4 bytes).
    Removing swm320_port.o(.rrx_text), (6 bytes).
    Removing swm320_spi.o(.rev16_text), (4 bytes).
    Removing swm320_spi.o(.revsh_text), (4 bytes).
    Removing swm320_spi.o(.rrx_text), (6 bytes).
    Removing swm320_spi.o(i.SPI_INTRXFullDis), (10 bytes).
    Removing swm320_spi.o(i.SPI_INTRXFullEn), (10 bytes).
    Removing swm320_spi.o(i.SPI_INTRXFullStat), (10 bytes).
    Removing swm320_spi.o(i.SPI_INTRXHalfFullDis), (10 bytes).
    Removing swm320_spi.o(i.SPI_INTRXHalfFullEn), (10 bytes).
    Removing swm320_spi.o(i.SPI_INTRXHalfFullStat), (10 bytes).
    Removing swm320_spi.o(i.SPI_INTRXOverflowClr), (6 bytes).
    Removing swm320_spi.o(i.SPI_INTRXOverflowDis), (10 bytes).
    Removing swm320_spi.o(i.SPI_INTRXOverflowEn), (10 bytes).
    Removing swm320_spi.o(i.SPI_INTRXOverflowStat), (10 bytes).
    Removing swm320_spi.o(i.SPI_INTTXCompleteClr), (8 bytes).
    Removing swm320_spi.o(i.SPI_INTTXCompleteDis), (10 bytes).
    Removing swm320_spi.o(i.SPI_INTTXCompleteEn), (10 bytes).
    Removing swm320_spi.o(i.SPI_INTTXCompleteStat), (10 bytes).
    Removing swm320_spi.o(i.SPI_INTTXEmptyDis), (10 bytes).
    Removing swm320_spi.o(i.SPI_INTTXEmptyEn), (10 bytes).
    Removing swm320_spi.o(i.SPI_INTTXEmptyStat), (10 bytes).
    Removing swm320_spi.o(i.SPI_INTTXHalfFullDis), (10 bytes).
    Removing swm320_spi.o(i.SPI_INTTXHalfFullEn), (10 bytes).
    Removing swm320_spi.o(i.SPI_INTTXHalfFullStat), (10 bytes).
    Removing swm320_spi.o(i.SPI_IsRXEmpty), (12 bytes).
    Removing swm320_spi.o(i.SPI_IsTXEmpty), (10 bytes).
    Removing swm320_spi.o(i.SPI_IsTXFull), (12 bytes).
    Removing swm320_spi.o(i.SPI_Read), (6 bytes).
    Removing swm320_spi.o(i.SPI_Write), (4 bytes).
    Removing swm320_spi.o(i.SPI_WriteWithWait), (24 bytes).
    Removing swm320_uart.o(.rev16_text), (4 bytes).
    Removing swm320_uart.o(.revsh_text), (4 bytes).
    Removing swm320_uart.o(.rrx_text), (6 bytes).
    Removing swm320_uart.o(i.UART_ABRIsDone), (30 bytes).
    Removing swm320_uart.o(i.UART_ABRStart), (88 bytes).
    Removing swm320_uart.o(i.UART_CTSConfig), (22 bytes).
    Removing swm320_uart.o(i.UART_CTSLineState), (10 bytes).
    Removing swm320_uart.o(i.UART_GetBaudrate), (10 bytes).
    Removing swm320_uart.o(i.UART_INTRXThresholdDis), (10 bytes).
    Removing swm320_uart.o(i.UART_INTRXThresholdEn), (10 bytes).
    Removing swm320_uart.o(i.UART_INTRXThresholdStat), (10 bytes).
    Removing swm320_uart.o(i.UART_INTTXDoneDis), (10 bytes).
    Removing swm320_uart.o(i.UART_INTTXDoneEn), (10 bytes).
    Removing swm320_uart.o(i.UART_INTTXDoneStat), (10 bytes).
    Removing swm320_uart.o(i.UART_INTTXThresholdDis), (10 bytes).
    Removing swm320_uart.o(i.UART_INTTXThresholdEn), (10 bytes).
    Removing swm320_uart.o(i.UART_INTTXThresholdStat), (10 bytes).
    Removing swm320_uart.o(i.UART_INTTimeoutDis), (10 bytes).
    Removing swm320_uart.o(i.UART_INTTimeoutEn), (10 bytes).
    Removing swm320_uart.o(i.UART_INTTimeoutStat), (10 bytes).
    Removing swm320_uart.o(i.UART_IsRXFIFOEmpty), (12 bytes).
    Removing swm320_uart.o(i.UART_IsTXFIFOFull), (10 bytes).
    Removing swm320_uart.o(i.UART_LINConfig), (22 bytes).
    Removing swm320_uart.o(i.UART_LINGenerate), (10 bytes).
    Removing swm320_uart.o(i.UART_LINIsDetected), (16 bytes).
    Removing swm320_uart.o(i.UART_LINIsGenerated), (18 bytes).
    Removing swm320_uart.o(i.UART_RTSConfig), (28 bytes).
    Removing swm320_uart.o(i.UART_RTSLineState), (10 bytes).
    Removing swm320_uart.o(i.UART_ReadByte), (24 bytes).
    Removing swm320_uart.o(i.UART_SetBaudrate), (32 bytes).
    Removing bsp_systick.o(.rev16_text), (4 bytes).
    Removing bsp_systick.o(.revsh_text), (4 bytes).
    Removing bsp_systick.o(.rrx_text), (6 bytes).
    Removing bsp_uart.o(.rev16_text), (4 bytes).
    Removing bsp_uart.o(.revsh_text), (4 bytes).
    Removing bsp_uart.o(.rrx_text), (6 bytes).
    Removing bsp_spiflash.o(.rev16_text), (4 bytes).
    Removing bsp_spiflash.o(.revsh_text), (4 bytes).
    Removing bsp_spiflash.o(.rrx_text), (6 bytes).
    Removing bsp_spiflash.o(i.SPI_Flash_PowerDown), (36 bytes).
    Removing dadd.o(.text), (334 bytes).
    Removing dmul.o(.text), (228 bytes).
    Removing ddiv.o(.text), (222 bytes).
    Removing dfixul.o(.text), (48 bytes).
    Removing cdrcmple.o(.text), (48 bytes).
    Removing depilogue.o(.text), (186 bytes).

94 unused section(s) (total 2590 bytes) removed from the image.

==============================================================================

Image Symbol Table

    Local Symbols

    Symbol Name                              Value     Ov Type        Size  Object(Section)

    RESET                                    0x00000000   Section      328  startup_swm320.o(RESET)
    ../clib/microlib/division.c              0x00000000   Number         0  uldiv.o ABSOLUTE
    ../clib/microlib/division.c              0x00000000   Number         0  uidiv.o ABSOLUTE
    ../clib/microlib/init/entry.s            0x00000000   Number         0  entry2.o ABSOLUTE
    ../clib/microlib/init/entry.s            0x00000000   Number         0  entry.o ABSOLUTE
    ../clib/microlib/init/entry.s            0x00000000   Number         0  entry5.o ABSOLUTE
    ../clib/microlib/init/entry.s            0x00000000   Number         0  entry7b.o ABSOLUTE
    ../clib/microlib/init/entry.s            0x00000000   Number         0  entry7a.o ABSOLUTE
    ../clib/microlib/init/entry.s            0x00000000   Number         0  entry8a.o ABSOLUTE
    ../clib/microlib/init/entry.s            0x00000000   Number         0  entry9a.o ABSOLUTE
    ../clib/microlib/init/entry.s            0x00000000   Number         0  entry8b.o ABSOLUTE
    ../clib/microlib/init/entry.s            0x00000000   Number         0  entry11b.o ABSOLUTE
    ../clib/microlib/init/entry.s            0x00000000   Number         0  entry11a.o ABSOLUTE
    ../clib/microlib/init/entry.s            0x00000000   Number         0  entry10b.o ABSOLUTE
    ../clib/microlib/init/entry.s            0x00000000   Number         0  entry10a.o ABSOLUTE
    ../clib/microlib/init/entry.s            0x00000000   Number         0  entry9b.o ABSOLUTE
    ../clib/microlib/longlong.c              0x00000000   Number         0  llsshr.o ABSOLUTE
    ../clib/microlib/longlong.c              0x00000000   Number         0  llushr.o ABSOLUTE
    ../clib/microlib/longlong.c              0x00000000   Number         0  llshl.o ABSOLUTE
    ../clib/microlib/printf/printf.c         0x00000000   Number         0  printf0.o ABSOLUTE
    ../clib/microlib/printf/printf.c         0x00000000   Number         0  printfb.o ABSOLUTE
    ../clib/microlib/printf/printf.c         0x00000000   Number         0  printf3.o ABSOLUTE
    ../clib/microlib/printf/printf.c         0x00000000   Number         0  printfa.o ABSOLUTE
    ../clib/microlib/printf/printf.c         0x00000000   Number         0  printf8.o ABSOLUTE
    ../clib/microlib/printf/printf.c         0x00000000   Number         0  printf7.o ABSOLUTE
    ../clib/microlib/printf/printf.c         0x00000000   Number         0  printf6.o ABSOLUTE
    ../clib/microlib/printf/printf.c         0x00000000   Number         0  printf5.o ABSOLUTE
    ../clib/microlib/printf/printf.c         0x00000000   Number         0  printf4.o ABSOLUTE
    ../clib/microlib/printf/printf.c         0x00000000   Number         0  printf2.o ABSOLUTE
    ../clib/microlib/printf/printf.c         0x00000000   Number         0  printf1.o ABSOLUTE
    ../clib/microlib/printf/stubs.s          0x00000000   Number         0  stubs.o ABSOLUTE
    ../clib/microlib/stdio/streams.c         0x00000000   Number         0  stdout.o ABSOLUTE
    ../clib/microlib/stubs.s                 0x00000000   Number         0  iusefp.o ABSOLUTE
    ../fplib/microlib/fpadd.c                0x00000000   Number         0  dadd.o ABSOLUTE
    ../fplib/microlib/fpdiv.c                0x00000000   Number         0  ddiv.o ABSOLUTE
    ../fplib/microlib/fpepilogue.c           0x00000000   Number         0  depilogue.o ABSOLUTE
    ../fplib/microlib/fpfix.c                0x00000000   Number         0  dfixul.o ABSOLUTE
    ../fplib/microlib/fpmul.c                0x00000000   Number         0  dmul.o ABSOLUTE
    ..\BSP_Driv\bsp_SPIFlash.c               0x00000000   Number         0  bsp_spiflash.o ABSOLUTE
    ..\BSP_Driv\bsp_SysTick.c                0x00000000   Number         0  bsp_systick.o ABSOLUTE
    ..\BSP_Driv\bsp_UART.c                   0x00000000   Number         0  bsp_uart.o ABSOLUTE
    ..\CMSIS\DeviceSupport\startup_SWM320.s  0x00000000   Number         0  startup_swm320.o ABSOLUTE
    ..\CMSIS\DeviceSupport\system_SWM320.c   0x00000000   Number         0  system_swm320.o ABSOLUTE
    ..\SWM320_StdPeriph_Driver\SWM320_gpio.c 0x00000000   Number         0  swm320_gpio.o ABSOLUTE
    ..\SWM320_StdPeriph_Driver\SWM320_port.c 0x00000000   Number         0  swm320_port.o ABSOLUTE
    ..\SWM320_StdPeriph_Driver\SWM320_spi.c  0x00000000   Number         0  swm320_spi.o ABSOLUTE
    ..\SWM320_StdPeriph_Driver\SWM320_uart.c 0x00000000   Number         0  swm320_uart.o ABSOLUTE
    ..\\BSP_Driv\\bsp_SPIFlash.c             0x00000000   Number         0  bsp_spiflash.o ABSOLUTE
    ..\\BSP_Driv\\bsp_SysTick.c              0x00000000   Number         0  bsp_systick.o ABSOLUTE
    ..\\BSP_Driv\\bsp_UART.c                 0x00000000   Number         0  bsp_uart.o ABSOLUTE
    ..\\CMSIS\\DeviceSupport\\system_SWM320.c 0x00000000   Number         0  system_swm320.o ABSOLUTE
    ..\\SWM320_StdPeriph_Driver\\SWM320_gpio.c 0x00000000   Number         0  swm320_gpio.o ABSOLUTE
    ..\\SWM320_StdPeriph_Driver\\SWM320_port.c 0x00000000   Number         0  swm320_port.o ABSOLUTE
    ..\\SWM320_StdPeriph_Driver\\SWM320_spi.c 0x00000000   Number         0  swm320_spi.o ABSOLUTE
    ..\\SWM320_StdPeriph_Driver\\SWM320_uart.c 0x00000000   Number         0  swm320_uart.o ABSOLUTE
    cdrcmple.s                               0x00000000   Number         0  cdrcmple.o ABSOLUTE
    dc.s                                     0x00000000   Number         0  dc.o ABSOLUTE
    handlers.s                               0x00000000   Number         0  handlers.o ABSOLUTE
    init.s                                   0x00000000   Number         0  init.o ABSOLUTE
    main.c                                   0x00000000   Number         0  main.o ABSOLUTE
    main.c                                   0x00000000   Number         0  main.o ABSOLUTE
    .ARM.Collect$$$$00000000                 0x00000148   Section        0  entry.o(.ARM.Collect$$$$00000000)
    .ARM.Collect$$$$00000001                 0x00000148   Section        4  entry2.o(.ARM.Collect$$$$00000001)
    .ARM.Collect$$$$00000004                 0x0000014c   Section        4  entry5.o(.ARM.Collect$$$$00000004)
    .ARM.Collect$$$$00000008                 0x00000150   Section        0  entry7b.o(.ARM.Collect$$$$00000008)
    .ARM.Collect$$$$0000000A                 0x00000150   Section        0  entry8b.o(.ARM.Collect$$$$0000000A)
    .ARM.Collect$$$$0000000B                 0x00000150   Section        8  entry9a.o(.ARM.Collect$$$$0000000B)
    .ARM.Collect$$$$0000000D                 0x00000158   Section        0  entry10a.o(.ARM.Collect$$$$0000000D)
    .ARM.Collect$$$$0000000F                 0x00000158   Section        0  entry11a.o(.ARM.Collect$$$$0000000F)
    .ARM.Collect$$$$00002712                 0x00000158   Section        4  entry2.o(.ARM.Collect$$$$00002712)
    __lit__00000000                          0x00000158   Data           4  entry2.o(.ARM.Collect$$$$00002712)
    .text                                    0x0000015c   Section      156  startup_swm320.o(.text)
    .text                                    0x000001f8   Section        0  uldiv.o(.text)
    .text                                    0x0000025c   Section       36  init.o(.text)
    .text                                    0x00000280   Section        0  llshl.o(.text)
    .text                                    0x0000029e   Section        0  llushr.o(.text)
    i.GPIO_ClrBit                            0x000002be   Section        0  swm320_gpio.o(i.GPIO_ClrBit)
    i.GPIO_Init                              0x000002cc   Section        0  swm320_gpio.o(i.GPIO_Init)
    i.GPIO_SetBit                            0x000005b8   Section        0  swm320_gpio.o(i.GPIO_SetBit)
    i.NVIC_DisableIRQ                        0x000005c4   Section        0  swm320_spi.o(i.NVIC_DisableIRQ)
    NVIC_DisableIRQ                          0x000005c5   Thumb Code    18  swm320_spi.o(i.NVIC_DisableIRQ)
    i.NVIC_DisableIRQ                        0x000005dc   Section        0  swm320_uart.o(i.NVIC_DisableIRQ)
    NVIC_DisableIRQ                          0x000005dd   Thumb Code    18  swm320_uart.o(i.NVIC_DisableIRQ)
    i.NVIC_EnableIRQ                         0x000005f4   Section        0  swm320_spi.o(i.NVIC_EnableIRQ)
    NVIC_EnableIRQ                           0x000005f5   Thumb Code    22  swm320_spi.o(i.NVIC_EnableIRQ)
    i.NVIC_EnableIRQ                         0x0000060a   Section        0  swm320_uart.o(i.NVIC_EnableIRQ)
    NVIC_EnableIRQ                           0x0000060b   Thumb Code    22  swm320_uart.o(i.NVIC_EnableIRQ)
    i.PLLInit                                0x00000620   Section        0  system_swm320.o(i.PLLInit)
    i.PORT_Init                              0x0000067c   Section        0  swm320_port.o(i.PORT_Init)
    i.SPI_Close                              0x00000cc4   Section        0  swm320_spi.o(i.SPI_Close)
    i.SPI_FLASH_BufferRead                   0x00000cd0   Section        0  bsp_spiflash.o(i.SPI_FLASH_BufferRead)
    i.SPI_FLASH_BufferWrite                  0x00000d30   Section        0  bsp_spiflash.o(i.SPI_FLASH_BufferWrite)
    i.SPI_FLASH_PageWrite                    0x00000e54   Section        0  bsp_spiflash.o(i.SPI_FLASH_PageWrite)
    i.SPI_FLASH_ReadDeviceID                 0x00000eec   Section        0  bsp_spiflash.o(i.SPI_FLASH_ReadDeviceID)
    i.SPI_FLASH_ReadID                       0x00000f38   Section        0  bsp_spiflash.o(i.SPI_FLASH_ReadID)
    i.SPI_FLASH_SectorErase                  0x00000f94   Section        0  bsp_spiflash.o(i.SPI_FLASH_SectorErase)
    i.SPI_FLASH_WaitForWriteEnd              0x00000fe4   Section        0  bsp_spiflash.o(i.SPI_FLASH_WaitForWriteEnd)
    i.SPI_FLASH_WriteEnable                  0x0000103c   Section        0  bsp_spiflash.o(i.SPI_FLASH_WriteEnable)
    i.SPI_Flash_Init                         0x00001060   Section        0  bsp_spiflash.o(i.SPI_Flash_Init)
    i.SPI_Init                               0x000010dc   Section        0  swm320_spi.o(i.SPI_Init)
    i.SPI_Open                               0x000011c0   Section        0  swm320_spi.o(i.SPI_Open)
    i.SPI_ReadWrite                          0x000011ca   Section        0  swm320_spi.o(i.SPI_ReadWrite)
    i.SWM_Delay                              0x000011de   Section        0  bsp_systick.o(i.SWM_Delay)
    i.SWM_GetTick                            0x000011f8   Section        0  bsp_systick.o(i.SWM_GetTick)
    i.SWM_IncTick                            0x00001204   Section        0  bsp_systick.o(i.SWM_IncTick)
    i.SerialInit                             0x00001214   Section        0  bsp_uart.o(i.SerialInit)
    i.SysTick_Handler                        0x00001260   Section        0  bsp_systick.o(i.SysTick_Handler)
    i.SysTick_Init                           0x00001268   Section        0  bsp_systick.o(i.SysTick_Init)
    i.SystemCoreClockUpdate                  0x000012d0   Section        0  system_swm320.o(i.SystemCoreClockUpdate)
    i.SystemInit                             0x00001378   Section        0  system_swm320.o(i.SystemInit)
    i.UART_Close                             0x00001498   Section        0  swm320_uart.o(i.UART_Close)
    i.UART_Init                              0x000014a4   Section        0  swm320_uart.o(i.UART_Init)
    i.UART_IsTXBusy                          0x00001634   Section        0  swm320_uart.o(i.UART_IsTXBusy)
    i.UART_Open                              0x00001642   Section        0  swm320_uart.o(i.UART_Open)
    i.UART_WriteByte                         0x0000164c   Section        0  swm320_uart.o(i.UART_WriteByte)
    i.__0printf$5                            0x00001650   Section        0  printf5.o(i.__0printf$5)
    i.__scatterload_copy                     0x00001670   Section       14  handlers.o(i.__scatterload_copy)
    i.__scatterload_null                     0x0000167e   Section        2  handlers.o(i.__scatterload_null)
    i.__scatterload_zeroinit                 0x00001680   Section       14  handlers.o(i.__scatterload_zeroinit)
    i._printf_core                           0x00001690   Section        0  printf5.o(i._printf_core)
    _printf_core                             0x00001691   Thumb Code   658  printf5.o(i._printf_core)
    i.fputc                                  0x00001950   Section        0  bsp_uart.o(i.fputc)
    i.main                                   0x00001974   Section        0  main.o(i.main)
    .data                                    0x20000000   Section        8  system_swm320.o(.data)
    .data                                    0x20000008   Section       19  main.o(.data)
    .data                                    0x2000001c   Section        4  bsp_systick.o(.data)
    uwTick                                   0x2000001c   Data           4  bsp_systick.o(.data)
    .data                                    0x20000020   Section        4  bsp_spiflash.o(.data)
    SPITimeout                               0x20000020   Data           4  bsp_spiflash.o(.data)
    .data                                    0x20000024   Section        4  stdout.o(.data)
    .bss                                     0x20000028   Section       18  main.o(.bss)
    STACK                                    0x20000040   Section     1024  startup_swm320.o(STACK)

    Global Symbols

    Symbol Name                              Value     Ov Type        Size  Object(Section)

    BuildAttributes$$THM_ISAv4$E$P$D$K$B$S$7EM$PE$A:L22UL41UL21$X:L11$S22US41US21$IEEE1$IW$USESV6$~STKCKD$USESV7$~SHL$OSPACE$ROPI$EBA8$MICROLIB$REQ8$PRES8$EABIv2 0x00000000   Number         0  anon$$obj.o ABSOLUTE
    __ARM_use_no_argv                        0x00000000   Number         0  main.o ABSOLUTE
    __Vectors                                0x00000000   Data           4  startup_swm320.o(RESET)
    _printf_a                                0x00000000   Number         0  stubs.o ABSOLUTE
    _printf_c                                0x00000000   Number         0  stubs.o ABSOLUTE
    _printf_charcount                        0x00000000   Number         0  stubs.o ABSOLUTE
    _printf_d                                0x00000000   Number         0  stubs.o ABSOLUTE
    _printf_e                                0x00000000   Number         0  stubs.o ABSOLUTE
    _printf_f                                0x00000000   Number         0  stubs.o ABSOLUTE
    _printf_flags                            0x00000000   Number         0  stubs.o ABSOLUTE
    _printf_fp_dec                           0x00000000   Number         0  stubs.o ABSOLUTE
    _printf_fp_hex                           0x00000000   Number         0  stubs.o ABSOLUTE
    _printf_g                                0x00000000   Number         0  stubs.o ABSOLUTE
    _printf_i                                0x00000000   Number         0  stubs.o ABSOLUTE
    _printf_int_dec                          0x00000000   Number         0  stubs.o ABSOLUTE
    _printf_l                                0x00000000   Number         0  stubs.o ABSOLUTE
    _printf_lc                               0x00000000   Number         0  stubs.o ABSOLUTE
    _printf_ll                               0x00000000   Number         0  stubs.o ABSOLUTE
    _printf_lld                              0x00000000   Number         0  stubs.o ABSOLUTE
    _printf_lli                              0x00000000   Number         0  stubs.o ABSOLUTE
    _printf_llo                              0x00000000   Number         0  stubs.o ABSOLUTE
    _printf_llu                              0x00000000   Number         0  stubs.o ABSOLUTE
    _printf_llx                              0x00000000   Number         0  stubs.o ABSOLUTE
    _printf_longlong_dec                     0x00000000   Number         0  stubs.o ABSOLUTE
    _printf_longlong_hex                     0x00000000   Number         0  stubs.o ABSOLUTE
    _printf_longlong_oct                     0x00000000   Number         0  stubs.o ABSOLUTE
    _printf_ls                               0x00000000   Number         0  stubs.o ABSOLUTE
    _printf_mbtowc                           0x00000000   Number         0  stubs.o ABSOLUTE
    _printf_n                                0x00000000   Number         0  stubs.o ABSOLUTE
    _printf_o                                0x00000000   Number         0  stubs.o ABSOLUTE
    _printf_p                                0x00000000   Number         0  stubs.o ABSOLUTE
    _printf_percent                          0x00000000   Number         0  stubs.o ABSOLUTE
    _printf_pre_padding                      0x00000000   Number         0  stubs.o ABSOLUTE
    _printf_return_value                     0x00000000   Number         0  stubs.o ABSOLUTE
    _printf_s                                0x00000000   Number         0  stubs.o ABSOLUTE
    _printf_sizespec                         0x00000000   Number         0  stubs.o ABSOLUTE
    _printf_str                              0x00000000   Number         0  stubs.o ABSOLUTE
    _printf_truncate_signed                  0x00000000   Number         0  stubs.o ABSOLUTE
    _printf_truncate_unsigned                0x00000000   Number         0  stubs.o ABSOLUTE
    _printf_u                                0x00000000   Number         0  stubs.o ABSOLUTE
    _printf_wc                               0x00000000   Number         0  stubs.o ABSOLUTE
    _printf_wctomb                           0x00000000   Number         0  stubs.o ABSOLUTE
    _printf_widthprec                        0x00000000   Number         0  stubs.o ABSOLUTE
    _printf_x                                0x00000000   Number         0  stubs.o ABSOLUTE
    __cpp_initialize__aeabi_                  - Undefined Weak Reference
    __cxa_finalize                            - Undefined Weak Reference
    __decompress                              - Undefined Weak Reference
    _clock_init                               - Undefined Weak Reference
    _microlib_exit                            - Undefined Weak Reference
    __Vectors_End                            0x00000148   Data           0  startup_swm320.o(RESET)
    __Vectors_Size                           0x00000148   Number         0  startup_swm320.o ABSOLUTE
    __main                                   0x00000149   Thumb Code     0  entry.o(.ARM.Collect$$$$00000000)
    _main_stk                                0x00000149   Thumb Code     0  entry2.o(.ARM.Collect$$$$00000001)
    _main_scatterload                        0x0000014d   Thumb Code     0  entry5.o(.ARM.Collect$$$$00000004)
    __main_after_scatterload                 0x00000151   Thumb Code     0  entry5.o(.ARM.Collect$$$$00000004)
    _main_clock                              0x00000151   Thumb Code     0  entry7b.o(.ARM.Collect$$$$00000008)
    _main_cpp_init                           0x00000151   Thumb Code     0  entry8b.o(.ARM.Collect$$$$0000000A)
    _main_init                               0x00000151   Thumb Code     0  entry9a.o(.ARM.Collect$$$$0000000B)
    __rt_final_cpp                           0x00000159   Thumb Code     0  entry10a.o(.ARM.Collect$$$$0000000D)
    __rt_final_exit                          0x00000159   Thumb Code     0  entry11a.o(.ARM.Collect$$$$0000000F)
    Reset_Handler                            0x0000015d   Thumb Code     4  startup_swm320.o(.text)
    NMI_Handler                              0x00000161   Thumb Code     2  startup_swm320.o(.text)
    HardFault_Handler                        0x00000163   Thumb Code     2  startup_swm320.o(.text)
    MemManage_Handler                        0x00000165   Thumb Code     2  startup_swm320.o(.text)
    BusFault_Handler                         0x00000167   Thumb Code     2  startup_swm320.o(.text)
    UsageFault_Handler                       0x00000169   Thumb Code     2  startup_swm320.o(.text)
    SVC_Handler                              0x0000016b   Thumb Code     2  startup_swm320.o(.text)
    DebugMon_Handler                         0x0000016d   Thumb Code     2  startup_swm320.o(.text)
    PendSV_Handler                           0x0000016f   Thumb Code     2  startup_swm320.o(.text)
    GPIOA0_Handler                           0x00000173   Thumb Code     2  startup_swm320.o(.text)
    GPIOA1_Handler                           0x00000175   Thumb Code     2  startup_swm320.o(.text)
    GPIOA2_Handler                           0x00000177   Thumb Code     2  startup_swm320.o(.text)
    GPIOA3_Handler                           0x00000179   Thumb Code     2  startup_swm320.o(.text)
    GPIOA4_Handler                           0x0000017b   Thumb Code     2  startup_swm320.o(.text)
    GPIOA5_Handler                           0x0000017d   Thumb Code     2  startup_swm320.o(.text)
    GPIOA6_Handler                           0x0000017f   Thumb Code     2  startup_swm320.o(.text)
    GPIOA7_Handler                           0x00000181   Thumb Code     2  startup_swm320.o(.text)
    GPIOB0_Handler                           0x00000183   Thumb Code     2  startup_swm320.o(.text)
    GPIOB1_Handler                           0x00000185   Thumb Code     2  startup_swm320.o(.text)
    GPIOB2_Handler                           0x00000187   Thumb Code     2  startup_swm320.o(.text)
    GPIOB3_Handler                           0x00000189   Thumb Code     2  startup_swm320.o(.text)
    GPIOB4_Handler                           0x0000018b   Thumb Code     2  startup_swm320.o(.text)
    GPIOB5_Handler                           0x0000018d   Thumb Code     2  startup_swm320.o(.text)
    GPIOB6_Handler                           0x0000018f   Thumb Code     2  startup_swm320.o(.text)
    GPIOB7_Handler                           0x00000191   Thumb Code     2  startup_swm320.o(.text)
    GPIOC0_Handler                           0x00000193   Thumb Code     2  startup_swm320.o(.text)
    GPIOC1_Handler                           0x00000195   Thumb Code     2  startup_swm320.o(.text)
    GPIOC2_Handler                           0x00000197   Thumb Code     2  startup_swm320.o(.text)
    GPIOC3_Handler                           0x00000199   Thumb Code     2  startup_swm320.o(.text)
    GPIOC4_Handler                           0x0000019b   Thumb Code     2  startup_swm320.o(.text)
    GPIOC5_Handler                           0x0000019d   Thumb Code     2  startup_swm320.o(.text)
    GPIOC6_Handler                           0x0000019f   Thumb Code     2  startup_swm320.o(.text)
    GPIOC7_Handler                           0x000001a1   Thumb Code     2  startup_swm320.o(.text)
    GPIOM0_Handler                           0x000001a3   Thumb Code     2  startup_swm320.o(.text)
    GPIOM1_Handler                           0x000001a5   Thumb Code     2  startup_swm320.o(.text)
    GPIOM2_Handler                           0x000001a7   Thumb Code     2  startup_swm320.o(.text)
    GPIOM3_Handler                           0x000001a9   Thumb Code     2  startup_swm320.o(.text)
    GPIOM4_Handler                           0x000001ab   Thumb Code     2  startup_swm320.o(.text)
    GPIOM5_Handler                           0x000001ad   Thumb Code     2  startup_swm320.o(.text)
    GPIOM6_Handler                           0x000001af   Thumb Code     2  startup_swm320.o(.text)
    GPIOM7_Handler                           0x000001b1   Thumb Code     2  startup_swm320.o(.text)
    DMA_Handler                              0x000001b3   Thumb Code     2  startup_swm320.o(.text)
    LCD_Handler                              0x000001b5   Thumb Code     2  startup_swm320.o(.text)
    NORFLC_Handler                           0x000001b7   Thumb Code     2  startup_swm320.o(.text)
    CAN_Handler                              0x000001b9   Thumb Code     2  startup_swm320.o(.text)
    PULSE_Handler                            0x000001bb   Thumb Code     2  startup_swm320.o(.text)
    WDT_Handler                              0x000001bd   Thumb Code     2  startup_swm320.o(.text)
    PWM_Handler                              0x000001bf   Thumb Code     2  startup_swm320.o(.text)
    UART0_Handler                            0x000001c1   Thumb Code     2  startup_swm320.o(.text)
    UART1_Handler                            0x000001c3   Thumb Code     2  startup_swm320.o(.text)
    UART2_Handler                            0x000001c5   Thumb Code     2  startup_swm320.o(.text)
    UART3_Handler                            0x000001c7   Thumb Code     2  startup_swm320.o(.text)
    I2C0_Handler                             0x000001c9   Thumb Code     2  startup_swm320.o(.text)
    I2C1_Handler                             0x000001cb   Thumb Code     2  startup_swm320.o(.text)
    SPI0_Handler                             0x000001cd   Thumb Code     2  startup_swm320.o(.text)
    ADC0_Handler                             0x000001cf   Thumb Code     2  startup_swm320.o(.text)
    RTC_Handler                              0x000001d1   Thumb Code     2  startup_swm320.o(.text)
    ANAC_Handler                             0x000001d3   Thumb Code     2  startup_swm320.o(.text)
    SDIO_Handler                             0x000001d5   Thumb Code     2  startup_swm320.o(.text)
    GPIOA_Handler                            0x000001d7   Thumb Code     2  startup_swm320.o(.text)
    GPIOB_Handler                            0x000001d9   Thumb Code     2  startup_swm320.o(.text)
    GPIOC_Handler                            0x000001db   Thumb Code     2  startup_swm320.o(.text)
    GPIOM_Handler                            0x000001dd   Thumb Code     2  startup_swm320.o(.text)
    GPION_Handler                            0x000001df   Thumb Code     2  startup_swm320.o(.text)
    GPIOP_Handler                            0x000001e1   Thumb Code     2  startup_swm320.o(.text)
    ADC1_Handler                             0x000001e3   Thumb Code     2  startup_swm320.o(.text)
    FPU_Handler                              0x000001e5   Thumb Code     2  startup_swm320.o(.text)
    SPI1_Handler                             0x000001e7   Thumb Code     2  startup_swm320.o(.text)
    TIMR0_Handler                            0x000001e9   Thumb Code     2  startup_swm320.o(.text)
    TIMR1_Handler                            0x000001eb   Thumb Code     2  startup_swm320.o(.text)
    TIMR2_Handler                            0x000001ed   Thumb Code     2  startup_swm320.o(.text)
    TIMR3_Handler                            0x000001ef   Thumb Code     2  startup_swm320.o(.text)
    TIMR4_Handler                            0x000001f1   Thumb Code     2  startup_swm320.o(.text)
    TIMR5_Handler                            0x000001f3   Thumb Code     2  startup_swm320.o(.text)
    __aeabi_uldivmod                         0x000001f9   Thumb Code    98  uldiv.o(.text)
    __scatterload                            0x0000025d   Thumb Code    28  init.o(.text)
    __scatterload_rt2                        0x0000025d   Thumb Code     0  init.o(.text)
    __aeabi_llsl                             0x00000281   Thumb Code    30  llshl.o(.text)
    _ll_shift_l                              0x00000281   Thumb Code     0  llshl.o(.text)
    __aeabi_llsr                             0x0000029f   Thumb Code    32  llushr.o(.text)
    _ll_ushift_r                             0x0000029f   Thumb Code     0  llushr.o(.text)
    GPIO_ClrBit                              0x000002bf   Thumb Code    12  swm320_gpio.o(i.GPIO_ClrBit)
    GPIO_Init                                0x000002cd   Thumb Code   710  swm320_gpio.o(i.GPIO_Init)
    GPIO_SetBit                              0x000005b9   Thumb Code    12  swm320_gpio.o(i.GPIO_SetBit)
    PLLInit                                  0x00000621   Thumb Code    78  system_swm320.o(i.PLLInit)
    PORT_Init                                0x0000067d   Thumb Code  1596  swm320_port.o(i.PORT_Init)
    SPI_Close                                0x00000cc5   Thumb Code    10  swm320_spi.o(i.SPI_Close)
    SPI_FLASH_BufferRead                     0x00000cd1   Thumb Code    86  bsp_spiflash.o(i.SPI_FLASH_BufferRead)
    SPI_FLASH_BufferWrite                    0x00000d31   Thumb Code   290  bsp_spiflash.o(i.SPI_FLASH_BufferWrite)
    SPI_FLASH_PageWrite                      0x00000e55   Thumb Code   108  bsp_spiflash.o(i.SPI_FLASH_PageWrite)
    SPI_FLASH_ReadDeviceID                   0x00000eed   Thumb Code    66  bsp_spiflash.o(i.SPI_FLASH_ReadDeviceID)
    SPI_FLASH_ReadID                         0x00000f39   Thumb Code    82  bsp_spiflash.o(i.SPI_FLASH_ReadID)
    SPI_FLASH_SectorErase                    0x00000f95   Thumb Code    70  bsp_spiflash.o(i.SPI_FLASH_SectorErase)
    SPI_FLASH_WaitForWriteEnd                0x00000fe5   Thumb Code    74  bsp_spiflash.o(i.SPI_FLASH_WaitForWriteEnd)
    SPI_FLASH_WriteEnable                    0x0000103d   Thumb Code    28  bsp_spiflash.o(i.SPI_FLASH_WriteEnable)
    SPI_Flash_Init                           0x00001061   Thumb Code   116  bsp_spiflash.o(i.SPI_Flash_Init)
    SPI_Init                                 0x000010dd   Thumb Code   220  swm320_spi.o(i.SPI_Init)
    SPI_Open                                 0x000011c1   Thumb Code    10  swm320_spi.o(i.SPI_Open)
    SPI_ReadWrite                            0x000011cb   Thumb Code    20  swm320_spi.o(i.SPI_ReadWrite)
    SWM_Delay                                0x000011df   Thumb Code    26  bsp_systick.o(i.SWM_Delay)
    SWM_GetTick                              0x000011f9   Thumb Code     6  bsp_systick.o(i.SWM_GetTick)
    SWM_IncTick                              0x00001205   Thumb Code    12  bsp_systick.o(i.SWM_IncTick)
    SerialInit                               0x00001215   Thumb Code    72  bsp_uart.o(i.SerialInit)
    SysTick_Handler                          0x00001261   Thumb Code     8  bsp_systick.o(i.SysTick_Handler)
    SysTick_Init                             0x00001269   Thumb Code    90  bsp_systick.o(i.SysTick_Init)
    SystemCoreClockUpdate                    0x000012d1   Thumb Code   150  system_swm320.o(i.SystemCoreClockUpdate)
    SystemInit                               0x00001379   Thumb Code   278  system_swm320.o(i.SystemInit)
    UART_Close                               0x00001499   Thumb Code    10  swm320_uart.o(i.UART_Close)
    UART_Init                                0x000014a5   Thumb Code   392  swm320_uart.o(i.UART_Init)
    UART_IsTXBusy                            0x00001635   Thumb Code    14  swm320_uart.o(i.UART_IsTXBusy)
    UART_Open                                0x00001643   Thumb Code    10  swm320_uart.o(i.UART_Open)
    UART_WriteByte                           0x0000164d   Thumb Code     4  swm320_uart.o(i.UART_WriteByte)
    __0printf$5                              0x00001651   Thumb Code    22  printf5.o(i.__0printf$5)
    __1printf$5                              0x00001651   Thumb Code     0  printf5.o(i.__0printf$5)
    __2printf                                0x00001651   Thumb Code     0  printf5.o(i.__0printf$5)
    __scatterload_copy                       0x00001671   Thumb Code    14  handlers.o(i.__scatterload_copy)
    __scatterload_null                       0x0000167f   Thumb Code     2  handlers.o(i.__scatterload_null)
    __scatterload_zeroinit                   0x00001681   Thumb Code    14  handlers.o(i.__scatterload_zeroinit)
    fputc                                    0x00001951   Thumb Code    30  bsp_uart.o(i.fputc)
    main                                     0x00001975   Thumb Code   116  main.o(i.main)
    Region$$Table$$Base                      0x00001a98   Number         0  anon$$obj.o(Region$$Table)
    Region$$Table$$Limit                     0x00001ab8   Number         0  anon$$obj.o(Region$$Table)
    SystemCoreClock                          0x20000000   Data           4  system_swm320.o(.data)
    CyclesPerUs                              0x20000004   Data           4  system_swm320.o(.data)
    Tx_Buffer                                0x20000008   Data          19  main.o(.data)
    __stdout                                 0x20000024   Data           4  stdout.o(.data)
    Rx_Buffer                                0x20000028   Data          18  main.o(.bss)
    __initial_sp                             0x20000440   Data           0  startup_swm320.o(STACK)



==============================================================================

Memory Map of the image

  Image Entry point : 0x00000149

  Load Region LR_IROM1 (Base: 0x00000000, Size: 0x00001ae0, Max: 0x00080000, ABSOLUTE)

    Execution Region ER_IROM1 (Base: 0x00000000, Size: 0x00001ab8, Max: 0x00080000, ABSOLUTE)

    Base Addr    Size         Type   Attr      Idx    E Section Name        Object

    0x00000000   0x00000148   Data   RO          129    RESET               startup_swm320.o
    0x00000148   0x00000000   Code   RO          870  * .ARM.Collect$$$$00000000  mc_w.l(entry.o)
    0x00000148   0x00000004   Code   RO         1134    .ARM.Collect$$$$00000001  mc_w.l(entry2.o)
    0x0000014c   0x00000004   Code   RO         1137    .ARM.Collect$$$$00000004  mc_w.l(entry5.o)
    0x00000150   0x00000000   Code   RO         1139    .ARM.Collect$$$$00000008  mc_w.l(entry7b.o)
    0x00000150   0x00000000   Code   RO         1141    .ARM.Collect$$$$0000000A  mc_w.l(entry8b.o)
    0x00000150   0x00000008   Code   RO         1142    .ARM.Collect$$$$0000000B  mc_w.l(entry9a.o)
    0x00000158   0x00000000   Code   RO         1144    .ARM.Collect$$$$0000000D  mc_w.l(entry10a.o)
    0x00000158   0x00000000   Code   RO         1146    .ARM.Collect$$$$0000000F  mc_w.l(entry11a.o)
    0x00000158   0x00000004   Code   RO         1135    .ARM.Collect$$$$00002712  mc_w.l(entry2.o)
    0x0000015c   0x0000009c   Code   RO          130    .text               startup_swm320.o
    0x000001f8   0x00000062   Code   RO         1151    .text               mc_w.l(uldiv.o)
    0x0000025a   0x00000002   PAD
    0x0000025c   0x00000024   Code   RO         1164    .text               mc_w.l(init.o)
    0x00000280   0x0000001e   Code   RO         1166    .text               mc_w.l(llshl.o)
    0x0000029e   0x00000020   Code   RO         1168    .text               mc_w.l(llushr.o)
    0x000002be   0x0000000c   Code   RO          178    i.GPIO_ClrBit       swm320_gpio.o
    0x000002ca   0x00000002   PAD
    0x000002cc   0x000002ec   Code   RO          182    i.GPIO_Init         swm320_gpio.o
    0x000005b8   0x0000000c   Code   RO          185    i.GPIO_SetBit       swm320_gpio.o
    0x000005c4   0x00000018   Code   RO          274    i.NVIC_DisableIRQ   swm320_spi.o
    0x000005dc   0x00000018   Code   RO          486    i.NVIC_DisableIRQ   swm320_uart.o
    0x000005f4   0x00000016   Code   RO          275    i.NVIC_EnableIRQ    swm320_spi.o
    0x0000060a   0x00000016   Code   RO          487    i.NVIC_EnableIRQ    swm320_uart.o
    0x00000620   0x0000005c   Code   RO            4    i.PLLInit           system_swm320.o
    0x0000067c   0x00000648   Code   RO          250    i.PORT_Init         swm320_port.o
    0x00000cc4   0x0000000a   Code   RO          276    i.SPI_Close         swm320_spi.o
    0x00000cce   0x00000002   PAD
    0x00000cd0   0x00000060   Code   RO          793    i.SPI_FLASH_BufferRead  bsp_spiflash.o
    0x00000d30   0x00000122   Code   RO          794    i.SPI_FLASH_BufferWrite  bsp_spiflash.o
    0x00000e52   0x00000002   PAD
    0x00000e54   0x00000098   Code   RO          795    i.SPI_FLASH_PageWrite  bsp_spiflash.o
    0x00000eec   0x0000004c   Code   RO          796    i.SPI_FLASH_ReadDeviceID  bsp_spiflash.o
    0x00000f38   0x0000005c   Code   RO          797    i.SPI_FLASH_ReadID  bsp_spiflash.o
    0x00000f94   0x00000050   Code   RO          798    i.SPI_FLASH_SectorErase  bsp_spiflash.o
    0x00000fe4   0x00000058   Code   RO          799    i.SPI_FLASH_WaitForWriteEnd  bsp_spiflash.o
    0x0000103c   0x00000024   Code   RO          800    i.SPI_FLASH_WriteEnable  bsp_spiflash.o
    0x00001060   0x0000007c   Code   RO          801    i.SPI_Flash_Init    bsp_spiflash.o
    0x000010dc   0x000000e4   Code   RO          297    i.SPI_Init          swm320_spi.o
    0x000011c0   0x0000000a   Code   RO          301    i.SPI_Open          swm320_spi.o
    0x000011ca   0x00000014   Code   RO          303    i.SPI_ReadWrite     swm320_spi.o
    0x000011de   0x0000001a   Code   RO          706    i.SWM_Delay         bsp_systick.o
    0x000011f8   0x0000000c   Code   RO          707    i.SWM_GetTick       bsp_systick.o
    0x00001204   0x00000010   Code   RO          708    i.SWM_IncTick       bsp_systick.o
    0x00001214   0x0000004c   Code   RO          763    i.SerialInit        bsp_uart.o
    0x00001260   0x00000008   Code   RO          709    i.SysTick_Handler   bsp_systick.o
    0x00001268   0x00000068   Code   RO          710    i.SysTick_Init      bsp_systick.o
    0x000012d0   0x000000a8   Code   RO            5    i.SystemCoreClockUpdate  system_swm320.o
    0x00001378   0x00000120   Code   RO            6    i.SystemInit        system_swm320.o
    0x00001498   0x0000000a   Code   RO          492    i.UART_Close        swm320_uart.o
    0x000014a2   0x00000002   PAD
    0x000014a4   0x00000190   Code   RO          506    i.UART_Init         swm320_uart.o
    0x00001634   0x0000000e   Code   RO          508    i.UART_IsTXBusy     swm320_uart.o
    0x00001642   0x0000000a   Code   RO          514    i.UART_Open         swm320_uart.o
    0x0000164c   0x00000004   Code   RO          519    i.UART_WriteByte    swm320_uart.o
    0x00001650   0x00000020   Code   RO         1006    i.__0printf$5       mc_w.l(printf5.o)
    0x00001670   0x0000000e   Code   RO         1176    i.__scatterload_copy  mc_w.l(handlers.o)
    0x0000167e   0x00000002   Code   RO         1177    i.__scatterload_null  mc_w.l(handlers.o)
    0x00001680   0x0000000e   Code   RO         1178    i.__scatterload_zeroinit  mc_w.l(handlers.o)
    0x0000168e   0x00000002   PAD
    0x00001690   0x000002c0   Code   RO         1013    i._printf_core      mc_w.l(printf5.o)
    0x00001950   0x00000024   Code   RO          764    i.fputc             bsp_uart.o
    0x00001974   0x00000124   Code   RO          137    i.main              main.o
    0x00001a98   0x00000020   Data   RO         1174    Region$$Table       anon$$obj.o


    Execution Region RW_IRAM1 (Base: 0x20000000, Size: 0x00000440, Max: 0x00020000, ABSOLUTE)

    Base Addr    Size         Type   Attr      Idx    E Section Name        Object

    0x20000000   0x00000008   Data   RW            7    .data               system_swm320.o
    0x20000008   0x00000013   Data   RW          139    .data               main.o
    0x2000001b   0x00000001   PAD
    0x2000001c   0x00000004   Data   RW          711    .data               bsp_systick.o
    0x20000020   0x00000004   Data   RW          803    .data               bsp_spiflash.o
    0x20000024   0x00000004   Data   RW         1148    .data               mc_w.l(stdout.o)
    0x20000028   0x00000012   Zero   RW          138    .bss                main.o
    0x2000003a   0x00000006   PAD
    0x20000040   0x00000400   Zero   RW          127    STACK               startup_swm320.o


==============================================================================

Image component sizes


      Code (inc. data)   RO Data    RW Data    ZI Data      Debug   Object Name

      1034        114          0          4          0       6110   bsp_spiflash.o
       166         24          0          4          0      26996   bsp_systick.o
       112         10          0          0          0       1105   bsp_uart.o
       292        176          0         19         18       1445   main.o
       156          4        328          0       1024       3384   startup_swm320.o
       772         38          0          0          0       2384   swm320_gpio.o
      1608         30          0          0          0       1228   swm320_port.o
       314         14          0          0          0      27409   swm320_spi.o
       484         14          0          0          0       4066   swm320_uart.o
       548         48          0          8          0      75901   system_swm320.o

    ----------------------------------------------------------------------
      5494        472        360         36       1048     150028   Object Totals
         0          0         32          0          0          0   (incl. Generated)
         8          0          0          1          6          0   (incl. Padding)

    ----------------------------------------------------------------------

      Code (inc. data)   RO Data    RW Data    ZI Data      Debug   Library Member Name

         0          0          0          0          0          0   entry.o
         0          0          0          0          0          0   entry10a.o
         0          0          0          0          0          0   entry11a.o
         8          4          0          0          0          0   entry2.o
         4          0          0          0          0          0   entry5.o
         0          0          0          0          0          0   entry7b.o
         0          0          0          0          0          0   entry8b.o
         8          4          0          0          0          0   entry9a.o
        30          0          0          0          0          0   handlers.o
        36          8          0          0          0         68   init.o
        30          0          0          0          0         68   llshl.o
        32          0          0          0          0         68   llushr.o
       736         56          0          0          0        184   printf5.o
         0          0          0          4          0          0   stdout.o
        98          0          0          0          0         92   uldiv.o

    ----------------------------------------------------------------------
       986         72          0          4          0        480   Library Totals
         4          0          0          0          0          0   (incl. Padding)

    ----------------------------------------------------------------------

      Code (inc. data)   RO Data    RW Data    ZI Data      Debug   Library Name

       982         72          0          4          0        480   mc_w.l

    ----------------------------------------------------------------------
       986         72          0          4          0        480   Library Totals

    ----------------------------------------------------------------------

==============================================================================


      Code (inc. data)   RO Data    RW Data    ZI Data      Debug   

      6480        544        360         40       1048     148684   Grand Totals
      6480        544        360         40       1048     148684   ELF Image Totals
      6480        544        360         40          0          0   ROM Totals

==============================================================================

    Total RO  Size (Code + RO Data)                 6840 (   6.68kB)
    Total RW  Size (RW Data + ZI Data)              1088 (   1.06kB)
    Total ROM Size (Code + RO Data + RW Data)       6880 (   6.72kB)

==============================================================================

