Component: ARM Compiler 5.05 update 1 (build 106) Tool: armlink [4d0efa]

==============================================================================

Section Cross References

    system_swm320.o(i.SystemCoreClockUpdate) refers to system_swm320.o(.data) for SystemCoreClock
    system_swm320.o(i.SystemInit) refers to system_swm320.o(i.PLLInit) for PLLInit
    system_swm320.o(i.SystemInit) refers to system_swm320.o(i.SystemCoreClockUpdate) for SystemCoreClockUpdate
    startup_swm320.o(RESET) refers to startup_swm320.o(STACK) for __initial_sp
    startup_swm320.o(RESET) refers to startup_swm320.o(.text) for Reset_Handler
    startup_swm320.o(.text) refers to entry.o(.ARM.Collect$$$$00000000) for __main
    main.o(i.main) refers to system_swm320.o(i.SystemInit) for SystemInit
    main.o(i.main) refers to bsp_uart.o(i.SerialInit) for SerialInit
    main.o(i.main) refers to ota.o(i.OTA_Init) for OTA_Init
    main.o(i.main) refers to ota.o(i.OTA_SDtoSPIFLASH) for OTA_SDtoSPIFLASH
    main.o(i.main) refers to ota.o(i.OTA_SPIFLASHtoFLASH) for OTA_SPIFLASHtoFLASH
    main.o(i.main) refers to printf1.o(i.__0printf$1) for __2printf
    swm320_gpio.o(i.GPIO_Init) refers to swm320_port.o(i.PORT_Init) for PORT_Init
    swm320_sdio.o(i.SDIO_BlockRead) refers to swm320_sdio.o(i.SDIO_SendCmd) for SDIO_SendCmd
    swm320_sdio.o(i.SDIO_BlockRead) refers to swm320_sdio.o(.bss) for SD_cardInfo
    swm320_sdio.o(i.SDIO_BlockWrite) refers to swm320_sdio.o(i.SDIO_SendCmd) for SDIO_SendCmd
    swm320_sdio.o(i.SDIO_BlockWrite) refers to swm320_sdio.o(.bss) for SD_cardInfo
    swm320_sdio.o(i.SDIO_Init) refers to swm320_sdio.o(i.calcSDCLKDiv) for calcSDCLKDiv
    swm320_sdio.o(i.SDIO_Init) refers to swm320_sdio.o(i.SDIO_SendCmd) for SDIO_SendCmd
    swm320_sdio.o(i.SDIO_Init) refers to swm320_sdio.o(i.parseCID) for parseCID
    swm320_sdio.o(i.SDIO_Init) refers to swm320_sdio.o(i.parseCSD) for parseCSD
    swm320_sdio.o(i.SDIO_Init) refers to system_swm320.o(.data) for SystemCoreClock
    swm320_sdio.o(i.SDIO_Init) refers to swm320_sdio.o(.bss) for SD_cardInfo
    swm320_sdio.o(i.calcSDCLKDiv) refers to system_swm320.o(.data) for SystemCoreClock
    swm320_sdio.o(i.parseCID) refers to swm320_sdio.o(.bss) for SD_cardInfo
    swm320_sdio.o(i.parseCSD) refers to swm320_sdio.o(.bss) for SD_cardInfo
    swm320_uart.o(i.UART_Init) refers to swm320_uart.o(i.UART_Close) for UART_Close
    swm320_uart.o(i.UART_Init) refers to swm320_uart.o(i.NVIC_EnableIRQ) for NVIC_EnableIRQ
    swm320_uart.o(i.UART_Init) refers to swm320_uart.o(i.NVIC_DisableIRQ) for NVIC_DisableIRQ
    swm320_uart.o(i.UART_Init) refers to system_swm320.o(.data) for SystemCoreClock
    swm320_uart.o(i.UART_SetBaudrate) refers to system_swm320.o(.data) for SystemCoreClock
    swm320_spi.o(i.SPI_Init) refers to swm320_spi.o(i.SPI_Close) for SPI_Close
    swm320_spi.o(i.SPI_Init) refers to swm320_spi.o(i.NVIC_EnableIRQ) for NVIC_EnableIRQ
    swm320_spi.o(i.SPI_Init) refers to swm320_spi.o(i.NVIC_DisableIRQ) for NVIC_DisableIRQ
    swm320_flash.o(i.FLASH_Write) refers to swm320_flash.o(PlaceInRAM) for switchTo80M
    bsp_uart.o(i.SerialInit) refers to swm320_port.o(i.PORT_Init) for PORT_Init
    bsp_uart.o(i.SerialInit) refers to swm320_uart.o(i.UART_Init) for UART_Init
    bsp_uart.o(i.SerialInit) refers to swm320_uart.o(i.UART_Open) for UART_Open
    bsp_uart.o(i.fputc) refers to swm320_uart.o(i.UART_WriteByte) for UART_WriteByte
    bsp_uart.o(i.fputc) refers to swm320_uart.o(i.UART_IsTXBusy) for UART_IsTXBusy
    bsp_sdio.o(i.bsp_SDIOInit) refers to swm320_port.o(i.PORT_Init) for PORT_Init
    bsp_sdio.o(i.bsp_SDIOInit) refers to swm320_sdio.o(i.SDIO_Init) for SDIO_Init
    bsp_spiflash.o(i.SPI_FLASH_BufferRead) refers to swm320_gpio.o(i.GPIO_ClrBit) for GPIO_ClrBit
    bsp_spiflash.o(i.SPI_FLASH_BufferRead) refers to swm320_spi.o(i.SPI_ReadWrite) for SPI_ReadWrite
    bsp_spiflash.o(i.SPI_FLASH_BufferRead) refers to swm320_gpio.o(i.GPIO_SetBit) for GPIO_SetBit
    bsp_spiflash.o(i.SPI_FLASH_BufferWrite) refers to bsp_spiflash.o(i.SPI_FLASH_PageWrite) for SPI_FLASH_PageWrite
    bsp_spiflash.o(i.SPI_FLASH_PageWrite) refers to bsp_spiflash.o(i.SPI_FLASH_WriteEnable) for SPI_FLASH_WriteEnable
    bsp_spiflash.o(i.SPI_FLASH_PageWrite) refers to swm320_gpio.o(i.GPIO_ClrBit) for GPIO_ClrBit
    bsp_spiflash.o(i.SPI_FLASH_PageWrite) refers to swm320_spi.o(i.SPI_ReadWrite) for SPI_ReadWrite
    bsp_spiflash.o(i.SPI_FLASH_PageWrite) refers to printf1.o(i.__0printf$1) for __2printf
    bsp_spiflash.o(i.SPI_FLASH_PageWrite) refers to swm320_gpio.o(i.GPIO_SetBit) for GPIO_SetBit
    bsp_spiflash.o(i.SPI_FLASH_PageWrite) refers to bsp_spiflash.o(i.SPI_FLASH_WaitForWriteEnd) for SPI_FLASH_WaitForWriteEnd
    bsp_spiflash.o(i.SPI_FLASH_ReadDeviceID) refers to swm320_gpio.o(i.GPIO_ClrBit) for GPIO_ClrBit
    bsp_spiflash.o(i.SPI_FLASH_ReadDeviceID) refers to swm320_spi.o(i.SPI_ReadWrite) for SPI_ReadWrite
[...]
    ota.o(i.OTA_SDtoSPIFLASH) refers to ff.o(i.f_read) for f_read
    ota.o(i.OTA_SDtoSPIFLASH) refers to ff.o(i.f_write) for f_write
    ota.o(i.OTA_SDtoSPIFLASH) refers to ff.o(i.f_close) for f_close
    ota.o(i.OTA_SDtoSPIFLASH) refers to ota.o(.bss) for SD_file
    ota.o(i.OTA_SDtoSPIFLASH) refers to ota.o(.data) for res_sd
    ota.o(i.OTA_SPIFLASHtoFLASH) refers to memseta.o(.text) for __aeabi_memclr4
    ota.o(i.OTA_SPIFLASHtoFLASH) refers to printf1.o(i.__0printf$1) for __2printf
    ota.o(i.OTA_SPIFLASHtoFLASH) refers to ff.o(i.f_open) for f_open
    ota.o(i.OTA_SPIFLASHtoFLASH) refers to ff.o(i.f_lseek) for f_lseek
    ota.o(i.OTA_SPIFLASHtoFLASH) refers to ff.o(i.f_read) for f_read
    ota.o(i.OTA_SPIFLASHtoFLASH) refers to swm320_flash.o(i.FLASH_Write) for FLASH_Write
    ota.o(i.OTA_SPIFLASHtoFLASH) refers to ff.o(i.f_close) for f_close
    ota.o(i.OTA_SPIFLASHtoFLASH) refers to ota.o(i.JumpToApp) for JumpToApp
    ota.o(i.OTA_SPIFLASHtoFLASH) refers to ota.o(.bss) for FLASH_file
    ota.o(i.OTA_SPIFLASHtoFLASH) refers to ota.o(.data) for res_flash
    ota.o(i.SD_FAT_Init) refers to ff.o(i.f_mount) for f_mount
    ota.o(i.SD_FAT_Init) refers to printf1.o(i.__0printf$1) for __2printf
    ota.o(i.SD_FAT_Init) refers to ff.o(i.f_mkfs) for f_mkfs
    ota.o(i.SD_FAT_Init) refers to ota.o(.bss) for SD_fs
    ota.o(i.SD_FAT_Init) refers to ota.o(.data) for res_sd
    entry.o(.ARM.Collect$$$$00000000) refers (Special) to entry10a.o(.ARM.Collect$$$$0000000D) for __rt_final_cpp
    entry.o(.ARM.Collect$$$$00000000) refers (Special) to entry11a.o(.ARM.Collect$$$$0000000F) for __rt_final_exit
    entry.o(.ARM.Collect$$$$00000000) refers (Special) to entry7b.o(.ARM.Collect$$$$00000008) for _main_clock
    entry.o(.ARM.Collect$$$$00000000) refers (Special) to entry8b.o(.ARM.Collect$$$$0000000A) for _main_cpp_init
    entry.o(.ARM.Collect$$$$00000000) refers (Special) to entry9a.o(.ARM.Collect$$$$0000000B) for _main_init
    entry.o(.ARM.Collect$$$$00000000) refers (Special) to entry5.o(.ARM.Collect$$$$00000004) for _main_scatterload
    entry.o(.ARM.Collect$$$$00000000) refers (Special) to entry2.o(.ARM.Collect$$$$00000001) for _main_stk
    printfb.o(i.__0fprintf$bare) refers to printfb.o(i._printf_core) for _printf_core
    printfb.o(i.__0fprintf$bare) refers to bsp_uart.o(i.fputc) for fputc
    printfb.o(i.__0printf$bare) refers to printfb.o(i._printf_core) for _printf_core
    printfb.o(i.__0printf$bare) refers to bsp_uart.o(i.fputc) for fputc
    printfb.o(i.__0printf$bare) refers to stdout.o(.data) for __stdout
    printfb.o(i.__0snprintf$bare) refers to printfb.o(i._printf_core) for _printf_core
    printfb.o(i.__0snprintf$bare) refers to printfb.o(i._snputc) for _snputc
    printfb.o(i.__0sprintf$bare) refers to printfb.o(i._printf_core) for _printf_core
    printfb.o(i.__0sprintf$bare) refers to printfb.o(i._sputc) for _sputc
    printfb.o(i.__0vfprintf$bare) refers to printfb.o(i._printf_core) for _printf_core
    printfb.o(i.__0vfprintf$bare) refers to bsp_uart.o(i.fputc) for fputc
    printfb.o(i.__0vprintf$bare) refers to printfb.o(i._printf_core) for _printf_core
    printfb.o(i.__0vprintf$bare) refers to bsp_uart.o(i.fputc) for fputc
    printfb.o(i.__0vprintf$bare) refers to stdout.o(.data) for __stdout
    printfb.o(i.__0vsnprintf$bare) refers to printfb.o(i._printf_core) for _printf_core
    printfb.o(i.__0vsnprintf$bare) refers to printfb.o(i._snputc) for _snputc
    printfb.o(i.__0vsprintf$bare) refers to printfb.o(i._printf_core) for _printf_core
    printfb.o(i.__0vsprintf$bare) refers to printfb.o(i._sputc) for _sputc
    printf0.o(i.__0fprintf$0) refers to printf0.o(i._printf_core) for _printf_core
    printf0.o(i.__0fprintf$0) refers to bsp_uart.o(i.fputc) for fputc
    printf0.o(i.__0printf$0) refers to printf0.o(i._printf_core) for _printf_core
    printf0.o(i.__0printf$0) refers to bsp_uart.o(i.fputc) for fputc
    printf0.o(i.__0printf$0) refers to stdout.o(.data) for __stdout
    printf0.o(i.__0snprintf$0) refers to printf0.o(i._printf_core) for _printf_core
    printf0.o(i.__0snprintf$0) refers to printf0.o(i._snputc) for _snputc
    printf0.o(i.__0sprintf$0) refers to printf0.o(i._printf_core) for _printf_core
    printf0.o(i.__0sprintf$0) refers to printf0.o(i._sputc) for _sputc
    printf0.o(i.__0vfprintf$0) refers to printf0.o(i._printf_core) for _printf_core
    printf0.o(i.__0vfprintf$0) refers to bsp_uart.o(i.fputc) for fputc
    printf0.o(i.__0vprintf$0) refers to printf0.o(i._printf_core) for _printf_core
    printf0.o(i.__0vprintf$0) refers to bsp_uart.o(i.fputc) for fputc
    printf0.o(i.__0vprintf$0) refers to stdout.o(.data) for __stdout
    printf0.o(i.__0vsnprintf$0) refers to printf0.o(i._printf_core) for _printf_core
    printf0.o(i.__0vsnprintf$0) refers to printf0.o(i._snputc) for _snputc
    printf0.o(i.__0vsprintf$0) refers to printf0.o(i._printf_core) for _printf_core
    printf0.o(i.__0vsprintf$0) refers to printf0.o(i._sputc) for _sputc
    printf1.o(i.__0fprintf$1) refers to printf1.o(i._printf_core) for _printf_core
    printf1.o(i.__0fprintf$1) refers to bsp_uart.o(i.fputc) for fputc
    printf1.o(i.__0printf$1) refers to printf1.o(i._printf_core) for _printf_core
    printf1.o(i.__0printf$1) refers to bsp_uart.o(i.fputc) for fputc
    printf1.o(i.__0printf$1) refers to stdout.o(.data) for __stdout
    printf1.o(i.__0snprintf$1) refers to printf1.o(i._printf_core) for _printf_core
    printf1.o(i.__0snprintf$1) refers to printf1.o(i._snputc) for _snputc
    printf1.o(i.__0sprintf$1) refers to printf1.o(i._printf_core) for _printf_core
    printf1.o(i.__0sprintf$1) refers to printf1.o(i._sputc) for _sputc
    printf1.o(i.__0vfprintf$1) refers to printf1.o(i._printf_core) for _printf_core
    printf1.o(i.__0vfprintf$1) refers to bsp_uart.o(i.fputc) for fputc
    printf1.o(i.__0vprintf$1) refers to printf1.o(i._printf_core) for _printf_core
    printf1.o(i.__0vprintf$1) refers to bsp_uart.o(i.fputc) for fputc
    printf1.o(i.__0vprintf$1) refers to stdout.o(.data) for __stdout
    printf1.o(i.__0vsnprintf$1) refers to printf1.o(i._printf_core) for _printf_core
    printf1.o(i.__0vsnprintf$1) refers to printf1.o(i._snputc) for _snputc
    printf1.o(i.__0vsprintf$1) refers to printf1.o(i._printf_core) for _printf_core
    printf1.o(i.__0vsprintf$1) refers to printf1.o(i._sputc) for _sputc
    printf1.o(i._printf_core) refers to uidiv.o(.text) for __aeabi_uidivmod
    printf2.o(i.__0fprintf$2) refers to printf2.o(i._printf_core) for _printf_core
    printf2.o(i.__0fprintf$2) refers to bsp_uart.o(i.fputc) for fputc
    printf2.o(i.__0printf$2) refers to printf2.o(i._printf_core) for _printf_core
    printf2.o(i.__0printf$2) refers to bsp_uart.o(i.fputc) for fputc
    printf2.o(i.__0printf$2) refers to stdout.o(.data) for __stdout
    printf2.o(i.__0snprintf$2) refers to printf2.o(i._printf_core) for _printf_core
    printf2.o(i.__0snprintf$2) refers to printf2.o(i._snputc) for _snputc
    printf2.o(i.__0sprintf$2) refers to printf2.o(i._printf_core) for _printf_core
    printf2.o(i.__0sprintf$2) refers to printf2.o(i._sputc) for _sputc
    printf2.o(i.__0vfprintf$2) refers to printf2.o(i._printf_core) for _printf_core
    printf2.o(i.__0vfprintf$2) refers to bsp_uart.o(i.fputc) for fputc
    printf2.o(i.__0vprintf$2) refers to printf2.o(i._printf_core) for _printf_core
    printf2.o(i.__0vprintf$2) refers to bsp_uart.o(i.fputc) for fputc
    printf2.o(i.__0vprintf$2) refers to stdout.o(.data) for __stdout
    printf2.o(i.__0vsnprintf$2) refers to printf2.o(i._printf_core) for _printf_core
    printf2.o(i.__0vsnprintf$2) refers to printf2.o(i._snputc) for _snputc
    printf2.o(i.__0vsprintf$2) refers to printf2.o(i._printf_core) for _printf_core
    printf2.o(i.__0vsprintf$2) refers to printf2.o(i._sputc) for _sputc
    printf3.o(i.__0fprintf$3) refers to printf3.o(i._printf_core) for _printf_core
    printf3.o(i.__0fprintf$3) refers to bsp_uart.o(i.fputc) for fputc
    printf3.o(i.__0printf$3) refers to printf3.o(i._printf_core) for _printf_core
    printf3.o(i.__0printf$3) refers to bsp_uart.o(i.fputc) for fputc
    printf3.o(i.__0printf$3) refers to stdout.o(.data) for __stdout
    printf3.o(i.__0snprintf$3) refers to printf3.o(i._printf_core) for _printf_core
    printf3.o(i.__0snprintf$3) refers to printf3.o(i._snputc) for _snputc
    printf3.o(i.__0sprintf$3) refers to printf3.o(i._printf_core) for _printf_core
    printf3.o(i.__0sprintf$3) refers to printf3.o(i._sputc) for _sputc
    printf3.o(i.__0vfprintf$3) refers to printf3.o(i._printf_core) for _printf_core
    printf3.o(i.__0vfprintf$3) refers to bsp_uart.o(i.fputc) for fputc
    printf3.o(i.__0vprintf$3) refers to printf3.o(i._printf_core) for _printf_core
    printf3.o(i.__0vprintf$3) refers to bsp_uart.o(i.fputc) for fputc
    printf3.o(i.__0vprintf$3) refers to stdout.o(.data) for __stdout
    printf3.o(i.__0vsnprintf$3) refers to printf3.o(i._printf_core) for _printf_core
    printf3.o(i.__0vsnprintf$3) refers to printf3.o(i._snputc) for _snputc
    printf3.o(i.__0vsprintf$3) refers to printf3.o(i._printf_core) for _printf_core
    printf3.o(i.__0vsprintf$3) refers to printf3.o(i._sputc) for _sputc
    printf3.o(i._printf_core) refers to uidiv.o(.text) for __aeabi_uidivmod
    printf4.o(i.__0fprintf$4) refers to printf4.o(i._printf_core) for _printf_core
    printf4.o(i.__0fprintf$4) refers to bsp_uart.o(i.fputc) for fputc
    printf4.o(i.__0printf$4) refers to printf4.o(i._printf_core) for _printf_core
    printf4.o(i.__0printf$4) refers to bsp_uart.o(i.fputc) for fputc
    printf4.o(i.__0printf$4) refers to stdout.o(.data) for __stdout
    printf4.o(i.__0snprintf$4) refers to printf4.o(i._printf_core) for _printf_core
    printf4.o(i.__0snprintf$4) refers to printf4.o(i._snputc) for _snputc
    printf4.o(i.__0sprintf$4) refers to printf4.o(i._printf_core) for _printf_core
    printf4.o(i.__0sprintf$4) refers to printf4.o(i._sputc) for _sputc
    printf4.o(i.__0vfprintf$4) refers to printf4.o(i._printf_core) for _printf_core
    printf4.o(i.__0vfprintf$4) refers to bsp_uart.o(i.fputc) for fputc
    printf4.o(i.__0vprintf$4) refers to printf4.o(i._printf_core) for _printf_core
    printf4.o(i.__0vprintf$4) refers to bsp_uart.o(i.fputc) for fputc
    printf4.o(i.__0vprintf$4) refers to stdout.o(.data) for __stdout
    printf4.o(i.__0vsnprintf$4) refers to printf4.o(i._printf_core) for _printf_core
    printf4.o(i.__0vsnprintf$4) refers to printf4.o(i._snputc) for _snputc
    printf4.o(i.__0vsprintf$4) refers to printf4.o(i._printf_core) for _printf_core
    printf4.o(i.__0vsprintf$4) refers to printf4.o(i._sputc) for _sputc
    printf4.o(i._printf_core) refers to uldiv.o(.text) for __aeabi_uldivmod
    printf5.o(i.__0fprintf$5) refers to printf5.o(i._printf_core) for _printf_core
    printf5.o(i.__0fprintf$5) refers to bsp_uart.o(i.fputc) for fputc
    printf5.o(i.__0printf$5) refers to printf5.o(i._printf_core) for _printf_core
    printf5.o(i.__0printf$5) refers to bsp_uart.o(i.fputc) for fputc
    printf5.o(i.__0printf$5) refers to stdout.o(.data) for __stdout
    printf5.o(i.__0snprintf$5) refers to printf5.o(i._printf_core) for _printf_core
    printf5.o(i.__0snprintf$5) refers to printf5.o(i._snputc) for _snputc
    printf5.o(i.__0sprintf$5) refers to printf5.o(i._printf_core) for _printf_core
    printf5.o(i.__0sprintf$5) refers to printf5.o(i._sputc) for _sputc
    printf5.o(i.__0vfprintf$5) refers to printf5.o(i._printf_core) for _printf_core
    printf5.o(i.__0vfprintf$5) refers to bsp_uart.o(i.fputc) for fputc
    printf5.o(i.__0vprintf$5) refers to printf5.o(i._printf_core) for _printf_core
    printf5.o(i.__0vprintf$5) refers to bsp_uart.o(i.fputc) for fputc
    printf5.o(i.__0vprintf$5) refers to stdout.o(.data) for __stdout
    printf5.o(i.__0vsnprintf$5) refers to printf5.o(i._printf_core) for _printf_core
    printf5.o(i.__0vsnprintf$5) refers to printf5.o(i._snputc) for _snputc
    printf5.o(i.__0vsprintf$5) refers to printf5.o(i._printf_core) for _printf_core
    printf5.o(i.__0vsprintf$5) refers to printf5.o(i._sputc) for _sputc
    printf5.o(i._printf_core) refers to uldiv.o(.text) for __aeabi_uldivmod
    printf6.o(i.__0fprintf$6) refers to printf6.o(i._printf_core) for _printf_core
    printf6.o(i.__0fprintf$6) refers to bsp_uart.o(i.fputc) for fputc
    printf6.o(i.__0printf$6) refers to printf6.o(i._printf_core) for _printf_core
    printf6.o(i.__0printf$6) refers to bsp_uart.o(i.fputc) for fputc
    printf6.o(i.__0printf$6) refers to stdout.o(.data) for __stdout
    printf6.o(i.__0snprintf$6) refers to printf6.o(i._printf_core) for _printf_core
    printf6.o(i.__0snprintf$6) refers to printf6.o(i._snputc) for _snputc
    printf6.o(i.__0sprintf$6) refers to printf6.o(i._printf_core) for _printf_core
    printf6.o(i.__0sprintf$6) refers to printf6.o(i._sputc) for _sputc
    printf6.o(i.__0vfprintf$6) refers to printf6.o(i._printf_core) for _printf_core
    printf6.o(i.__0vfprintf$6) refers to bsp_uart.o(i.fputc) for fputc
    printf6.o(i.__0vprintf$6) refers to printf6.o(i._printf_core) for _printf_core
    printf6.o(i.__0vprintf$6) refers to bsp_uart.o(i.fputc) for fputc
    printf6.o(i.__0vprintf$6) refers to stdout.o(.data) for __stdout
    printf6.o(i.__0vsnprintf$6) refers to printf6.o(i._printf_core) for _printf_core
    printf6.o(i.__0vsnprintf$6) refers to printf6.o(i._snputc) for _snputc
    printf6.o(i.__0vsprintf$6) refers to printf6.o(i._printf_core) for _printf_core
    printf6.o(i.__0vsprintf$6) refers to printf6.o(i._sputc) for _sputc
    printf6.o(i._printf_core) refers to printf6.o(i._printf_pre_padding) for _printf_pre_padding
    printf6.o(i._printf_core) refers to uidiv.o(.text) for __aeabi_uidivmod
    printf6.o(i._printf_core) refers to printf6.o(i._printf_post_padding) for _printf_post_padding
    printf7.o(i.__0fprintf$7) refers to printf7.o(i._printf_core) for _printf_core
    printf7.o(i.__0fprintf$7) refers to bsp_uart.o(i.fputc) for fputc
    printf7.o(i.__0printf$7) refers to printf7.o(i._printf_core) for _printf_core
    printf7.o(i.__0printf$7) refers to bsp_uart.o(i.fputc) for fputc
    printf7.o(i.__0printf$7) refers to stdout.o(.data) for __stdout
    printf7.o(i.__0snprintf$7) refers to printf7.o(i._printf_core) for _printf_core
    printf7.o(i.__0snprintf$7) refers to printf7.o(i._snputc) for _snputc
    printf7.o(i.__0sprintf$7) refers to printf7.o(i._printf_core) for _printf_core
    printf7.o(i.__0sprintf$7) refers to printf7.o(i._sputc) for _sputc
    printf7.o(i.__0vfprintf$7) refers to printf7.o(i._printf_core) for _printf_core
    printf7.o(i.__0vfprintf$7) refers to bsp_uart.o(i.fputc) for fputc
    printf7.o(i.__0vprintf$7) refers to printf7.o(i._printf_core) for _printf_core
    printf7.o(i.__0vprintf$7) refers to bsp_uart.o(i.fputc) for fputc
    printf7.o(i.__0vprintf$7) refers to stdout.o(.data) for __stdout
    printf7.o(i.__0vsnprintf$7) refers to printf7.o(i._printf_core) for _printf_core
    printf7.o(i.__0vsnprintf$7) refers to printf7.o(i._snputc) for _snputc
    printf7.o(i.__0vsprintf$7) refers to printf7.o(i._printf_core) for _printf_core
    printf7.o(i.__0vsprintf$7) refers to printf7.o(i._sputc) for _sputc
    printf7.o(i._printf_core) refers to printf7.o(i._printf_pre_padding) for _printf_pre_padding
    printf7.o(i._printf_core) refers to uldiv.o(.text) for __aeabi_uldivmod
    printf7.o(i._printf_core) refers to printf7.o(i._printf_post_padding) for _printf_post_padding
    printf8.o(i.__0fprintf$8) refers to printf8.o(i._printf_core) for _printf_core
    printf8.o(i.__0fprintf$8) refers to bsp_uart.o(i.fputc) for fputc
    printf8.o(i.__0printf$8) refers to printf8.o(i._printf_core) for _printf_core
    printf8.o(i.__0printf$8) refers to bsp_uart.o(i.fputc) for fputc
    printf8.o(i.__0printf$8) refers to stdout.o(.data) for __stdout
    printf8.o(i.__0snprintf$8) refers to printf8.o(i._printf_core) for _printf_core
    printf8.o(i.__0snprintf$8) refers to printf8.o(i._snputc) for _snputc
    printf8.o(i.__0sprintf$8) refers to printf8.o(i._printf_core) for _printf_core
    printf8.o(i.__0sprintf$8) refers to printf8.o(i._sputc) for _sputc
    printf8.o(i.__0vfprintf$8) refers to printf8.o(i._printf_core) for _printf_core
    printf8.o(i.__0vfprintf$8) refers to bsp_uart.o(i.fputc) for fputc
    printf8.o(i.__0vprintf$8) refers to printf8.o(i._printf_core) for _printf_core
    printf8.o(i.__0vprintf$8) refers to bsp_uart.o(i.fputc) for fputc
    printf8.o(i.__0vprintf$8) refers to stdout.o(.data) for __stdout
    printf8.o(i.__0vsnprintf$8) refers to printf8.o(i._printf_core) for _printf_core
    printf8.o(i.__0vsnprintf$8) refers to printf8.o(i._snputc) for _snputc
    printf8.o(i.__0vsprintf$8) refers to printf8.o(i._printf_core) for _printf_core
    printf8.o(i.__0vsprintf$8) refers to printf8.o(i._sputc) for _sputc
    printf8.o(i._printf_core) refers to printf8.o(i._printf_pre_padding) for _printf_pre_padding
    printf8.o(i._printf_core) refers to uldiv.o(.text) for __aeabi_uldivmod
    printf8.o(i._printf_core) refers to printf8.o(i._printf_post_padding) for _printf_post_padding
    printfa.o(i.__0fprintf) refers (Special) to iusefp.o(.text) for __I$use$fp
    printfa.o(i.__0fprintf) refers to printfa.o(i._printf_core) for _printf_core
    printfa.o(i.__0fprintf) refers to bsp_uart.o(i.fputc) for fputc
    printfa.o(i.__0printf) refers (Special) to iusefp.o(.text) for __I$use$fp
    printfa.o(i.__0printf) refers to printfa.o(i._printf_core) for _printf_core
    printfa.o(i.__0printf) refers to bsp_uart.o(i.fputc) for fputc
    printfa.o(i.__0printf) refers to stdout.o(.data) for __stdout
    printfa.o(i.__0snprintf) refers (Special) to iusefp.o(.text) for __I$use$fp
    printfa.o(i.__0snprintf) refers to printfa.o(i._printf_core) for _printf_core
    printfa.o(i.__0snprintf) refers to printfa.o(i._snputc) for _snputc
    printfa.o(i.__0sprintf) refers (Special) to iusefp.o(.text) for __I$use$fp
    printfa.o(i.__0sprintf) refers to printfa.o(i._printf_core) for _printf_core
    printfa.o(i.__0sprintf) refers to printfa.o(i._sputc) for _sputc
    printfa.o(i.__0vfprintf) refers (Special) to iusefp.o(.text) for __I$use$fp
    printfa.o(i.__0vfprintf) refers to printfa.o(i._printf_core) for _printf_core
    printfa.o(i.__0vfprintf) refers to bsp_uart.o(i.fputc) for fputc
    printfa.o(i.__0vprintf) refers (Special) to iusefp.o(.text) for __I$use$fp
    printfa.o(i.__0vprintf) refers to printfa.o(i._printf_core) for _printf_core
    printfa.o(i.__0vprintf) refers to bsp_uart.o(i.fputc) for fputc
    printfa.o(i.__0vprintf) refers to stdout.o(.data) for __stdout
    printfa.o(i.__0vsnprintf) refers (Special) to iusefp.o(.text) for __I$use$fp
    printfa.o(i.__0vsnprintf) refers to printfa.o(i._printf_core) for _printf_core
    printfa.o(i.__0vsnprintf) refers to printfa.o(i._snputc) for _snputc
    printfa.o(i.__0vsprintf) refers (Special) to iusefp.o(.text) for __I$use$fp
    printfa.o(i.__0vsprintf) refers to printfa.o(i._printf_core) for _printf_core
    printfa.o(i.__0vsprintf) refers to printfa.o(i._sputc) for _sputc
    printfa.o(i._fp_digits) refers (Special) to iusefp.o(.text) for __I$use$fp
    printfa.o(i._fp_digits) refers to dmul.o(.text) for __aeabi_dmul
    printfa.o(i._fp_digits) refers to ddiv.o(.text) for __aeabi_ddiv
    printfa.o(i._fp_digits) refers to cdrcmple.o(.text) for __aeabi_cdrcmple
    printfa.o(i._fp_digits) refers to dadd.o(.text) for __aeabi_dadd
    printfa.o(i._fp_digits) refers to dfixul.o(.text) for __aeabi_d2ulz
    printfa.o(i._fp_digits) refers to uldiv.o(.text) for __aeabi_uldivmod
    printfa.o(i._printf_core) refers (Special) to iusefp.o(.text) for __I$use$fp
    printfa.o(i._printf_core) refers to printfa.o(i._printf_pre_padding) for _printf_pre_padding
    printfa.o(i._printf_core) refers to uldiv.o(.text) for __aeabi_uldivmod
    printfa.o(i._printf_core) refers to printfa.o(i._printf_post_padding) for _printf_post_padding
    printfa.o(i._printf_core) refers to printfa.o(i._fp_digits) for _fp_digits
    printfa.o(i._printf_core) refers to uidiv.o(.text) for __aeabi_uidivmod
    printfa.o(i._printf_post_padding) refers (Special) to iusefp.o(.text) for __I$use$fp
    printfa.o(i._printf_pre_padding) refers (Special) to iusefp.o(.text) for __I$use$fp
    printfa.o(i._snputc) refers (Special) to iusefp.o(.text) for __I$use$fp
    printfa.o(i._sputc) refers (Special) to iusefp.o(.text) for __I$use$fp
    entry2.o(.ARM.Collect$$$$00000001) refers to entry2.o(.ARM.Collect$$$$00002712) for __lit__00000000
    entry2.o(.ARM.Collect$$$$00002712) refers to startup_swm320.o(STACK) for __initial_sp
    entry2.o(__vectab_stack_and_reset_area) refers to startup_swm320.o(STACK) for __initial_sp
    entry2.o(__vectab_stack_and_reset_area) refers to entry.o(.ARM.Collect$$$$00000000) for __main
    entry5.o(.ARM.Collect$$$$00000004) refers to init.o(.text) for __scatterload
    entry9a.o(.ARM.Collect$$$$0000000B) refers to main.o(i.main) for main
    entry9b.o(.ARM.Collect$$$$0000000C) refers to main.o(i.main) for main
    uldiv.o(.text) refers to llushr.o(.text) for __aeabi_llsr
    uldiv.o(.text) refers to llshl.o(.text) for __aeabi_llsl
    dadd.o(.text) refers to llshl.o(.text) for __aeabi_llsl
    dadd.o(.text) refers to llsshr.o(.text) for __aeabi_lasr
    dadd.o(.text) refers to depilogue.o(.text) for _double_epilogue
    dmul.o(.text) refers to depilogue.o(.text) for _double_epilogue
    ddiv.o(.text) refers to depilogue.o(.text) for _double_round
    dfixul.o(.text) refers to llushr.o(.text) for __aeabi_llsr
    dfixul.o(.text) refers to llshl.o(.text) for __aeabi_llsl
    init.o(.text) refers to entry5.o(.ARM.Collect$$$$00000004) for __main_after_scatterload
    depilogue.o(.text) refers to llshl.o(.text) for __aeabi_llsl
    depilogue.o(.text) refers to llushr.o(.text) for __aeabi_llsr


==============================================================================

Removing Unused input sections from the image.

    Removing system_swm320.o(.rev16_text), (4 bytes).
    Removing system_swm320.o(.revsh_text), (4 bytes).
    Removing system_swm320.o(.rrx_text), (6 bytes).
    Removing startup_swm320.o(HEAP), (2048 bytes).
    Removing main.o(.rev16_text), (4 bytes).
    Removing main.o(.revsh_text), (4 bytes).
    Removing main.o(.rrx_text), (6 bytes).
    Removing swm320_gpio.o(.rev16_text), (4 bytes).
    Removing swm320_gpio.o(.revsh_text), (4 bytes).
    Removing swm320_gpio.o(.rrx_text), (6 bytes).
    Removing swm320_gpio.o(i.GPIO_ClrBits), (26 bytes).
    Removing swm320_gpio.o(i.GPIO_GetBit), (12 bytes).
    Removing swm320_gpio.o(i.GPIO_GetBits), (24 bytes).
    Removing swm320_gpio.o(i.GPIO_InvBit), (12 bytes).
    Removing swm320_gpio.o(i.GPIO_InvBits), (26 bytes).
    Removing swm320_gpio.o(i.GPIO_SetBits), (26 bytes).
    Removing swm320_port.o(.rev16_text), (4 bytes).
    Removing swm320_port.o(.revsh_text), (4 bytes).
    Removing swm320_port.o(.rrx_text), (6 bytes).
    Removing swm320_sdio.o(.rev16_text), (4 bytes).
    Removing swm320_sdio.o(.revsh_text), (4 bytes).
    Removing swm320_sdio.o(.rrx_text), (6 bytes).
    Removing swm320_uart.o(.rev16_text), (4 bytes).
    Removing swm320_uart.o(.revsh_text), (4 bytes).
    Removing swm320_uart.o(.rrx_text), (6 bytes).
    Removing swm320_uart.o(i.UART_ABRIsDone), (30 bytes).
    Removing swm320_uart.o(i.UART_ABRStart), (88 bytes).
    Removing swm320_uart.o(i.UART_CTSConfig), (22 bytes).
    Removing swm320_uart.o(i.UART_CTSLineState), (10 bytes).
    Removing swm320_uart.o(i.UART_GetBaudrate), (10 bytes).
    Removing swm320_uart.o(i.UART_INTRXThresholdDis), (10 bytes).
    Removing swm320_uart.o(i.UART_INTRXThresholdEn), (10 bytes).
    Removing swm320_uart.o(i.UART_INTRXThresholdStat), (10 bytes).
    Removing swm320_uart.o(i.UART_INTTXDoneDis), (10 bytes).
    Removing swm320_uart.o(i.UART_INTTXDoneEn), (10 bytes).
    Removing swm320_uart.o(i.UART_INTTXDoneStat), (10 bytes).
    Removing swm320_uart.o(i.UART_INTTXThresholdDis), (10 bytes).
    Removing swm320_uart.o(i.UART_INTTXThresholdEn), (10 bytes).
    Removing swm320_uart.o(i.UART_INTTXThresholdStat), (10 bytes).
    Removing swm320_uart.o(i.UART_INTTimeoutDis), (10 bytes).
    Removing swm320_uart.o(i.UART_INTTimeoutEn), (10 bytes).
    Removing swm320_uart.o(i.UART_INTTimeoutStat), (10 bytes).
    Removing swm320_uart.o(i.UART_IsRXFIFOEmpty), (12 bytes).
    Removing swm320_uart.o(i.UART_IsTXFIFOFull), (10 bytes).
    Removing swm320_uart.o(i.UART_LINConfig), (22 bytes).
    Removing swm320_uart.o(i.UART_LINGenerate), (10 bytes).
    Removing swm320_uart.o(i.UART_LINIsDetected), (16 bytes).
    Removing swm320_uart.o(i.UART_LINIsGenerated), (18 bytes).
    Removing swm320_uart.o(i.UART_RTSConfig), (28 bytes).
    Removing swm320_uart.o(i.UART_RTSLineState), (10 bytes).
    Removing swm320_uart.o(i.UART_ReadByte), (24 bytes).
    Removing swm320_uart.o(i.UART_SetBaudrate), (32 bytes).
    Removing swm320_spi.o(.rev16_text), (4 bytes).
    Removing swm320_spi.o(.revsh_text), (4 bytes).
    Removing swm320_spi.o(.rrx_text), (6 bytes).
    Removing swm320_spi.o(i.SPI_INTRXFullDis), (10 bytes).
    Removing swm320_spi.o(i.SPI_INTRXFullEn), (10 bytes).
    Removing swm320_spi.o(i.SPI_INTRXFullStat), (10 bytes).
    Removing swm320_spi.o(i.SPI_INTRXHalfFullDis), (10 bytes).
    Removing swm320_spi.o(i.SPI_INTRXHalfFullEn), (10 bytes).
    Removing swm320_spi.o(i.SPI_INTRXHalfFullStat), (10 bytes).
    Removing swm320_spi.o(i.SPI_INTRXOverflowClr), (6 bytes).
    Removing swm320_spi.o(i.SPI_INTRXOverflowDis), (10 bytes).
    Removing swm320_spi.o(i.SPI_INTRXOverflowEn), (10 bytes).
    Removing swm320_spi.o(i.SPI_INTRXOverflowStat), (10 bytes).
    Removing swm320_spi.o(i.SPI_INTTXCompleteClr), (8 bytes).
    Removing swm320_spi.o(i.SPI_INTTXCompleteDis), (10 bytes).
    Removing swm320_spi.o(i.SPI_INTTXCompleteEn), (10 bytes).
    Removing swm320_spi.o(i.SPI_INTTXCompleteStat), (10 bytes).
    Removing swm320_spi.o(i.SPI_INTTXEmptyDis), (10 bytes).
    Removing swm320_spi.o(i.SPI_INTTXEmptyEn), (10 bytes).
    Removing swm320_spi.o(i.SPI_INTTXEmptyStat), (10 bytes).
    Removing swm320_spi.o(i.SPI_INTTXHalfFullDis), (10 bytes).
    Removing swm320_spi.o(i.SPI_INTTXHalfFullEn), (10 bytes).
    Removing swm320_spi.o(i.SPI_INTTXHalfFullStat), (10 bytes).
    Removing swm320_spi.o(i.SPI_IsRXEmpty), (12 bytes).
    Removing swm320_spi.o(i.SPI_IsTXEmpty), (10 bytes).
    Removing swm320_spi.o(i.SPI_IsTXFull), (12 bytes).
    Removing swm320_spi.o(i.SPI_Read), (6 bytes).
    Removing swm320_spi.o(i.SPI_Write), (4 bytes).
    Removing swm320_spi.o(i.SPI_WriteWithWait), (24 bytes).
    Removing swm320_flash.o(.rev16_text), (4 bytes).
    Removing swm320_flash.o(.revsh_text), (4 bytes).
    Removing swm320_flash.o(.rrx_text), (6 bytes).
    Removing swm320_flash.o(i.FLASH_Erase), (48 bytes).
    Removing bsp_uart.o(.rev16_text), (4 bytes).
    Removing bsp_uart.o(.revsh_text), (4 bytes).
    Removing bsp_uart.o(.rrx_text), (6 bytes).
    Removing bsp_sdio.o(.rev16_text), (4 bytes).
    Removing bsp_sdio.o(.revsh_text), (4 bytes).
    Removing bsp_sdio.o(.rrx_text), (6 bytes).
    Removing bsp_spiflash.o(.rev16_text), (4 bytes).
    Removing bsp_spiflash.o(.revsh_text), (4 bytes).
    Removing bsp_spiflash.o(.rrx_text), (6 bytes).
    Removing bsp_spiflash.o(i.SPI_Flash_PowerDown), (36 bytes).
    Removing diskio.o(.rev16_text), (4 bytes).
    Removing diskio.o(.revsh_text), (4 bytes).
    Removing diskio.o(.rrx_text), (6 bytes).
    Removing ff.o(i.dir_read), (210 bytes).
    Removing ff.o(i.dir_remove), (96 bytes).
    Removing ff.o(i.f_chdir), (100 bytes).
    Removing ff.o(i.f_chdrive), (32 bytes).
    Removing ff.o(i.f_closedir), (24 bytes).
    Removing ff.o(i.f_getfree), (254 bytes).
    Removing ff.o(i.f_mkdir), (300 bytes).
    Removing ff.o(i.f_opendir), (120 bytes).
    Removing ff.o(i.f_readdir), (92 bytes).
    Removing ff.o(i.f_rename), (296 bytes).
    Removing ff.o(i.f_stat), (72 bytes).
    Removing ff.o(i.f_truncate), (178 bytes).
    Removing ff.o(i.f_unlink), (204 bytes).
    Removing ff.o(i.get_fileinfo), (374 bytes).
    Removing ff.o(i.pick_lfn), (136 bytes).
    Removing ff.o(i.put_utf), (66 bytes).
    Removing ota.o(.rev16_text), (4 bytes).
    Removing ota.o(.revsh_text), (4 bytes).
    Removing ota.o(.rrx_text), (6 bytes).
    Removing ota.o(i.OTA_FLASHtoSDRAM), (168 bytes).
    Removing dadd.o(.text), (334 bytes).
    Removing dmul.o(.text), (228 bytes).
    Removing ddiv.o(.text), (222 bytes).
    Removing dfixul.o(.text), (48 bytes).
    Removing cdrcmple.o(.text), (48 bytes).
    Removing depilogue.o(.text), (186 bytes).

124 unused section(s) (total 6952 bytes) removed from the image.

==============================================================================

Image Symbol Table

    Local Symbols

    Symbol Name                              Value     Ov Type        Size  Object(Section)

    RESET                                    0x00000000   Section      328  startup_swm320.o(RESET)
    ../clib/microlib/division.c              0x00000000   Number         0  uldiv.o ABSOLUTE
    ../clib/microlib/division.c              0x00000000   Number         0  uidiv.o ABSOLUTE
    ../clib/microlib/init/entry.s            0x00000000   Number         0  entry.o ABSOLUTE
    ../clib/microlib/init/entry.s            0x00000000   Number         0  entry9a.o ABSOLUTE
    ../clib/microlib/init/entry.s            0x00000000   Number         0  entry9b.o ABSOLUTE
    ../clib/microlib/init/entry.s            0x00000000   Number         0  entry5.o ABSOLUTE
    ../clib/microlib/init/entry.s            0x00000000   Number         0  entry10a.o ABSOLUTE
    ../clib/microlib/init/entry.s            0x00000000   Number         0  entry7a.o ABSOLUTE
    ../clib/microlib/init/entry.s            0x00000000   Number         0  entry10b.o ABSOLUTE
    ../clib/microlib/init/entry.s            0x00000000   Number         0  entry7b.o ABSOLUTE
    ../clib/microlib/init/entry.s            0x00000000   Number         0  entry11a.o ABSOLUTE
    ../clib/microlib/init/entry.s            0x00000000   Number         0  entry11b.o ABSOLUTE
    ../clib/microlib/init/entry.s            0x00000000   Number         0  entry8b.o ABSOLUTE
    ../clib/microlib/init/entry.s            0x00000000   Number         0  entry8a.o ABSOLUTE
    ../clib/microlib/init/entry.s            0x00000000   Number         0  entry2.o ABSOLUTE
    ../clib/microlib/longlong.c              0x00000000   Number         0  llshl.o ABSOLUTE
    ../clib/microlib/longlong.c              0x00000000   Number         0  llushr.o ABSOLUTE
    ../clib/microlib/longlong.c              0x00000000   Number         0  llsshr.o ABSOLUTE
    ../clib/microlib/printf/printf.c         0x00000000   Number         0  printfb.o ABSOLUTE
    ../clib/microlib/printf/printf.c         0x00000000   Number         0  printf0.o ABSOLUTE
    ../clib/microlib/printf/printf.c         0x00000000   Number         0  printf3.o ABSOLUTE
    ../clib/microlib/printf/printf.c         0x00000000   Number         0  printf4.o ABSOLUTE
    ../clib/microlib/printf/printf.c         0x00000000   Number         0  printf5.o ABSOLUTE
    ../clib/microlib/printf/printf.c         0x00000000   Number         0  printf6.o ABSOLUTE
    ../clib/microlib/printf/printf.c         0x00000000   Number         0  printf7.o ABSOLUTE
    ../clib/microlib/printf/printf.c         0x00000000   Number         0  printf8.o ABSOLUTE
    ../clib/microlib/printf/printf.c         0x00000000   Number         0  printfa.o ABSOLUTE
    ../clib/microlib/printf/printf.c         0x00000000   Number         0  printf1.o ABSOLUTE
    ../clib/microlib/printf/printf.c         0x00000000   Number         0  printf2.o ABSOLUTE
    ../clib/microlib/printf/stubs.s          0x00000000   Number         0  stubs.o ABSOLUTE
    ../clib/microlib/stdio/streams.c         0x00000000   Number         0  stdout.o ABSOLUTE
    ../clib/microlib/string/memset.c         0x00000000   Number         0  memseta.o ABSOLUTE
    ../clib/microlib/stubs.s                 0x00000000   Number         0  iusefp.o ABSOLUTE
    ../fplib/microlib/fpadd.c                0x00000000   Number         0  dadd.o ABSOLUTE
    ../fplib/microlib/fpdiv.c                0x00000000   Number         0  ddiv.o ABSOLUTE
    ../fplib/microlib/fpepilogue.c           0x00000000   Number         0  depilogue.o ABSOLUTE
    ../fplib/microlib/fpfix.c                0x00000000   Number         0  dfixul.o ABSOLUTE
    ../fplib/microlib/fpmul.c                0x00000000   Number         0  dmul.o ABSOLUTE
    ..\BSP_Driv\bsp_SDIO.c                   0x00000000   Number         0  bsp_sdio.o ABSOLUTE
    ..\BSP_Driv\bsp_SPIFlash.c               0x00000000   Number         0  bsp_spiflash.o ABSOLUTE
    ..\BSP_Driv\bsp_UART.c                   0x00000000   Number         0  bsp_uart.o ABSOLUTE
    ..\CMSIS\DeviceSupport\startup_SWM320.s  0x00000000   Number         0  startup_swm320.o ABSOLUTE
    ..\CMSIS\DeviceSupport\system_SWM320.c   0x00000000   Number         0  system_swm320.o ABSOLUTE
    ..\FATFS\diskio.c                        0x00000000   Number         0  diskio.o ABSOLUTE
    ..\FATFS\ff.c                            0x00000000   Number         0  ff.o ABSOLUTE
    ..\FATFS\ffunicode.c                     0x00000000   Number         0  ffunicode.o ABSOLUTE
    ..\SWM320_StdPeriph_Driver\SWM320_flash.c 0x00000000   Number         0  swm320_flash.o ABSOLUTE
    ..\SWM320_StdPeriph_Driver\SWM320_gpio.c 0x00000000   Number         0  swm320_gpio.o ABSOLUTE
    ..\SWM320_StdPeriph_Driver\SWM320_port.c 0x00000000   Number         0  swm320_port.o ABSOLUTE
    ..\SWM320_StdPeriph_Driver\SWM320_sdio.c 0x00000000   Number         0  swm320_sdio.o ABSOLUTE
    ..\SWM320_StdPeriph_Driver\SWM320_spi.c  0x00000000   Number         0  swm320_spi.o ABSOLUTE
    ..\SWM320_StdPeriph_Driver\SWM320_uart.c 0x00000000   Number         0  swm320_uart.o ABSOLUTE
    ..\\BSP_Driv\\bsp_SDIO.c                 0x00000000   Number         0  bsp_sdio.o ABSOLUTE
    ..\\BSP_Driv\\bsp_SPIFlash.c             0x00000000   Number         0  bsp_spiflash.o ABSOLUTE
    ..\\BSP_Driv\\bsp_UART.c                 0x00000000   Number         0  bsp_uart.o ABSOLUTE
    ..\\CMSIS\\DeviceSupport\\system_SWM320.c 0x00000000   Number         0  system_swm320.o ABSOLUTE
    ..\\FATFS\\diskio.c                      0x00000000   Number         0  diskio.o ABSOLUTE
    ..\\SWM320_StdPeriph_Driver\\SWM320_flash.c 0x00000000   Number         0  swm320_flash.o ABSOLUTE
    ..\\SWM320_StdPeriph_Driver\\SWM320_gpio.c 0x00000000   Number         0  swm320_gpio.o ABSOLUTE
    ..\\SWM320_StdPeriph_Driver\\SWM320_port.c 0x00000000   Number         0  swm320_port.o ABSOLUTE
    ..\\SWM320_StdPeriph_Driver\\SWM320_sdio.c 0x00000000   Number         0  swm320_sdio.o ABSOLUTE
    ..\\SWM320_StdPeriph_Driver\\SWM320_spi.c 0x00000000   Number         0  swm320_spi.o ABSOLUTE
    ..\\SWM320_StdPeriph_Driver\\SWM320_uart.c 0x00000000   Number         0  swm320_uart.o ABSOLUTE
    11111.c                                  0x00000000   Number         0  11111.o ABSOLUTE
    OTA.c                                    0x00000000   Number         0  ota.o ABSOLUTE
    OTA.c                                    0x00000000   Number         0  ota.o ABSOLUTE
    cdrcmple.s                               0x00000000   Number         0  cdrcmple.o ABSOLUTE
    dc.s                                     0x00000000   Number         0  dc.o ABSOLUTE
    handlers.s                               0x00000000   Number         0  handlers.o ABSOLUTE
    init.s                                   0x00000000   Number         0  init.o ABSOLUTE
    main.c                                   0x00000000   Number         0  main.o ABSOLUTE
    main.c                                   0x00000000   Number         0  main.o ABSOLUTE
    .ARM.Collect$$$$00000000                 0x00000148   Section        0  entry.o(.ARM.Collect$$$$00000000)
    .ARM.Collect$$$$00000001                 0x00000148   Section        4  entry2.o(.ARM.Collect$$$$00000001)
    .ARM.Collect$$$$00000004                 0x0000014c   Section        4  entry5.o(.ARM.Collect$$$$00000004)
    .ARM.Collect$$$$00000008                 0x00000150   Section        0  entry7b.o(.ARM.Collect$$$$00000008)
    .ARM.Collect$$$$0000000A                 0x00000150   Section        0  entry8b.o(.ARM.Collect$$$$0000000A)
    .ARM.Collect$$$$0000000B                 0x00000150   Section        8  entry9a.o(.ARM.Collect$$$$0000000B)
    .ARM.Collect$$$$0000000D                 0x00000158   Section        0  entry10a.o(.ARM.Collect$$$$0000000D)
    .ARM.Collect$$$$0000000F                 0x00000158   Section        0  entry11a.o(.ARM.Collect$$$$0000000F)
    .ARM.Collect$$$$00002712                 0x00000158   Section        4  entry2.o(.ARM.Collect$$$$00002712)
    __lit__00000000                          0x00000158   Data           4  entry2.o(.ARM.Collect$$$$00002712)
    .text                                    0x0000015c   Section      156  startup_swm320.o(.text)
    .text                                    0x000001f8   Section        0  memseta.o(.text)
    .text                                    0x0000021c   Section        0  uidiv.o(.text)
    .text                                    0x00000248   Section       36  init.o(.text)
    PlaceInRAM                               0x0000026c   Section        0  swm320_flash.o(PlaceInRAM)
    switchTo80M                              0x0000026d   Thumb Code    38  swm320_flash.o(PlaceInRAM)
    switchTo40M                              0x00000293   Thumb Code    38  swm320_flash.o(PlaceInRAM)
    i.Clear_Interrupt                        0x000002c4   Section        0  ota.o(i.Clear_Interrupt)
    i.FLASH_FAT_Init                         0x000002c8   Section        0  ota.o(i.FLASH_FAT_Init)
    i.FLASH_Write                            0x0000044c   Section        0  swm320_flash.o(i.FLASH_Write)
    i.GPIO_ClrBit                            0x00000500   Section        0  swm320_gpio.o(i.GPIO_ClrBit)
    i.GPIO_Init                              0x0000050c   Section        0  swm320_gpio.o(i.GPIO_Init)
    i.GPIO_SetBit                            0x000007f8   Section        0  swm320_gpio.o(i.GPIO_SetBit)
    i.JumpToApp                              0x00000804   Section        0  ota.o(i.JumpToApp)
    i.NVIC_DisableIRQ                        0x0000082c   Section        0  swm320_uart.o(i.NVIC_DisableIRQ)
    NVIC_DisableIRQ                          0x0000082d   Thumb Code    18  swm320_uart.o(i.NVIC_DisableIRQ)
    i.NVIC_DisableIRQ                        0x00000844   Section        0  swm320_spi.o(i.NVIC_DisableIRQ)
    NVIC_DisableIRQ                          0x00000845   Thumb Code    18  swm320_spi.o(i.NVIC_DisableIRQ)
    i.NVIC_EnableIRQ                         0x0000085c   Section        0  swm320_uart.o(i.NVIC_EnableIRQ)
    NVIC_EnableIRQ                           0x0000085d   Thumb Code    22  swm320_uart.o(i.NVIC_EnableIRQ)
    i.NVIC_EnableIRQ                         0x00000872   Section        0  swm320_spi.o(i.NVIC_EnableIRQ)
    NVIC_EnableIRQ                           0x00000873   Thumb Code    22  swm320_spi.o(i.NVIC_EnableIRQ)
    i.OTA_Init                               0x00000888   Section        0  ota.o(i.OTA_Init)
    i.OTA_SDtoSPIFLASH                       0x0000089c   Section        0  ota.o(i.OTA_SDtoSPIFLASH)
    i.OTA_SPIFLASHtoFLASH                    0x00000a20   Section        0  ota.o(i.OTA_SPIFLASHtoFLASH)
    i.PLLInit                                0x00000bb0   Section        0  system_swm320.o(i.PLLInit)
    i.PORT_Init                              0x00000c0c   Section        0  swm320_port.o(i.PORT_Init)
    i.SDIO_BlockRead                         0x00001254   Section        0  swm320_sdio.o(i.SDIO_BlockRead)
    i.SDIO_BlockWrite                        0x000012c8   Section        0  swm320_sdio.o(i.SDIO_BlockWrite)
    i.SDIO_Init                              0x00001344   Section        0  swm320_sdio.o(i.SDIO_Init)
    i.SDIO_SendCmd                           0x00001594   Section        0  swm320_sdio.o(i.SDIO_SendCmd)
    i.SD_FAT_Init                            0x00001620   Section        0  ota.o(i.SD_FAT_Init)
    i.SPI_Close                              0x0000177c   Section        0  swm320_spi.o(i.SPI_Close)
    i.SPI_FLASH_BufferRead                   0x00001788   Section        0  bsp_spiflash.o(i.SPI_FLASH_BufferRead)
    i.SPI_FLASH_BufferWrite                  0x000017e8   Section        0  bsp_spiflash.o(i.SPI_FLASH_BufferWrite)
    i.SPI_FLASH_PageWrite                    0x0000190c   Section        0  bsp_spiflash.o(i.SPI_FLASH_PageWrite)
    i.SPI_FLASH_ReadDeviceID                 0x000019a4   Section        0  bsp_spiflash.o(i.SPI_FLASH_ReadDeviceID)
    i.SPI_FLASH_ReadID                       0x000019f0   Section        0  bsp_spiflash.o(i.SPI_FLASH_ReadID)
    i.SPI_FLASH_SectorErase                  0x00001a4c   Section        0  bsp_spiflash.o(i.SPI_FLASH_SectorErase)
    i.SPI_FLASH_WaitForWriteEnd              0x00001a9c   Section        0  bsp_spiflash.o(i.SPI_FLASH_WaitForWriteEnd)
    i.SPI_FLASH_WriteEnable                  0x00001af4   Section        0  bsp_spiflash.o(i.SPI_FLASH_WriteEnable)
    i.SPI_Flash_Init                         0x00001b18   Section        0  bsp_spiflash.o(i.SPI_Flash_Init)
    i.SPI_Flash_WAKEUP                       0x00001c04   Section        0  bsp_spiflash.o(i.SPI_Flash_WAKEUP)
    i.SPI_Init                               0x00001c28   Section        0  swm320_spi.o(i.SPI_Init)
    i.SPI_Open                               0x00001d0c   Section        0  swm320_spi.o(i.SPI_Open)
    i.SPI_ReadWrite                          0x00001d16   Section        0  swm320_spi.o(i.SPI_ReadWrite)
    i.SerialInit                             0x00001d2c   Section        0  bsp_uart.o(i.SerialInit)
    i.SystemCoreClockUpdate                  0x00001d78   Section        0  system_swm320.o(i.SystemCoreClockUpdate)
    i.SystemInit                             0x00001e1c   Section        0  system_swm320.o(i.SystemInit)
    i.UART_Close                             0x00001f3c   Section        0  swm320_uart.o(i.UART_Close)
    i.UART_Init                              0x00001f48   Section        0  swm320_uart.o(i.UART_Init)
    i.UART_IsTXBusy                          0x000020d8   Section        0  swm320_uart.o(i.UART_IsTXBusy)
    i.UART_Open                              0x000020e6   Section        0  swm320_uart.o(i.UART_Open)
    i.UART_WriteByte                         0x000020f0   Section        0  swm320_uart.o(i.UART_WriteByte)
    i.__0printf$1                            0x000020f4   Section        0  printf1.o(i.__0printf$1)
    i.__scatterload_copy                     0x00002114   Section       14  handlers.o(i.__scatterload_copy)
    i.__scatterload_null                     0x00002122   Section        2  handlers.o(i.__scatterload_null)
    i.__scatterload_zeroinit                 0x00002124   Section       14  handlers.o(i.__scatterload_zeroinit)
    i._printf_core                           0x00002134   Section        0  printf1.o(i._printf_core)
    _printf_core                             0x00002135   Thumb Code   336  printf1.o(i._printf_core)
    i.bsp_SDIOInit                           0x00002288   Section        0  bsp_sdio.o(i.bsp_SDIOInit)
    i.calcSDCLKDiv                           0x000022dc   Section        0  swm320_sdio.o(i.calcSDCLKDiv)
    i.check_fs                               0x00002378   Section        0  ff.o(i.check_fs)
    check_fs                                 0x00002379   Thumb Code   112  ff.o(i.check_fs)
    i.chk_chr                                0x000023f4   Section        0  ff.o(i.chk_chr)
    chk_chr                                  0x000023f5   Thumb Code    20  ff.o(i.chk_chr)
    i.clst2sect                              0x00002408   Section        0  ff.o(i.clst2sect)
    clst2sect                                0x00002409   Thumb Code    26  ff.o(i.clst2sect)
    i.cmp_lfn                                0x00002424   Section        0  ff.o(i.cmp_lfn)
    cmp_lfn                                  0x00002425   Thumb Code   148  ff.o(i.cmp_lfn)
    i.create_chain                           0x000024bc   Section        0  ff.o(i.create_chain)
    create_chain                             0x000024bd   Thumb Code   288  ff.o(i.create_chain)
    i.create_name                            0x000025dc   Section        0  ff.o(i.create_name)
    create_name                              0x000025dd   Thumb Code   672  ff.o(i.create_name)
    i.dbc_1st                                0x00002890   Section        0  ff.o(i.dbc_1st)
    dbc_1st                                  0x00002891   Thumb Code    46  ff.o(i.dbc_1st)
    i.dbc_2nd                                0x000028c4   Section        0  ff.o(i.dbc_2nd)
    dbc_2nd                                  0x000028c5   Thumb Code    66  ff.o(i.dbc_2nd)
    i.dir_alloc                              0x0000290c   Section        0  ff.o(i.dir_alloc)
    dir_alloc                                0x0000290d   Thumb Code    96  ff.o(i.dir_alloc)
    i.dir_clear                              0x0000296c   Section        0  ff.o(i.dir_clear)
    dir_clear                                0x0000296d   Thumb Code    94  ff.o(i.dir_clear)
    i.dir_find                               0x000029ca   Section        0  ff.o(i.dir_find)
    dir_find                                 0x000029cb   Thumb Code   252  ff.o(i.dir_find)
    i.dir_next                               0x00002ac6   Section        0  ff.o(i.dir_next)
    dir_next                                 0x00002ac7   Thumb Code   214  ff.o(i.dir_next)
    i.dir_register                           0x00002b9c   Section        0  ff.o(i.dir_register)
    dir_register                             0x00002b9d   Thumb Code   322  ff.o(i.dir_register)
    i.dir_sdi                                0x00002cde   Section        0  ff.o(i.dir_sdi)
    dir_sdi                                  0x00002cdf   Thumb Code   166  ff.o(i.dir_sdi)
    i.disk_initialize                        0x00002d84   Section        0  diskio.o(i.disk_initialize)
    i.disk_ioctl                             0x00002dcc   Section        0  diskio.o(i.disk_ioctl)
    i.disk_read                              0x00002e40   Section        0  diskio.o(i.disk_read)
    i.disk_status                            0x00002e90   Section        0  diskio.o(i.disk_status)
    i.disk_write                             0x00002ec8   Section        0  diskio.o(i.disk_write)
    i.f_close                                0x00002f24   Section        0  ff.o(i.f_close)
    i.f_lseek                                0x00002f46   Section        0  ff.o(i.f_lseek)
    i.f_mkfs                                 0x000030e8   Section        0  ff.o(i.f_mkfs)
    i.f_mount                                0x000037c4   Section        0  ff.o(i.f_mount)
    i.f_open                                 0x00003818   Section        0  ff.o(i.f_open)
    i.f_read                                 0x00003a18   Section        0  ff.o(i.f_read)
    i.f_sync                                 0x00003be8   Section        0  ff.o(i.f_sync)
    i.f_write                                0x00003c88   Section        0  ff.o(i.f_write)
    i.ff_oem2uni                             0x00003e9c   Section        0  ffunicode.o(i.ff_oem2uni)
    i.ff_uni2oem                             0x00003f04   Section        0  ffunicode.o(i.ff_uni2oem)
    i.ff_wtoupper                            0x00003f78   Section        0  ffunicode.o(i.ff_wtoupper)
    i.find_volume                            0x00004028   Section        0  ff.o(i.find_volume)
    find_volume                              0x00004029   Thumb Code   842  ff.o(i.find_volume)
    i.follow_path                            0x00004388   Section        0  ff.o(i.follow_path)
    follow_path                              0x00004389   Thumb Code   212  ff.o(i.follow_path)
    i.fputc                                  0x0000445c   Section        0  bsp_uart.o(i.fputc)
    i.gen_numname                            0x00004480   Section        0  ff.o(i.gen_numname)
    gen_numname                              0x00004481   Thumb Code   198  ff.o(i.gen_numname)
    i.get_fat                                0x0000454c   Section        0  ff.o(i.get_fat)
    get_fat                                  0x0000454d   Thumb Code   306  ff.o(i.get_fat)
    i.get_ldnumber                           0x00004680   Section        0  ff.o(i.get_ldnumber)
    get_ldnumber                             0x00004681   Thumb Code    80  ff.o(i.get_ldnumber)
    i.ld_clust                               0x000046d4   Section        0  ff.o(i.ld_clust)
    ld_clust                                 0x000046d5   Thumb Code    38  ff.o(i.ld_clust)
    i.ld_dword                               0x000046fa   Section        0  ff.o(i.ld_dword)
    ld_dword                                 0x000046fb   Thumb Code    24  ff.o(i.ld_dword)
    i.ld_word                                0x00004712   Section        0  ff.o(i.ld_word)
    ld_word                                  0x00004713   Thumb Code    12  ff.o(i.ld_word)
    i.main                                   0x00004720   Section        0  main.o(i.main)
    i.mem_cmp                                0x0000476c   Section        0  ff.o(i.mem_cmp)
    mem_cmp                                  0x0000476d   Thumb Code    36  ff.o(i.mem_cmp)
    i.mem_cpy                                0x00004790   Section        0  ff.o(i.mem_cpy)
    mem_cpy                                  0x00004791   Thumb Code    26  ff.o(i.mem_cpy)
    i.mem_set                                0x000047aa   Section        0  ff.o(i.mem_set)
    mem_set                                  0x000047ab   Thumb Code    18  ff.o(i.mem_set)
    i.move_window                            0x000047bc   Section        0  ff.o(i.move_window)
    move_window                              0x000047bd   Thumb Code    52  ff.o(i.move_window)
    i.parseCID                               0x000047f0   Section        0  swm320_sdio.o(i.parseCID)
    i.parseCSD                               0x000048d0   Section        0  swm320_sdio.o(i.parseCSD)
    i.put_fat                                0x00004aec   Section        0  ff.o(i.put_fat)
    put_fat                                  0x00004aed   Thumb Code   400  ff.o(i.put_fat)
    i.put_lfn                                0x00004c7c   Section        0  ff.o(i.put_lfn)
    put_lfn                                  0x00004c7d   Thumb Code   124  ff.o(i.put_lfn)
    i.remove_chain                           0x00004cfc   Section        0  ff.o(i.remove_chain)
    remove_chain                             0x00004cfd   Thumb Code   154  ff.o(i.remove_chain)
    i.st_clust                               0x00004d96   Section        0  ff.o(i.st_clust)
    st_clust                                 0x00004d97   Thumb Code    36  ff.o(i.st_clust)
    i.st_dword                               0x00004dba   Section        0  ff.o(i.st_dword)
    st_dword                                 0x00004dbb   Thumb Code    24  ff.o(i.st_dword)
    i.st_word                                0x00004dd2   Section        0  ff.o(i.st_word)
    st_word                                  0x00004dd3   Thumb Code    12  ff.o(i.st_word)
    i.sum_sfn                                0x00004dde   Section        0  ff.o(i.sum_sfn)
    sum_sfn                                  0x00004ddf   Thumb Code    32  ff.o(i.sum_sfn)
    i.sync_fs                                0x00004e00   Section        0  ff.o(i.sync_fs)
    sync_fs                                  0x00004e01   Thumb Code   134  ff.o(i.sync_fs)
    i.sync_window                            0x00004e90   Section        0  ff.o(i.sync_window)
    sync_window                              0x00004e91   Thumb Code    74  ff.o(i.sync_window)
    i.tchar2uni                              0x00004eda   Section        0  ff.o(i.tchar2uni)
    tchar2uni                                0x00004edb   Thumb Code    76  ff.o(i.tchar2uni)
    i.validate                               0x00004f26   Section        0  ff.o(i.validate)
    validate                                 0x00004f27   Thumb Code    60  ff.o(i.validate)
    .constdata                               0x00004f62   Section       52  ff.o(.constdata)
    LfnOfs                                   0x00004f62   Data          13  ff.o(.constdata)
    DbcTbl                                   0x00004f6f   Data          10  ff.o(.constdata)
    cst                                      0x00004f7a   Data          14  ff.o(.constdata)
    cst32                                    0x00004f88   Data          14  ff.o(.constdata)
    .constdata                               0x00004f96   Section    175030  ffunicode.o(.constdata)
    uni2oem936                               0x00004f96   Data       87172  ffunicode.o(.constdata)
    oem2uni936                               0x0001a41a   Data       87172  ffunicode.o(.constdata)
    cvt1                                     0x0002f89e   Data         498  ffunicode.o(.constdata)
    cvt2                                     0x0002fa90   Data         188  ffunicode.o(.constdata)
    .data                                    0x20000000   Section        8  system_swm320.o(.data)
    .data                                    0x20000008   Section        4  bsp_spiflash.o(.data)
    SPITimeout                               0x20000008   Data           4  bsp_spiflash.o(.data)
    .data                                    0x2000000c   Section       11  ff.o(.data)
    FatFs                                    0x2000000c   Data           8  ff.o(.data)
    Fsid                                     0x20000014   Data           2  ff.o(.data)
    CurrVol                                  0x20000016   Data           1  ff.o(.data)
    .data                                    0x20000018   Section       20  ota.o(.data)
    .data                                    0x2000002c   Section        4  stdout.o(.data)
    .bss                                     0x20000030   Section       80  swm320_sdio.o(.bss)
    .bss                                     0x20000080   Section    20680  ota.o(.bss)
    STACK                                    0x20005148   Section    16384  startup_swm320.o(STACK)

    Global Symbols

    Symbol Name                              Value     Ov Type        Size  Object(Section)

    BuildAttributes$$THM_ISAv4$E$P$D$K$B$S$7EM$PE$A:L22UL41UL21$X:L11$S22US41US21$IEEE1$IW$USESV6$~STKCKD$USESV7$~SHL$OSPACE$ROPI$EBA8$MICROLIB$REQ8$PRES8$EABIv2 0x00000000   Number         0  anon$$obj.o ABSOLUTE
    __ARM_use_no_argv                        0x00000000   Number         0  main.o ABSOLUTE
    __Vectors                                0x00000000   Data           4  startup_swm320.o(RESET)
    _printf_a                                0x00000000   Number         0  stubs.o ABSOLUTE
    _printf_c                                0x00000000   Number         0  stubs.o ABSOLUTE
    _printf_charcount                        0x00000000   Number         0  stubs.o ABSOLUTE
    _printf_d                                0x00000000   Number         0  stubs.o ABSOLUTE
    _printf_e                                0x00000000   Number         0  stubs.o ABSOLUTE
    _printf_f                                0x00000000   Number         0  stubs.o ABSOLUTE
    _printf_flags                            0x00000000   Number         0  stubs.o ABSOLUTE
    _printf_fp_dec                           0x00000000   Number         0  stubs.o ABSOLUTE
    _printf_fp_hex                           0x00000000   Number         0  stubs.o ABSOLUTE
    _printf_g                                0x00000000   Number         0  stubs.o ABSOLUTE
    _printf_i                                0x00000000   Number         0  stubs.o ABSOLUTE
    _printf_int_dec                          0x00000000   Number         0  stubs.o ABSOLUTE
    _printf_l                                0x00000000   Number         0  stubs.o ABSOLUTE
    _printf_lc                               0x00000000   Number         0  stubs.o ABSOLUTE
    _printf_ll                               0x00000000   Number         0  stubs.o ABSOLUTE
    _printf_lld                              0x00000000   Number         0  stubs.o ABSOLUTE
    _printf_lli                              0x00000000   Number         0  stubs.o ABSOLUTE
    _printf_llo                              0x00000000   Number         0  stubs.o ABSOLUTE
    _printf_llu                              0x00000000   Number         0  stubs.o ABSOLUTE
    _printf_llx                              0x00000000   Number         0  stubs.o ABSOLUTE
    _printf_longlong_dec                     0x00000000   Number         0  stubs.o ABSOLUTE
    _printf_longlong_hex                     0x00000000   Number         0  stubs.o ABSOLUTE
    _printf_longlong_oct                     0x00000000   Number         0  stubs.o ABSOLUTE
    _printf_ls                               0x00000000   Number         0  stubs.o ABSOLUTE
    _printf_mbtowc                           0x00000000   Number         0  stubs.o ABSOLUTE
    _printf_n                                0x00000000   Number         0  stubs.o ABSOLUTE
    _printf_o                                0x00000000   Number         0  stubs.o ABSOLUTE
    _printf_p                                0x00000000   Number         0  stubs.o ABSOLUTE
    _printf_percent                          0x00000000   Number         0  stubs.o ABSOLUTE
    _printf_pre_padding                      0x00000000   Number         0  stubs.o ABSOLUTE
    _printf_return_value                     0x00000000   Number         0  stubs.o ABSOLUTE
    _printf_s                                0x00000000   Number         0  stubs.o ABSOLUTE
    _printf_sizespec                         0x00000000   Number         0  stubs.o ABSOLUTE
    _printf_str                              0x00000000   Number         0  stubs.o ABSOLUTE
    _printf_truncate_signed                  0x00000000   Number         0  stubs.o ABSOLUTE
    _printf_truncate_unsigned                0x00000000   Number         0  stubs.o ABSOLUTE
    _printf_u                                0x00000000   Number         0  stubs.o ABSOLUTE
    _printf_wc                               0x00000000   Number         0  stubs.o ABSOLUTE
    _printf_wctomb                           0x00000000   Number         0  stubs.o ABSOLUTE
    _printf_widthprec                        0x00000000   Number         0  stubs.o ABSOLUTE
    _printf_x                                0x00000000   Number         0  stubs.o ABSOLUTE
    __cpp_initialize__aeabi_                  - Undefined Weak Reference
    __cxa_finalize                            - Undefined Weak Reference
    __decompress                              - Undefined Weak Reference
    _clock_init                               - Undefined Weak Reference
    _microlib_exit                            - Undefined Weak Reference
    __Vectors_End                            0x00000148   Data           0  startup_swm320.o(RESET)
    __Vectors_Size                           0x00000148   Number         0  startup_swm320.o ABSOLUTE
    __main                                   0x00000149   Thumb Code     0  entry.o(.ARM.Collect$$$$00000000)
    _main_stk                                0x00000149   Thumb Code     0  entry2.o(.ARM.Collect$$$$00000001)
    _main_scatterload                        0x0000014d   Thumb Code     0  entry5.o(.ARM.Collect$$$$00000004)
    __main_after_scatterload                 0x00000151   Thumb Code     0  entry5.o(.ARM.Collect$$$$00000004)
    _main_clock                              0x00000151   Thumb Code     0  entry7b.o(.ARM.Collect$$$$00000008)
    _main_cpp_init                           0x00000151   Thumb Code     0  entry8b.o(.ARM.Collect$$$$0000000A)
    _main_init                               0x00000151   Thumb Code     0  entry9a.o(.ARM.Collect$$$$0000000B)
    __rt_final_cpp                           0x00000159   Thumb Code     0  entry10a.o(.ARM.Collect$$$$0000000D)
    __rt_final_exit                          0x00000159   Thumb Code     0  entry11a.o(.ARM.Collect$$$$0000000F)
    Reset_Handler                            0x0000015d   Thumb Code     4  startup_swm320.o(.text)
    NMI_Handler                              0x00000161   Thumb Code     2  startup_swm320.o(.text)
    HardFault_Handler                        0x00000163   Thumb Code     2  startup_swm320.o(.text)
    MemManage_Handler                        0x00000165   Thumb Code     2  startup_swm320.o(.text)
    BusFault_Handler                         0x00000167   Thumb Code     2  startup_swm320.o(.text)
    UsageFault_Handler                       0x00000169   Thumb Code     2  startup_swm320.o(.text)
    SVC_Handler                              0x0000016b   Thumb Code     2  startup_swm320.o(.text)
    DebugMon_Handler                         0x0000016d   Thumb Code     2  startup_swm320.o(.text)
    PendSV_Handler                           0x0000016f   Thumb Code     2  startup_swm320.o(.text)
    SysTick_Handler                          0x00000171   Thumb Code     2  startup_swm320.o(.text)
    GPIOA0_Handler                           0x00000173   Thumb Code     2  startup_swm320.o(.text)
    GPIOA1_Handler                           0x00000175   Thumb Code     2  startup_swm320.o(.text)
    GPIOA2_Handler                           0x00000177   Thumb Code     2  startup_swm320.o(.text)
    GPIOA3_Handler                           0x00000179   Thumb Code     2  startup_swm320.o(.text)
    GPIOA4_Handler                           0x0000017b   Thumb Code     2  startup_swm320.o(.text)
    GPIOA5_Handler                           0x0000017d   Thumb Code     2  startup_swm320.o(.text)
    GPIOA6_Handler                           0x0000017f   Thumb Code     2  startup_swm320.o(.text)
    GPIOA7_Handler                           0x00000181   Thumb Code     2  startup_swm320.o(.text)
    GPIOB0_Handler                           0x00000183   Thumb Code     2  startup_swm320.o(.text)
    GPIOB1_Handler                           0x00000185   Thumb Code     2  startup_swm320.o(.text)
    GPIOB2_Handler                           0x00000187   Thumb Code     2  startup_swm320.o(.text)
    GPIOB3_Handler                           0x00000189   Thumb Code     2  startup_swm320.o(.text)
    GPIOB4_Handler                           0x0000018b   Thumb Code     2  startup_swm320.o(.text)
    GPIOB5_Handler                           0x0000018d   Thumb Code     2  startup_swm320.o(.text)
    GPIOB6_Handler                           0x0000018f   Thumb Code     2  startup_swm320.o(.text)
    GPIOB7_Handler                           0x00000191   Thumb Code     2  startup_swm320.o(.text)
    GPIOC0_Handler                           0x00000193   Thumb Code     2  startup_swm320.o(.text)
    GPIOC1_Handler                           0x00000195   Thumb Code     2  startup_swm320.o(.text)
    GPIOC2_Handler                           0x00000197   Thumb Code     2  startup_swm320.o(.text)
    GPIOC3_Handler                           0x00000199   Thumb Code     2  startup_swm320.o(.text)
    GPIOC4_Handler                           0x0000019b   Thumb Code     2  startup_swm320.o(.text)
    GPIOC5_Handler                           0x0000019d   Thumb Code     2  startup_swm320.o(.text)
    GPIOC6_Handler                           0x0000019f   Thumb Code     2  startup_swm320.o(.text)
    GPIOC7_Handler                           0x000001a1   Thumb Code     2  startup_swm320.o(.text)
    GPIOM0_Handler                           0x000001a3   Thumb Code     2  startup_swm320.o(.text)
    GPIOM1_Handler                           0x000001a5   Thumb Code     2  startup_swm320.o(.text)
    GPIOM2_Handler                           0x000001a7   Thumb Code     2  startup_swm320.o(.text)
    GPIOM3_Handler                           0x000001a9   Thumb Code     2  startup_swm320.o(.text)
    GPIOM4_Handler                           0x000001ab   Thumb Code     2  startup_swm320.o(.text)
    GPIOM5_Handler                           0x000001ad   Thumb Code     2  startup_swm320.o(.text)
    GPIOM6_Handler                           0x000001af   Thumb Code     2  startup_swm320.o(.text)
    GPIOM7_Handler                           0x000001b1   Thumb Code     2  startup_swm320.o(.text)
    DMA_Handler                              0x000001b3   Thumb Code     2  startup_swm320.o(.text)
    LCD_Handler                              0x000001b5   Thumb Code     2  startup_swm320.o(.text)
    NORFLC_Handler                           0x000001b7   Thumb Code     2  startup_swm320.o(.text)
    CAN_Handler                              0x000001b9   Thumb Code     2  startup_swm320.o(.text)
    PULSE_Handler                            0x000001bb   Thumb Code     2  startup_swm320.o(.text)
    WDT_Handler                              0x000001bd   Thumb Code     2  startup_swm320.o(.text)
    PWM_Handler                              0x000001bf   Thumb Code     2  startup_swm320.o(.text)
    UART0_Handler                            0x000001c1   Thumb Code     2  startup_swm320.o(.text)
    UART1_Handler                            0x000001c3   Thumb Code     2  startup_swm320.o(.text)
    UART2_Handler                            0x000001c5   Thumb Code     2  startup_swm320.o(.text)
    UART3_Handler                            0x000001c7   Thumb Code     2  startup_swm320.o(.text)
    I2C0_Handler                             0x000001c9   Thumb Code     2  startup_swm320.o(.text)
    I2C1_Handler                             0x000001cb   Thumb Code     2  startup_swm320.o(.text)
    SPI0_Handler                             0x000001cd   Thumb Code     2  startup_swm320.o(.text)
    ADC0_Handler                             0x000001cf   Thumb Code     2  startup_swm320.o(.text)
    RTC_Handler                              0x000001d1   Thumb Code     2  startup_swm320.o(.text)
    ANAC_Handler                             0x000001d3   Thumb Code     2  startup_swm320.o(.text)
    SDIO_Handler                             0x000001d5   Thumb Code     2  startup_swm320.o(.text)
    GPIOA_Handler                            0x000001d7   Thumb Code     2  startup_swm320.o(.text)
    GPIOB_Handler                            0x000001d9   Thumb Code     2  startup_swm320.o(.text)
    GPIOC_Handler                            0x000001db   Thumb Code     2  startup_swm320.o(.text)
    GPIOM_Handler                            0x000001dd   Thumb Code     2  startup_swm320.o(.text)
    GPION_Handler                            0x000001df   Thumb Code     2  startup_swm320.o(.text)
    GPIOP_Handler                            0x000001e1   Thumb Code     2  startup_swm320.o(.text)
    ADC1_Handler                             0x000001e3   Thumb Code     2  startup_swm320.o(.text)
    FPU_Handler                              0x000001e5   Thumb Code     2  startup_swm320.o(.text)
    SPI1_Handler                             0x000001e7   Thumb Code     2  startup_swm320.o(.text)
    TIMR0_Handler                            0x000001e9   Thumb Code     2  startup_swm320.o(.text)
    TIMR1_Handler                            0x000001eb   Thumb Code     2  startup_swm320.o(.text)
    TIMR2_Handler                            0x000001ed   Thumb Code     2  startup_swm320.o(.text)
    TIMR3_Handler                            0x000001ef   Thumb Code     2  startup_swm320.o(.text)
    TIMR4_Handler                            0x000001f1   Thumb Code     2  startup_swm320.o(.text)
    TIMR5_Handler                            0x000001f3   Thumb Code     2  startup_swm320.o(.text)
    __aeabi_memset                           0x000001f9   Thumb Code    14  memseta.o(.text)
    __aeabi_memset4                          0x000001f9   Thumb Code     0  memseta.o(.text)
    __aeabi_memset8                          0x000001f9   Thumb Code     0  memseta.o(.text)
    __aeabi_memclr                           0x00000207   Thumb Code     4  memseta.o(.text)
    __aeabi_memclr4                          0x00000207   Thumb Code     0  memseta.o(.text)
    __aeabi_memclr8                          0x00000207   Thumb Code     0  memseta.o(.text)
    _memset$wrapper                          0x0000020b   Thumb Code    18  memseta.o(.text)
    __aeabi_uidiv                            0x0000021d   Thumb Code     0  uidiv.o(.text)
    __aeabi_uidivmod                         0x0000021d   Thumb Code    44  uidiv.o(.text)
    __scatterload                            0x00000249   Thumb Code    28  init.o(.text)
    __scatterload_rt2                        0x00000249   Thumb Code     0  init.o(.text)
    Clear_Interrupt                          0x000002c5   Thumb Code     2  ota.o(i.Clear_Interrupt)
    FLASH_FAT_Init                           0x000002c9   Thumb Code   138  ota.o(i.FLASH_FAT_Init)
    FLASH_Write                              0x0000044d   Thumb Code   174  swm320_flash.o(i.FLASH_Write)
    GPIO_ClrBit                              0x00000501   Thumb Code    12  swm320_gpio.o(i.GPIO_ClrBit)
    GPIO_Init                                0x0000050d   Thumb Code   710  swm320_gpio.o(i.GPIO_Init)
    GPIO_SetBit                              0x000007f9   Thumb Code    12  swm320_gpio.o(i.GPIO_SetBit)
    JumpToApp                                0x00000805   Thumb Code    34  ota.o(i.JumpToApp)
    OTA_Init                                 0x00000889   Thumb Code    20  ota.o(i.OTA_Init)
    OTA_SDtoSPIFLASH                         0x0000089d   Thumb Code   218  ota.o(i.OTA_SDtoSPIFLASH)
    OTA_SPIFLASHtoFLASH                      0x00000a21   Thumb Code   272  ota.o(i.OTA_SPIFLASHtoFLASH)
    PLLInit                                  0x00000bb1   Thumb Code    78  system_swm320.o(i.PLLInit)
    PORT_Init                                0x00000c0d   Thumb Code  1596  swm320_port.o(i.PORT_Init)
    SDIO_BlockRead                           0x00001255   Thumb Code   110  swm320_sdio.o(i.SDIO_BlockRead)
    SDIO_BlockWrite                          0x000012c9   Thumb Code   120  swm320_sdio.o(i.SDIO_BlockWrite)
    SDIO_Init                                0x00001345   Thumb Code   570  swm320_sdio.o(i.SDIO_Init)
    SDIO_SendCmd                             0x00001595   Thumb Code   140  swm320_sdio.o(i.SDIO_SendCmd)
    SD_FAT_Init                              0x00001621   Thumb Code   138  ota.o(i.SD_FAT_Init)
    SPI_Close                                0x0000177d   Thumb Code    10  swm320_spi.o(i.SPI_Close)
    SPI_FLASH_BufferRead                     0x00001789   Thumb Code    86  bsp_spiflash.o(i.SPI_FLASH_BufferRead)
    SPI_FLASH_BufferWrite                    0x000017e9   Thumb Code   290  bsp_spiflash.o(i.SPI_FLASH_BufferWrite)
    SPI_FLASH_PageWrite                      0x0000190d   Thumb Code   108  bsp_spiflash.o(i.SPI_FLASH_PageWrite)
    SPI_FLASH_ReadDeviceID                   0x000019a5   Thumb Code    66  bsp_spiflash.o(i.SPI_FLASH_ReadDeviceID)
    SPI_FLASH_ReadID                         0x000019f1   Thumb Code    82  bsp_spiflash.o(i.SPI_FLASH_ReadID)
    SPI_FLASH_SectorErase                    0x00001a4d   Thumb Code    70  bsp_spiflash.o(i.SPI_FLASH_SectorErase)
    SPI_FLASH_WaitForWriteEnd                0x00001a9d   Thumb Code    74  bsp_spiflash.o(i.SPI_FLASH_WaitForWriteEnd)
    SPI_FLASH_WriteEnable                    0x00001af5   Thumb Code    28  bsp_spiflash.o(i.SPI_FLASH_WriteEnable)
    SPI_Flash_Init                           0x00001b19   Thumb Code   158  bsp_spiflash.o(i.SPI_Flash_Init)
    SPI_Flash_WAKEUP                         0x00001c05   Thumb Code    28  bsp_spiflash.o(i.SPI_Flash_WAKEUP)
    SPI_Init                                 0x00001c29   Thumb Code   220  swm320_spi.o(i.SPI_Init)
    SPI_Open                                 0x00001d0d   Thumb Code    10  swm320_spi.o(i.SPI_Open)
    SPI_ReadWrite                            0x00001d17   Thumb Code    20  swm320_spi.o(i.SPI_ReadWrite)
    SerialInit                               0x00001d2d   Thumb Code    72  bsp_uart.o(i.SerialInit)
    SystemCoreClockUpdate                    0x00001d79   Thumb Code   146  system_swm320.o(i.SystemCoreClockUpdate)
    SystemInit                               0x00001e1d   Thumb Code   278  system_swm320.o(i.SystemInit)
    UART_Close                               0x00001f3d   Thumb Code    10  swm320_uart.o(i.UART_Close)
    UART_Init                                0x00001f49   Thumb Code   392  swm320_uart.o(i.UART_Init)
    UART_IsTXBusy                            0x000020d9   Thumb Code    14  swm320_uart.o(i.UART_IsTXBusy)
    UART_Open                                0x000020e7   Thumb Code    10  swm320_uart.o(i.UART_Open)
    UART_WriteByte                           0x000020f1   Thumb Code     4  swm320_uart.o(i.UART_WriteByte)
    __0printf$1                              0x000020f5   Thumb Code    22  printf1.o(i.__0printf$1)
    __1printf$1                              0x000020f5   Thumb Code     0  printf1.o(i.__0printf$1)
    __2printf                                0x000020f5   Thumb Code     0  printf1.o(i.__0printf$1)
    __scatterload_copy                       0x00002115   Thumb Code    14  handlers.o(i.__scatterload_copy)
    __scatterload_null                       0x00002123   Thumb Code     2  handlers.o(i.__scatterload_null)
    __scatterload_zeroinit                   0x00002125   Thumb Code    14  handlers.o(i.__scatterload_zeroinit)
    bsp_SDIOInit                             0x00002289   Thumb Code    84  bsp_sdio.o(i.bsp_SDIOInit)
    calcSDCLKDiv                             0x000022dd   Thumb Code   142  swm320_sdio.o(i.calcSDCLKDiv)
    disk_initialize                          0x00002d85   Thumb Code    70  diskio.o(i.disk_initialize)
    disk_ioctl                               0x00002dcd   Thumb Code   110  diskio.o(i.disk_ioctl)
    disk_read                                0x00002e41   Thumb Code    78  diskio.o(i.disk_read)
    disk_status                              0x00002e91   Thumb Code    50  diskio.o(i.disk_status)
    disk_write                               0x00002ec9   Thumb Code    92  diskio.o(i.disk_write)
    f_close                                  0x00002f25   Thumb Code    34  ff.o(i.f_close)
    f_lseek                                  0x00002f47   Thumb Code   416  ff.o(i.f_lseek)
    f_mkfs                                   0x000030e9   Thumb Code  1700  ff.o(i.f_mkfs)
    f_mount                                  0x000037c5   Thumb Code    80  ff.o(i.f_mount)
    f_open                                   0x00003819   Thumb Code   506  ff.o(i.f_open)
    f_read                                   0x00003a19   Thumb Code   462  ff.o(i.f_read)
    f_sync                                   0x00003be9   Thumb Code   156  ff.o(i.f_sync)
    f_write                                  0x00003c89   Thumb Code   532  ff.o(i.f_write)
    ff_oem2uni                               0x00003e9d   Thumb Code    98  ffunicode.o(i.ff_oem2uni)
    ff_uni2oem                               0x00003f05   Thumb Code   110  ffunicode.o(i.ff_uni2oem)
    ff_wtoupper                              0x00003f79   Thumb Code   166  ffunicode.o(i.ff_wtoupper)
    fputc                                    0x0000445d   Thumb Code    30  bsp_uart.o(i.fputc)
    main                                     0x00004721   Thumb Code    52  main.o(i.main)
    parseCID                                 0x000047f1   Thumb Code   220  swm320_sdio.o(i.parseCID)
    parseCSD                                 0x000048d1   Thumb Code   536  swm320_sdio.o(i.parseCSD)
    Region$$Table$$Base                      0x0002fb4c   Number         0  anon$$obj.o(Region$$Table)
    Region$$Table$$Limit                     0x0002fb6c   Number         0  anon$$obj.o(Region$$Table)
    SystemCoreClock                          0x20000000   Data           4  system_swm320.o(.data)
    CyclesPerUs                              0x20000004   Data           4  system_swm320.o(.data)
    res_sd                                   0x20000018   Data           1  ota.o(.data)
    res_flash                                0x20000019   Data           1  ota.o(.data)
    fnum                                     0x2000001c   Data           4  ota.o(.data)
    SD_ReadBuffer                            0x20000020   Data           1  ota.o(.data)
    FLASH_WriteBuffer                        0x20000021   Data           1  ota.o(.data)
    FLASH_ReadBuffer                         0x20000022   Data           1  ota.o(.data)
    SD_File_Size                             0x20000024   Data           4  ota.o(.data)
    FLASH_File_Size                          0x20000028   Data           4  ota.o(.data)
    __stdout                                 0x2000002c   Data           4  stdout.o(.data)
    SD_cardInfo                              0x20000030   Data          80  swm320_sdio.o(.bss)
    SD_fs                                    0x20000080   Data        4156  ota.o(.bss)
    FLASH_fs                                 0x200010bc   Data        4156  ota.o(.bss)
    SD_file                                  0x200020f8   Data        4136  ota.o(.bss)
    FLASH_file                               0x20003120   Data        4136  ota.o(.bss)
    work                                     0x20004148   Data        4096  ota.o(.bss)
    __initial_sp                             0x20009148   Data           0  startup_swm320.o(STACK)



==============================================================================

Memory Map of the image

  Image Entry point : 0x00000149

  Load Region LR_IROM1 (Base: 0x00000000, Size: 0x0002fb9c, Max: 0x00080000, ABSOLUTE)

    Execution Region ER_IROM1 (Base: 0x00000000, Size: 0x0002fb6c, Max: 0x00080000, ABSOLUTE)

    Base Addr    Size         Type   Attr      Idx    E Section Name        Object

    0x00000000   0x00000148   Data   RO          129    RESET               startup_swm320.o
    0x00000148   0x00000000   Code   RO         1448  * .ARM.Collect$$$$00000000  mc_w.l(entry.o)
    0x00000148   0x00000004   Code   RO         1714    .ARM.Collect$$$$00000001  mc_w.l(entry2.o)
    0x0000014c   0x00000004   Code   RO         1717    .ARM.Collect$$$$00000004  mc_w.l(entry5.o)
    0x00000150   0x00000000   Code   RO         1719    .ARM.Collect$$$$00000008  mc_w.l(entry7b.o)
    0x00000150   0x00000000   Code   RO         1721    .ARM.Collect$$$$0000000A  mc_w.l(entry8b.o)
    0x00000150   0x00000008   Code   RO         1722    .ARM.Collect$$$$0000000B  mc_w.l(entry9a.o)
    0x00000158   0x00000000   Code   RO         1724    .ARM.Collect$$$$0000000D  mc_w.l(entry10a.o)
    0x00000158   0x00000000   Code   RO         1726    .ARM.Collect$$$$0000000F  mc_w.l(entry11a.o)
    0x00000158   0x00000004   Code   RO         1715    .ARM.Collect$$$$00002712  mc_w.l(entry2.o)
    0x0000015c   0x0000009c   Code   RO          130    .text               startup_swm320.o
    0x000001f8   0x00000024   Code   RO         1451    .text               mc_w.l(memseta.o)
    0x0000021c   0x0000002c   Code   RO         1729    .text               mc_w.l(uidiv.o)
    0x00000248   0x00000024   Code   RO         1744    .text               mc_w.l(init.o)
    0x0000026c   0x00000058   Code   RO          777    PlaceInRAM          swm320_flash.o
    0x000002c4   0x00000002   Code   RO         1371    i.Clear_Interrupt   ota.o
    0x000002c6   0x00000002   PAD
    0x000002c8   0x00000184   Code   RO         1372    i.FLASH_FAT_Init    ota.o
    0x0000044c   0x000000b4   Code   RO          779    i.FLASH_Write       swm320_flash.o
    0x00000500   0x0000000c   Code   RO          183    i.GPIO_ClrBit       swm320_gpio.o
    0x0000050c   0x000002ec   Code   RO          187    i.GPIO_Init         swm320_gpio.o
    0x000007f8   0x0000000c   Code   RO          190    i.GPIO_SetBit       swm320_gpio.o
    0x00000804   0x00000028   Code   RO         1373    i.JumpToApp         ota.o
    0x0000082c   0x00000018   Code   RO          345    i.NVIC_DisableIRQ   swm320_uart.o
    0x00000844   0x00000018   Code   RO          569    i.NVIC_DisableIRQ   swm320_spi.o
    0x0000085c   0x00000016   Code   RO          346    i.NVIC_EnableIRQ    swm320_uart.o
    0x00000872   0x00000016   Code   RO          570    i.NVIC_EnableIRQ    swm320_spi.o
    0x00000888   0x00000014   Code   RO         1375    i.OTA_Init          ota.o
    0x0000089c   0x00000184   Code   RO         1376    i.OTA_SDtoSPIFLASH  ota.o
    0x00000a20   0x00000190   Code   RO         1377    i.OTA_SPIFLASHtoFLASH  ota.o
    0x00000bb0   0x0000005c   Code   RO            4    i.PLLInit           system_swm320.o
    0x00000c0c   0x00000648   Code   RO          255    i.PORT_Init         swm320_port.o
    0x00001254   0x00000074   Code   RO          279    i.SDIO_BlockRead    swm320_sdio.o
    0x000012c8   0x0000007c   Code   RO          280    i.SDIO_BlockWrite   swm320_sdio.o
    0x00001344   0x00000250   Code   RO          281    i.SDIO_Init         swm320_sdio.o
    0x00001594   0x0000008c   Code   RO          282    i.SDIO_SendCmd      swm320_sdio.o
    0x00001620   0x0000015c   Code   RO         1378    i.SD_FAT_Init       ota.o
    0x0000177c   0x0000000a   Code   RO          571    i.SPI_Close         swm320_spi.o
    0x00001786   0x00000002   PAD
    0x00001788   0x00000060   Code   RO          869    i.SPI_FLASH_BufferRead  bsp_spiflash.o
    0x000017e8   0x00000122   Code   RO          870    i.SPI_FLASH_BufferWrite  bsp_spiflash.o
    0x0000190a   0x00000002   PAD
    0x0000190c   0x00000098   Code   RO          871    i.SPI_FLASH_PageWrite  bsp_spiflash.o
    0x000019a4   0x0000004c   Code   RO          872    i.SPI_FLASH_ReadDeviceID  bsp_spiflash.o
    0x000019f0   0x0000005c   Code   RO          873    i.SPI_FLASH_ReadID  bsp_spiflash.o
    0x00001a4c   0x00000050   Code   RO          874    i.SPI_FLASH_SectorErase  bsp_spiflash.o
    0x00001a9c   0x00000058   Code   RO          875    i.SPI_FLASH_WaitForWriteEnd  bsp_spiflash.o
    0x00001af4   0x00000024   Code   RO          876    i.SPI_FLASH_WriteEnable  bsp_spiflash.o
    0x00001b18   0x000000ec   Code   RO          877    i.SPI_Flash_Init    bsp_spiflash.o
    0x00001c04   0x00000024   Code   RO          879    i.SPI_Flash_WAKEUP  bsp_spiflash.o
    0x00001c28   0x000000e4   Code   RO          592    i.SPI_Init          swm320_spi.o
    0x00001d0c   0x0000000a   Code   RO          596    i.SPI_Open          swm320_spi.o
    0x00001d16   0x00000014   Code   RO          598    i.SPI_ReadWrite     swm320_spi.o
    0x00001d2a   0x00000002   PAD
    0x00001d2c   0x0000004c   Code   RO          812    i.SerialInit        bsp_uart.o
    0x00001d78   0x000000a4   Code   RO            5    i.SystemCoreClockUpdate  system_swm320.o
    0x00001e1c   0x00000120   Code   RO            6    i.SystemInit        system_swm320.o
    0x00001f3c   0x0000000a   Code   RO          351    i.UART_Close        swm320_uart.o
    0x00001f46   0x00000002   PAD
    0x00001f48   0x00000190   Code   RO          365    i.UART_Init         swm320_uart.o
    0x000020d8   0x0000000e   Code   RO          367    i.UART_IsTXBusy     swm320_uart.o
    0x000020e6   0x0000000a   Code   RO          373    i.UART_Open         swm320_uart.o
    0x000020f0   0x00000004   Code   RO          378    i.UART_WriteByte    swm320_uart.o
    0x000020f4   0x00000020   Code   RO         1498    i.__0printf$1       mc_w.l(printf1.o)
    0x00002114   0x0000000e   Code   RO         1756    i.__scatterload_copy  mc_w.l(handlers.o)
    0x00002122   0x00000002   Code   RO         1757    i.__scatterload_null  mc_w.l(handlers.o)
    0x00002124   0x0000000e   Code   RO         1758    i.__scatterload_zeroinit  mc_w.l(handlers.o)
    0x00002132   0x00000002   PAD
    0x00002134   0x00000154   Code   RO         1505    i._printf_core      mc_w.l(printf1.o)
    0x00002288   0x00000054   Code   RO          842    i.bsp_SDIOInit      bsp_sdio.o
    0x000022dc   0x0000009c   Code   RO          283    i.calcSDCLKDiv      swm320_sdio.o
    0x00002378   0x0000007c   Code   RO         1009    i.check_fs          ff.o
    0x000023f4   0x00000014   Code   RO         1010    i.chk_chr           ff.o
    0x00002408   0x0000001a   Code   RO         1011    i.clst2sect         ff.o
    0x00002422   0x00000002   PAD
    0x00002424   0x00000098   Code   RO         1012    i.cmp_lfn           ff.o
    0x000024bc   0x00000120   Code   RO         1013    i.create_chain      ff.o
    0x000025dc   0x000002b4   Code   RO         1014    i.create_name       ff.o
    0x00002890   0x00000034   Code   RO         1015    i.dbc_1st           ff.o
    0x000028c4   0x00000048   Code   RO         1016    i.dbc_2nd           ff.o
    0x0000290c   0x00000060   Code   RO         1017    i.dir_alloc         ff.o
    0x0000296c   0x0000005e   Code   RO         1018    i.dir_clear         ff.o
    0x000029ca   0x000000fc   Code   RO         1019    i.dir_find          ff.o
    0x00002ac6   0x000000d6   Code   RO         1020    i.dir_next          ff.o
    0x00002b9c   0x00000142   Code   RO         1022    i.dir_register      ff.o
    0x00002cde   0x000000a6   Code   RO         1024    i.dir_sdi           ff.o
    0x00002d84   0x00000046   Code   RO          958    i.disk_initialize   diskio.o
    0x00002dca   0x00000002   PAD
    0x00002dcc   0x00000074   Code   RO          959    i.disk_ioctl        diskio.o
    0x00002e40   0x0000004e   Code   RO          960    i.disk_read         diskio.o
    0x00002e8e   0x00000002   PAD
    0x00002e90   0x00000038   Code   RO          961    i.disk_status       diskio.o
    0x00002ec8   0x0000005c   Code   RO          962    i.disk_write        diskio.o
    0x00002f24   0x00000022   Code   RO         1027    i.f_close           ff.o
    0x00002f46   0x000001a0   Code   RO         1030    i.f_lseek           ff.o
    0x000030e6   0x00000002   PAD
    0x000030e8   0x000006dc   Code   RO         1032    i.f_mkfs            ff.o
    0x000037c4   0x00000054   Code   RO         1033    i.f_mount           ff.o
    0x00003818   0x00000200   Code   RO         1034    i.f_open            ff.o
    0x00003a18   0x000001ce   Code   RO         1036    i.f_read            ff.o
    0x00003be6   0x00000002   PAD
    0x00003be8   0x000000a0   Code   RO         1040    i.f_sync            ff.o
    0x00003c88   0x00000214   Code   RO         1043    i.f_write           ff.o
    0x00003e9c   0x00000068   Code   RO         1342    i.ff_oem2uni        ffunicode.o
    0x00003f04   0x00000074   Code   RO         1343    i.ff_uni2oem        ffunicode.o
    0x00003f78   0x000000b0   Code   RO         1344    i.ff_wtoupper       ffunicode.o
    0x00004028   0x00000360   Code   RO         1044    i.find_volume       ff.o
    0x00004388   0x000000d4   Code   RO         1045    i.follow_path       ff.o
    0x0000445c   0x00000024   Code   RO          813    i.fputc             bsp_uart.o
    0x00004480   0x000000cc   Code   RO         1046    i.gen_numname       ff.o
    0x0000454c   0x00000132   Code   RO         1047    i.get_fat           ff.o
    0x0000467e   0x00000002   PAD
    0x00004680   0x00000054   Code   RO         1049    i.get_ldnumber      ff.o
    0x000046d4   0x00000026   Code   RO         1050    i.ld_clust          ff.o
    0x000046fa   0x00000018   Code   RO         1051    i.ld_dword          ff.o
    0x00004712   0x0000000c   Code   RO         1052    i.ld_word           ff.o
    0x0000471e   0x00000002   PAD
    0x00004720   0x0000004c   Code   RO          137    i.main              main.o
    0x0000476c   0x00000024   Code   RO         1053    i.mem_cmp           ff.o
    0x00004790   0x0000001a   Code   RO         1054    i.mem_cpy           ff.o
    0x000047aa   0x00000012   Code   RO         1055    i.mem_set           ff.o
    0x000047bc   0x00000034   Code   RO         1056    i.move_window       ff.o
    0x000047f0   0x000000e0   Code   RO          284    i.parseCID          swm320_sdio.o
    0x000048d0   0x0000021c   Code   RO          285    i.parseCSD          swm320_sdio.o
    0x00004aec   0x00000190   Code   RO         1058    i.put_fat           ff.o
    0x00004c7c   0x00000080   Code   RO         1059    i.put_lfn           ff.o
    0x00004cfc   0x0000009a   Code   RO         1061    i.remove_chain      ff.o
    0x00004d96   0x00000024   Code   RO         1062    i.st_clust          ff.o
    0x00004dba   0x00000018   Code   RO         1063    i.st_dword          ff.o
    0x00004dd2   0x0000000c   Code   RO         1064    i.st_word           ff.o
    0x00004dde   0x00000020   Code   RO         1065    i.sum_sfn           ff.o
    0x00004dfe   0x00000002   PAD
    0x00004e00   0x00000090   Code   RO         1066    i.sync_fs           ff.o
    0x00004e90   0x0000004a   Code   RO         1067    i.sync_window       ff.o
    0x00004eda   0x0000004c   Code   RO         1068    i.tchar2uni         ff.o
    0x00004f26   0x0000003c   Code   RO         1069    i.validate          ff.o
    0x00004f62   0x00000034   Data   RO         1070    .constdata          ff.o
    0x00004f96   0x0002abb6   Data   RO         1345    .constdata          ffunicode.o
    0x0002fb4c   0x00000020   Data   RO         1754    Region$$Table       anon$$obj.o


    Execution Region RW_IRAM1 (Base: 0x20000000, Size: 0x00009148, Max: 0x00020000, ABSOLUTE)

    Base Addr    Size         Type   Attr      Idx    E Section Name        Object

    0x20000000   0x00000008   Data   RW            7    .data               system_swm320.o
    0x20000008   0x00000004   Data   RW          880    .data               bsp_spiflash.o
    0x2000000c   0x0000000b   Data   RW         1071    .data               ff.o
    0x20000017   0x00000001   PAD
    0x20000018   0x00000014   Data   RW         1380    .data               ota.o
    0x2000002c   0x00000004   Data   RW         1728    .data               mc_w.l(stdout.o)
    0x20000030   0x00000050   Zero   RW          286    .bss                swm320_sdio.o
    0x20000080   0x000050c8   Zero   RW         1379    .bss                ota.o
    0x20005148   0x00004000   Zero   RW          127    STACK               startup_swm320.o


==============================================================================

Image component sizes


      Code (inc. data)   RO Data    RW Data    ZI Data      Debug   Object Name

        84          0          0          0          0        527   bsp_sdio.o
      1182        192          0          4          0       6925   bsp_spiflash.o
       112         10          0          0          0       1129   bsp_uart.o
       412         12          0          0          0       6898   diskio.o
      9542        196         52         11          0      51300   ff.o
       396         32     175030          0          0       2896   ffunicode.o
        76         24          0          0          0       3267   main.o
      1586        764          0         20      20680       6522   ota.o
       156          4        328          0      16384       3392   startup_swm320.o
       268         18          0          0          0       1794   swm320_flash.o
       772         38          0          0          0       2432   swm320_gpio.o
      1608         30          0          0          0       1240   swm320_port.o
      1892         54          0          0         80       8921   swm320_sdio.o
       314         14          0          0          0       3566   swm320_spi.o
       484         14          0          0          0      28101   swm320_uart.o
       544         48          0          8          0      75985   system_swm320.o

    ----------------------------------------------------------------------
     19454       1450     175442         44      37144     204895   Object Totals
         0          0         32          0          0          0   (incl. Generated)
        26          0          0          1          0          0   (incl. Padding)

    ----------------------------------------------------------------------

      Code (inc. data)   RO Data    RW Data    ZI Data      Debug   Library Member Name

         0          0          0          0          0          0   entry.o
         0          0          0          0          0          0   entry10a.o
         0          0          0          0          0          0   entry11a.o
         8          4          0          0          0          0   entry2.o
         4          0          0          0          0          0   entry5.o
         0          0          0          0          0          0   entry7b.o
         0          0          0          0          0          0   entry8b.o
         8          4          0          0          0          0   entry9a.o
        30          0          0          0          0          0   handlers.o
        36          8          0          0          0         68   init.o
        36          0          0          0          0        108   memseta.o
       372         14          0          0          0        184   printf1.o
         0          0          0          4          0          0   stdout.o
        44          0          0          0          0         80   uidiv.o

    ----------------------------------------------------------------------
       540         30          0          4          0        440   Library Totals
         2          0          0          0          0          0   (incl. Padding)

    ----------------------------------------------------------------------

      Code (inc. data)   RO Data    RW Data    ZI Data      Debug   Library Name

       538         30          0          4          0        440   mc_w.l

    ----------------------------------------------------------------------
       540         30          0          4          0        440   Library Totals

    ----------------------------------------------------------------------

==============================================================================


      Code (inc. data)   RO Data    RW Data    ZI Data      Debug   

     19994       1480     175442         48      37144     200183   Grand Totals
     19994       1480     175442         48      37144     200183   ELF Image Totals
     19994       1480     175442         48          0          0   ROM Totals

==============================================================================

    Total RO  Size (Code + RO Data)               195436 ( 190.86kB)
    Total RW  Size (RW Data + ZI Data)             37192 (  36.32kB)
    Total ROM Size (Code + RO Data + RW Data)     195484 ( 190.90kB)

==============================================================================

