<html>
<body>
<pre>
<h1>礦ision Build Log</h1>
<h2>Tool Versions:</h2>
IDE-Version: μVision V5.14.0.0
Copyright (C) 2015 ARM Ltd and ARM Germany GmbH. All rights reserved.
License Information: 董程森 微软用户, 微软中国, LIC=PE730-BUW4M-W2WLL-0NAGG-VSY4H-IRY8T
 
Tool Versions:
Toolchain:       MDK-ARM Standard  Version: 5.14.0.0
Toolchain Path:  E:\MDK5\ARM\ARMCC\Bin
C Compiler:      Armcc.exe V5.05 update 1 (build 106)
Assembler:       Armasm.exe V5.05 update 1 (build 106)
Linker/Locator:  ArmLink.exe V5.05 update 1 (build 106)
Library Manager: ArmAr.exe V5.05 update 1 (build 106)
Hex Converter:   FromElf.exe V5.05 update 1 (build 106)
CPU DLL:         SARMCM3.DLL V5.14.0.0
Dialog DLL:      DCM.DLL V1.13.1.0
Target DLL:      STLink\ST-LINKIII-KEIL_SWO.dll V2.0.14.0_KEIL
Dialog DLL:      TCM.DLL V1.14.4.0
 
<h2>Project:</h2>
C:\Users\hasee\Desktop\14.SPI总线\2.SPI Flash读写数据\USER\SWM320_SPIFlash.uvprojx
Project File Date:  05/22/2019

<h2>Output:</h2>
Rebuild target 'SWM320_SPIFlash'
compiling system_SWM320.c...
assembling startup_SWM320.s...
compiling main.c...
compiling SWM320_gpio.c...
compiling SWM320_port.c...
compiling SWM320_spi.c...
compiling SWM320_uart.c...
compiling bsp_SysTick.c...
compiling bsp_UART.c...
compiling bsp_SPIFlash.c...
linking...
Program Size: Code=6480 RO-data=360 RW-data=40 ZI-data=1048  
".\Objects\SWM320_SPIFlash.axf" - 0 Error(s), 0 Warning(s).

<h2>Collection of Component include folders:</h2>
  C:\Users\hasee\Desktop\14.SPI总线\2.SPI Flash读写数据\USER\RTE
  E:\MDK5\Synwit\SWM32_DFP\1.8.5\CSL\SWM320\CMSIS\DeviceSupport

<h2>Collection of Component Files used:</h2>
</pre>
</body>
</html>
