Component: ARM Compiler 5.05 update 1 (build 106) Tool: armlink [4d0efa]

==============================================================================

Section Cross References

    main.o(.text) refers to swm320_port.o(.text) for PORT_Init
    main.o(.text) refers to swm320_uart.o(.text) for UART_Init
    main.o(.text) refers to system_swm320.o(.text) for SystemInit
    main.o(.text) refers to swm320_sdram.o(.text) for SDRAM_Init
    main.o(.text) refers to printf8.o(i.__0printf$8) for __2printf
    main.o(.text) refers to main.o(.data) for .data
    swm320_adc.o(.text) refers to system_swm320.o(.text) for PLLInit
    swm320_gpio.o(.text) refers to swm320_port.o(.text) for PORT_Init
    swm320_i2c.o(.text) refers to system_swm320.o(.data) for SystemCoreClock
    swm320_uart.o(.text) refers to system_swm320.o(.data) for SystemCoreClock
    swm320_can.o(.text) refers to system_swm320.o(.data) for SystemCoreClock
    swm320_rtc.o(.text) refers to memcpya.o(.text) for __aeabi_memcpy4
    swm320_rtc.o(.text) refers to swm320_rtc.o(.constdata) for .constdata
    swm320_sdio.o(.text) refers to system_swm320.o(.data) for SystemCoreClock
    swm320_sdio.o(.text) refers to swm320_sdio.o(.bss) for .bss
    system_swm320.o(.text) refers to system_swm320.o(.data) for .data
    startup_swm320.o(RESET) refers to startup_swm320.o(STACK) for __initial_sp
    startup_swm320.o(RESET) refers to startup_swm320.o(.text) for Reset_Handler
    startup_swm320.o(.text) refers to entry.o(.ARM.Collect$$$$00000000) for __main
    entry.o(.ARM.Collect$$$$00000000) refers (Special) to entry10a.o(.ARM.Collect$$$$0000000D) for __rt_final_cpp
    entry.o(.ARM.Collect$$$$00000000) refers (Special) to entry11a.o(.ARM.Collect$$$$0000000F) for __rt_final_exit
    entry.o(.ARM.Collect$$$$00000000) refers (Special) to entry7b.o(.ARM.Collect$$$$00000008) for _main_clock
    entry.o(.ARM.Collect$$$$00000000) refers (Special) to entry8b.o(.ARM.Collect$$$$0000000A) for _main_cpp_init
    entry.o(.ARM.Collect$$$$00000000) refers (Special) to entry9a.o(.ARM.Collect$$$$0000000B) for _main_init
    entry.o(.ARM.Collect$$$$00000000) refers (Special) to entry5.o(.ARM.Collect$$$$00000004) for _main_scatterload
    entry.o(.ARM.Collect$$$$00000000) refers (Special) to entry2.o(.ARM.Collect$$$$00000001) for _main_stk
    printfb.o(i.__0fprintf$bare) refers to printfb.o(i._printf_core) for _printf_core
    printfb.o(i.__0fprintf$bare) refers to main.o(.text) for fputc
    printfb.o(i.__0printf$bare) refers to printfb.o(i._printf_core) for _printf_core
    printfb.o(i.__0printf$bare) refers to main.o(.text) for fputc
    printfb.o(i.__0printf$bare) refers to stdout.o(.data) for __stdout
    printfb.o(i.__0snprintf$bare) refers to printfb.o(i._printf_core) for _printf_core
    printfb.o(i.__0snprintf$bare) refers to printfb.o(i._snputc) for _snputc
    printfb.o(i.__0sprintf$bare) refers to printfb.o(i._printf_core) for _printf_core
    printfb.o(i.__0sprintf$bare) refers to printfb.o(i._sputc) for _sputc
    printfb.o(i.__0vfprintf$bare) refers to printfb.o(i._printf_core) for _printf_core
    printfb.o(i.__0vfprintf$bare) refers to main.o(.text) for fputc
    printfb.o(i.__0vprintf$bare) refers to printfb.o(i._printf_core) for _printf_core
    printfb.o(i.__0vprintf$bare) refers to main.o(.text) for fputc
    printfb.o(i.__0vprintf$bare) refers to stdout.o(.data) for __stdout
    printfb.o(i.__0vsnprintf$bare) refers to printfb.o(i._printf_core) for _printf_core
    printfb.o(i.__0vsnprintf$bare) refers to printfb.o(i._snputc) for _snputc
    printfb.o(i.__0vsprintf$bare) refers to printfb.o(i._printf_core) for _printf_core
    printfb.o(i.__0vsprintf$bare) refers to printfb.o(i._sputc) for _sputc
    printf0.o(i.__0fprintf$0) refers to printf0.o(i._printf_core) for _printf_core
    printf0.o(i.__0fprintf$0) refers to main.o(.text) for fputc
    printf0.o(i.__0printf$0) refers to printf0.o(i._printf_core) for _printf_core
    printf0.o(i.__0printf$0) refers to main.o(.text) for fputc
    printf0.o(i.__0printf$0) refers to stdout.o(.data) for __stdout
    printf0.o(i.__0snprintf$0) refers to printf0.o(i._printf_core) for _printf_core
    printf0.o(i.__0snprintf$0) refers to printf0.o(i._snputc) for _snputc
    printf0.o(i.__0sprintf$0) refers to printf0.o(i._printf_core) for _printf_core
    printf0.o(i.__0sprintf$0) refers to printf0.o(i._sputc) for _sputc
    printf0.o(i.__0vfprintf$0) refers to printf0.o(i._printf_core) for _printf_core
    printf0.o(i.__0vfprintf$0) refers to main.o(.text) for fputc
    printf0.o(i.__0vprintf$0) refers to printf0.o(i._printf_core) for _printf_core
    printf0.o(i.__0vprintf$0) refers to main.o(.text) for fputc
    printf0.o(i.__0vprintf$0) refers to stdout.o(.data) for __stdout
    printf0.o(i.__0vsnprintf$0) refers to printf0.o(i._printf_core) for _printf_core
    printf0.o(i.__0vsnprintf$0) refers to printf0.o(i._snputc) for _snputc
    printf0.o(i.__0vsprintf$0) refers to printf0.o(i._printf_core) for _printf_core
    printf0.o(i.__0vsprintf$0) refers to printf0.o(i._sputc) for _sputc
    printf1.o(i.__0fprintf$1) refers to printf1.o(i._printf_core) for _printf_core
    printf1.o(i.__0fprintf$1) refers to main.o(.text) for fputc
    printf1.o(i.__0printf$1) refers to printf1.o(i._printf_core) for _printf_core
    printf1.o(i.__0printf$1) refers to main.o(.text) for fputc
    printf1.o(i.__0printf$1) refers to stdout.o(.data) for __stdout
    printf1.o(i.__0snprintf$1) refers to printf1.o(i._printf_core) for _printf_core
    printf1.o(i.__0snprintf$1) refers to printf1.o(i._snputc) for _snputc
    printf1.o(i.__0sprintf$1) refers to printf1.o(i._printf_core) for _printf_core
    printf1.o(i.__0sprintf$1) refers to printf1.o(i._sputc) for _sputc
    printf1.o(i.__0vfprintf$1) refers to printf1.o(i._printf_core) for _printf_core
    printf1.o(i.__0vfprintf$1) refers to main.o(.text) for fputc
    printf1.o(i.__0vprintf$1) refers to printf1.o(i._printf_core) for _printf_core
    printf1.o(i.__0vprintf$1) refers to main.o(.text) for fputc
    printf1.o(i.__0vprintf$1) refers to stdout.o(.data) for __stdout
    printf1.o(i.__0vsnprintf$1) refers to printf1.o(i._printf_core) for _printf_core
    printf1.o(i.__0vsnprintf$1) refers to printf1.o(i._snputc) for _snputc
    printf1.o(i.__0vsprintf$1) refers to printf1.o(i._printf_core) for _printf_core
    printf1.o(i.__0vsprintf$1) refers to printf1.o(i._sputc) for _sputc
    printf1.o(i._printf_core) refers to uidiv.o(.text) for __aeabi_uidivmod
    printf2.o(i.__0fprintf$2) refers to printf2.o(i._printf_core) for _printf_core
    printf2.o(i.__0fprintf$2) refers to main.o(.text) for fputc
    printf2.o(i.__0printf$2) refers to printf2.o(i._printf_core) for _printf_core
    printf2.o(i.__0printf$2) refers to main.o(.text) for fputc
    printf2.o(i.__0printf$2) refers to stdout.o(.data) for __stdout
    printf2.o(i.__0snprintf$2) refers to printf2.o(i._printf_core) for _printf_core
    printf2.o(i.__0snprintf$2) refers to printf2.o(i._snputc) for _snputc
    printf2.o(i.__0sprintf$2) refers to printf2.o(i._printf_core) for _printf_core
    printf2.o(i.__0sprintf$2) refers to printf2.o(i._sputc) for _sputc
    printf2.o(i.__0vfprintf$2) refers to printf2.o(i._printf_core) for _printf_core
    printf2.o(i.__0vfprintf$2) refers to main.o(.text) for fputc
    printf2.o(i.__0vprintf$2) refers to printf2.o(i._printf_core) for _printf_core
    printf2.o(i.__0vprintf$2) refers to main.o(.text) for fputc
    printf2.o(i.__0vprintf$2) refers to stdout.o(.data) for __stdout
    printf2.o(i.__0vsnprintf$2) refers to printf2.o(i._printf_core) for _printf_core
    printf2.o(i.__0vsnprintf$2) refers to printf2.o(i._snputc) for _snputc
    printf2.o(i.__0vsprintf$2) refers to printf2.o(i._printf_core) for _printf_core
    printf2.o(i.__0vsprintf$2) refers to printf2.o(i._sputc) for _sputc
    printf3.o(i.__0fprintf$3) refers to printf3.o(i._printf_core) for _printf_core
    printf3.o(i.__0fprintf$3) refers to main.o(.text) for fputc
    printf3.o(i.__0printf$3) refers to printf3.o(i._printf_core) for _printf_core
    printf3.o(i.__0printf$3) refers to main.o(.text) for fputc
    printf3.o(i.__0printf$3) refers to stdout.o(.data) for __stdout
    printf3.o(i.__0snprintf$3) refers to printf3.o(i._printf_core) for _printf_core
    printf3.o(i.__0snprintf$3) refers to printf3.o(i._snputc) for _snputc
    printf3.o(i.__0sprintf$3) refers to printf3.o(i._printf_core) for _printf_core
    printf3.o(i.__0sprintf$3) refers to printf3.o(i._sputc) for _sputc
    printf3.o(i.__0vfprintf$3) refers to printf3.o(i._printf_core) for _printf_core
    printf3.o(i.__0vfprintf$3) refers to main.o(.text) for fputc
    printf3.o(i.__0vprintf$3) refers to printf3.o(i._printf_core) for _printf_core
    printf3.o(i.__0vprintf$3) refers to main.o(.text) for fputc
    printf3.o(i.__0vprintf$3) refers to stdout.o(.data) for __stdout
    printf3.o(i.__0vsnprintf$3) refers to printf3.o(i._printf_core) for _printf_core
    printf3.o(i.__0vsnprintf$3) refers to printf3.o(i._snputc) for _snputc
    printf3.o(i.__0vsprintf$3) refers to printf3.o(i._printf_core) for _printf_core
    printf3.o(i.__0vsprintf$3) refers to printf3.o(i._sputc) for _sputc
    printf3.o(i._printf_core) refers to uidiv.o(.text) for __aeabi_uidivmod
    printf4.o(i.__0fprintf$4) refers to printf4.o(i._printf_core) for _printf_core
    printf4.o(i.__0fprintf$4) refers to main.o(.text) for fputc
    printf4.o(i.__0printf$4) refers to printf4.o(i._printf_core) for _printf_core
    printf4.o(i.__0printf$4) refers to main.o(.text) for fputc
    printf4.o(i.__0printf$4) refers to stdout.o(.data) for __stdout
    printf4.o(i.__0snprintf$4) refers to printf4.o(i._printf_core) for _printf_core
    printf4.o(i.__0snprintf$4) refers to printf4.o(i._snputc) for _snputc
    printf4.o(i.__0sprintf$4) refers to printf4.o(i._printf_core) for _printf_core
    printf4.o(i.__0sprintf$4) refers to printf4.o(i._sputc) for _sputc
    printf4.o(i.__0vfprintf$4) refers to printf4.o(i._printf_core) for _printf_core
    printf4.o(i.__0vfprintf$4) refers to main.o(.text) for fputc
    printf4.o(i.__0vprintf$4) refers to printf4.o(i._printf_core) for _printf_core
    printf4.o(i.__0vprintf$4) refers to main.o(.text) for fputc
    printf4.o(i.__0vprintf$4) refers to stdout.o(.data) for __stdout
    printf4.o(i.__0vsnprintf$4) refers to printf4.o(i._printf_core) for _printf_core
    printf4.o(i.__0vsnprintf$4) refers to printf4.o(i._snputc) for _snputc
    printf4.o(i.__0vsprintf$4) refers to printf4.o(i._printf_core) for _printf_core
    printf4.o(i.__0vsprintf$4) refers to printf4.o(i._sputc) for _sputc
    printf4.o(i._printf_core) refers to uldiv.o(.text) for __aeabi_uldivmod
    printf5.o(i.__0fprintf$5) refers to printf5.o(i._printf_core) for _printf_core
    printf5.o(i.__0fprintf$5) refers to main.o(.text) for fputc
    printf5.o(i.__0printf$5) refers to printf5.o(i._printf_core) for _printf_core
    printf5.o(i.__0printf$5) refers to main.o(.text) for fputc
    printf5.o(i.__0printf$5) refers to stdout.o(.data) for __stdout
    printf5.o(i.__0snprintf$5) refers to printf5.o(i._printf_core) for _printf_core
    printf5.o(i.__0snprintf$5) refers to printf5.o(i._snputc) for _snputc
    printf5.o(i.__0sprintf$5) refers to printf5.o(i._printf_core) for _printf_core
    printf5.o(i.__0sprintf$5) refers to printf5.o(i._sputc) for _sputc
    printf5.o(i.__0vfprintf$5) refers to printf5.o(i._printf_core) for _printf_core
    printf5.o(i.__0vfprintf$5) refers to main.o(.text) for fputc
    printf5.o(i.__0vprintf$5) refers to printf5.o(i._printf_core) for _printf_core
    printf5.o(i.__0vprintf$5) refers to main.o(.text) for fputc
    printf5.o(i.__0vprintf$5) refers to stdout.o(.data) for __stdout
    printf5.o(i.__0vsnprintf$5) refers to printf5.o(i._printf_core) for _printf_core
    printf5.o(i.__0vsnprintf$5) refers to printf5.o(i._snputc) for _snputc
    printf5.o(i.__0vsprintf$5) refers to printf5.o(i._printf_core) for _printf_core
    printf5.o(i.__0vsprintf$5) refers to printf5.o(i._sputc) for _sputc
    printf5.o(i._printf_core) refers to uldiv.o(.text) for __aeabi_uldivmod
    printf6.o(i.__0fprintf$6) refers to printf6.o(i._printf_core) for _printf_core
    printf6.o(i.__0fprintf$6) refers to main.o(.text) for fputc
    printf6.o(i.__0printf$6) refers to printf6.o(i._printf_core) for _printf_core
    printf6.o(i.__0printf$6) refers to main.o(.text) for fputc
    printf6.o(i.__0printf$6) refers to stdout.o(.data) for __stdout
    printf6.o(i.__0snprintf$6) refers to printf6.o(i._printf_core) for _printf_core
    printf6.o(i.__0snprintf$6) refers to printf6.o(i._snputc) for _snputc
    printf6.o(i.__0sprintf$6) refers to printf6.o(i._printf_core) for _printf_core
    printf6.o(i.__0sprintf$6) refers to printf6.o(i._sputc) for _sputc
    printf6.o(i.__0vfprintf$6) refers to printf6.o(i._printf_core) for _printf_core
    printf6.o(i.__0vfprintf$6) refers to main.o(.text) for fputc
    printf6.o(i.__0vprintf$6) refers to printf6.o(i._printf_core) for _printf_core
    printf6.o(i.__0vprintf$6) refers to main.o(.text) for fputc
    printf6.o(i.__0vprintf$6) refers to stdout.o(.data) for __stdout
    printf6.o(i.__0vsnprintf$6) refers to printf6.o(i._printf_core) for _printf_core
    printf6.o(i.__0vsnprintf$6) refers to printf6.o(i._snputc) for _snputc
    printf6.o(i.__0vsprintf$6) refers to printf6.o(i._printf_core) for _printf_core
    printf6.o(i.__0vsprintf$6) refers to printf6.o(i._sputc) for _sputc
    printf6.o(i._printf_core) refers to printf6.o(i._printf_pre_padding) for _printf_pre_padding
    printf6.o(i._printf_core) refers to uidiv.o(.text) for __aeabi_uidivmod
    printf6.o(i._printf_core) refers to printf6.o(i._printf_post_padding) for _printf_post_padding
    printf7.o(i.__0fprintf$7) refers to printf7.o(i._printf_core) for _printf_core
    printf7.o(i.__0fprintf$7) refers to main.o(.text) for fputc
    printf7.o(i.__0printf$7) refers to printf7.o(i._printf_core) for _printf_core
    printf7.o(i.__0printf$7) refers to main.o(.text) for fputc
    printf7.o(i.__0printf$7) refers to stdout.o(.data) for __stdout
    printf7.o(i.__0snprintf$7) refers to printf7.o(i._printf_core) for _printf_core
    printf7.o(i.__0snprintf$7) refers to printf7.o(i._snputc) for _snputc
    printf7.o(i.__0sprintf$7) refers to printf7.o(i._printf_core) for _printf_core
    printf7.o(i.__0sprintf$7) refers to printf7.o(i._sputc) for _sputc
    printf7.o(i.__0vfprintf$7) refers to printf7.o(i._printf_core) for _printf_core
    printf7.o(i.__0vfprintf$7) refers to main.o(.text) for fputc
    printf7.o(i.__0vprintf$7) refers to printf7.o(i._printf_core) for _printf_core
    printf7.o(i.__0vprintf$7) refers to main.o(.text) for fputc
    printf7.o(i.__0vprintf$7) refers to stdout.o(.data) for __stdout
    printf7.o(i.__0vsnprintf$7) refers to printf7.o(i._printf_core) for _printf_core
    printf7.o(i.__0vsnprintf$7) refers to printf7.o(i._snputc) for _snputc
    printf7.o(i.__0vsprintf$7) refers to printf7.o(i._printf_core) for _printf_core
    printf7.o(i.__0vsprintf$7) refers to printf7.o(i._sputc) for _sputc
    printf7.o(i._printf_core) refers to printf7.o(i._printf_pre_padding) for _printf_pre_padding
    printf7.o(i._printf_core) refers to uldiv.o(.text) for __aeabi_uldivmod
    printf7.o(i._printf_core) refers to printf7.o(i._printf_post_padding) for _printf_post_padding
    printf8.o(i.__0fprintf$8) refers to printf8.o(i._printf_core) for _printf_core
    printf8.o(i.__0fprintf$8) refers to main.o(.text) for fputc
    printf8.o(i.__0printf$8) refers to printf8.o(i._printf_core) for _printf_core
    printf8.o(i.__0printf$8) refers to main.o(.text) for fputc
    printf8.o(i.__0printf$8) refers to stdout.o(.data) for __stdout
    printf8.o(i.__0snprintf$8) refers to printf8.o(i._printf_core) for _printf_core
    printf8.o(i.__0snprintf$8) refers to printf8.o(i._snputc) for _snputc
    printf8.o(i.__0sprintf$8) refers to printf8.o(i._printf_core) for _printf_core
    printf8.o(i.__0sprintf$8) refers to printf8.o(i._sputc) for _sputc
    printf8.o(i.__0vfprintf$8) refers to printf8.o(i._printf_core) for _printf_core
    printf8.o(i.__0vfprintf$8) refers to main.o(.text) for fputc
    printf8.o(i.__0vprintf$8) refers to printf8.o(i._printf_core) for _printf_core
    printf8.o(i.__0vprintf$8) refers to main.o(.text) for fputc
    printf8.o(i.__0vprintf$8) refers to stdout.o(.data) for __stdout
    printf8.o(i.__0vsnprintf$8) refers to printf8.o(i._printf_core) for _printf_core
    printf8.o(i.__0vsnprintf$8) refers to printf8.o(i._snputc) for _snputc
    printf8.o(i.__0vsprintf$8) refers to printf8.o(i._printf_core) for _printf_core
    printf8.o(i.__0vsprintf$8) refers to printf8.o(i._sputc) for _sputc
    printf8.o(i._printf_core) refers to printf8.o(i._printf_pre_padding) for _printf_pre_padding
    printf8.o(i._printf_core) refers to uldiv.o(.text) for __aeabi_uldivmod
    printf8.o(i._printf_core) refers to printf8.o(i._printf_post_padding) for _printf_post_padding
    printfa.o(i.__0fprintf) refers (Special) to iusefp.o(.text) for __I$use$fp
    printfa.o(i.__0fprintf) refers to printfa.o(i._printf_core) for _printf_core
    printfa.o(i.__0fprintf) refers to main.o(.text) for fputc
    printfa.o(i.__0printf) refers (Special) to iusefp.o(.text) for __I$use$fp
    printfa.o(i.__0printf) refers to printfa.o(i._printf_core) for _printf_core
    printfa.o(i.__0printf) refers to main.o(.text) for fputc
    printfa.o(i.__0printf) refers to stdout.o(.data) for __stdout
    printfa.o(i.__0snprintf) refers (Special) to iusefp.o(.text) for __I$use$fp
    printfa.o(i.__0snprintf) refers to printfa.o(i._printf_core) for _printf_core
    printfa.o(i.__0snprintf) refers to printfa.o(i._snputc) for _snputc
    printfa.o(i.__0sprintf) refers (Special) to iusefp.o(.text) for __I$use$fp
    printfa.o(i.__0sprintf) refers to printfa.o(i._printf_core) for _printf_core
    printfa.o(i.__0sprintf) refers to printfa.o(i._sputc) for _sputc
    printfa.o(i.__0vfprintf) refers (Special) to iusefp.o(.text) for __I$use$fp
    printfa.o(i.__0vfprintf) refers to printfa.o(i._printf_core) for _printf_core
    printfa.o(i.__0vfprintf) refers to main.o(.text) for fputc
    printfa.o(i.__0vprintf) refers (Special) to iusefp.o(.text) for __I$use$fp
    printfa.o(i.__0vprintf) refers to printfa.o(i._printf_core) for _printf_core
    printfa.o(i.__0vprintf) refers to main.o(.text) for fputc
    printfa.o(i.__0vprintf) refers to stdout.o(.data) for __stdout
    printfa.o(i.__0vsnprintf) refers (Special) to iusefp.o(.text) for __I$use$fp
    printfa.o(i.__0vsnprintf) refers to printfa.o(i._printf_core) for _printf_core
    printfa.o(i.__0vsnprintf) refers to printfa.o(i._snputc) for _snputc
    printfa.o(i.__0vsprintf) refers (Special) to iusefp.o(.text) for __I$use$fp
    printfa.o(i.__0vsprintf) refers to printfa.o(i._printf_core) for _printf_core
    printfa.o(i.__0vsprintf) refers to printfa.o(i._sputc) for _sputc
    printfa.o(i._fp_digits) refers (Special) to iusefp.o(.text) for __I$use$fp
    printfa.o(i._fp_digits) refers to dmul.o(.text) for __aeabi_dmul
    printfa.o(i._fp_digits) refers to ddiv.o(.text) for __aeabi_ddiv
    printfa.o(i._fp_digits) refers to cdrcmple.o(.text) for __aeabi_cdrcmple
    printfa.o(i._fp_digits) refers to dadd.o(.text) for __aeabi_dadd
    printfa.o(i._fp_digits) refers to dfixul.o(.text) for __aeabi_d2ulz
    printfa.o(i._fp_digits) refers to uldiv.o(.text) for __aeabi_uldivmod
    printfa.o(i._printf_core) refers (Special) to iusefp.o(.text) for __I$use$fp
    printfa.o(i._printf_core) refers to printfa.o(i._printf_pre_padding) for _printf_pre_padding
    printfa.o(i._printf_core) refers to uldiv.o(.text) for __aeabi_uldivmod
    printfa.o(i._printf_core) refers to printfa.o(i._printf_post_padding) for _printf_post_padding
    printfa.o(i._printf_core) refers to printfa.o(i._fp_digits) for _fp_digits
    printfa.o(i._printf_core) refers to uidiv.o(.text) for __aeabi_uidivmod
    printfa.o(i._printf_post_padding) refers (Special) to iusefp.o(.text) for __I$use$fp
    printfa.o(i._printf_pre_padding) refers (Special) to iusefp.o(.text) for __I$use$fp
    printfa.o(i._snputc) refers (Special) to iusefp.o(.text) for __I$use$fp
    printfa.o(i._sputc) refers (Special) to iusefp.o(.text) for __I$use$fp
    entry2.o(.ARM.Collect$$$$00000001) refers to entry2.o(.ARM.Collect$$$$00002712) for __lit__00000000
    entry2.o(.ARM.Collect$$$$00002712) refers to startup_swm320.o(STACK) for __initial_sp
    entry2.o(__vectab_stack_and_reset_area) refers to startup_swm320.o(STACK) for __initial_sp
    entry2.o(__vectab_stack_and_reset_area) refers to entry.o(.ARM.Collect$$$$00000000) for __main
    entry5.o(.ARM.Collect$$$$00000004) refers to init.o(.text) for __scatterload
    entry9a.o(.ARM.Collect$$$$0000000B) refers to main.o(.text) for main
    entry9b.o(.ARM.Collect$$$$0000000C) refers to main.o(.text) for main
    uldiv.o(.text) refers to llushr.o(.text) for __aeabi_llsr
    uldiv.o(.text) refers to llshl.o(.text) for __aeabi_llsl
    dadd.o(.text) refers to llshl.o(.text) for __aeabi_llsl
    dadd.o(.text) refers to llsshr.o(.text) for __aeabi_lasr
    dadd.o(.text) refers to depilogue.o(.text) for _double_epilogue
    dmul.o(.text) refers to depilogue.o(.text) for _double_epilogue
    ddiv.o(.text) refers to depilogue.o(.text) for _double_round
    dfixul.o(.text) refers to llushr.o(.text) for __aeabi_llsr
    dfixul.o(.text) refers to llshl.o(.text) for __aeabi_llsl
    init.o(.text) refers to entry5.o(.ARM.Collect$$$$00000004) for __main_after_scatterload
    depilogue.o(.text) refers to llshl.o(.text) for __aeabi_llsl
    depilogue.o(.text) refers to llushr.o(.text) for __aeabi_llsr


==============================================================================

Removing Unused input sections from the image.

    Removing main.o(.rev16_text), (4 bytes).
    Removing main.o(.revsh_text), (4 bytes).
    Removing main.o(.rrx_text), (6 bytes).
    Removing swm320_adc.o(.rev16_text), (4 bytes).
    Removing swm320_adc.o(.revsh_text), (4 bytes).
    Removing swm320_adc.o(.rrx_text), (6 bytes).
    Removing swm320_adc.o(.text), (1384 bytes).
    Removing swm320_exti.o(.rev16_text), (4 bytes).
    Removing swm320_exti.o(.revsh_text), (4 bytes).
    Removing swm320_exti.o(.rrx_text), (6 bytes).
    Removing swm320_exti.o(.text), (152 bytes).
    Removing swm320_gpio.o(.rev16_text), (4 bytes).
    Removing swm320_gpio.o(.revsh_text), (4 bytes).
    Removing swm320_gpio.o(.rrx_text), (6 bytes).
    Removing swm320_gpio.o(.text), (764 bytes).
    Removing swm320_i2c.o(.rev16_text), (4 bytes).
    Removing swm320_i2c.o(.revsh_text), (4 bytes).
    Removing swm320_i2c.o(.rrx_text), (6 bytes).
    Removing swm320_i2c.o(.text), (476 bytes).
    Removing swm320_pwm.o(.rev16_text), (4 bytes).
    Removing swm320_pwm.o(.revsh_text), (4 bytes).
    Removing swm320_pwm.o(.rrx_text), (6 bytes).
    Removing swm320_pwm.o(.text), (2294 bytes).
    Removing swm320_timr.o(.rev16_text), (4 bytes).
    Removing swm320_timr.o(.revsh_text), (4 bytes).
    Removing swm320_timr.o(.rrx_text), (6 bytes).
    Removing swm320_timr.o(.text), (928 bytes).
    Removing swm320_uart.o(.rev16_text), (4 bytes).
    Removing swm320_uart.o(.revsh_text), (4 bytes).
    Removing swm320_uart.o(.rrx_text), (6 bytes).
    Removing swm320_wdt.o(.rev16_text), (4 bytes).
    Removing swm320_wdt.o(.revsh_text), (4 bytes).
    Removing swm320_wdt.o(.rrx_text), (6 bytes).
    Removing swm320_wdt.o(.text), (104 bytes).
    Removing swm320_dma.o(.rev16_text), (4 bytes).
    Removing swm320_dma.o(.revsh_text), (4 bytes).
    Removing swm320_dma.o(.rrx_text), (6 bytes).
    Removing swm320_dma.o(.text), (196 bytes).
    Removing swm320_flash.o(.rev16_text), (4 bytes).
    Removing swm320_flash.o(.revsh_text), (4 bytes).
    Removing swm320_flash.o(.rrx_text), (6 bytes).
    Removing swm320_flash.o(.text), (152 bytes).
    Removing swm320_flash.o(.data), (48 bytes).
    Removing swm320_port.o(.rev16_text), (4 bytes).
    Removing swm320_port.o(.revsh_text), (4 bytes).
    Removing swm320_port.o(.rrx_text), (6 bytes).
    Removing swm320_spi.o(.rev16_text), (4 bytes).
    Removing swm320_spi.o(.revsh_text), (4 bytes).
    Removing swm320_spi.o(.rrx_text), (6 bytes).
    Removing swm320_spi.o(.text), (524 bytes).
    Removing swm320_can.o(.rev16_text), (4 bytes).
    Removing swm320_can.o(.revsh_text), (4 bytes).
    Removing swm320_can.o(.rrx_text), (6 bytes).
    Removing swm320_can.o(.text), (944 bytes).
    Removing swm320_crc.o(.rev16_text), (4 bytes).
    Removing swm320_crc.o(.revsh_text), (4 bytes).
    Removing swm320_crc.o(.rrx_text), (6 bytes).
    Removing swm320_crc.o(.text), (44 bytes).
    Removing swm320_lcd.o(.rev16_text), (4 bytes).
    Removing swm320_lcd.o(.revsh_text), (4 bytes).
    Removing swm320_lcd.o(.rrx_text), (6 bytes).
    Removing swm320_lcd.o(.text), (280 bytes).
    Removing swm320_rtc.o(.rev16_text), (4 bytes).
    Removing swm320_rtc.o(.revsh_text), (4 bytes).
    Removing swm320_rtc.o(.rrx_text), (6 bytes).
    Removing swm320_rtc.o(.text), (648 bytes).
    Removing swm320_rtc.o(.constdata), (52 bytes).
    Removing swm320_sdio.o(.rev16_text), (4 bytes).
    Removing swm320_sdio.o(.revsh_text), (4 bytes).
    Removing swm320_sdio.o(.rrx_text), (6 bytes).
    Removing swm320_sdio.o(.text), (1468 bytes).
    Removing swm320_sdio.o(.bss), (80 bytes).
    Removing swm320_norflash.o(.rev16_text), (4 bytes).
    Removing swm320_norflash.o(.revsh_text), (4 bytes).
    Removing swm320_norflash.o(.rrx_text), (6 bytes).
    Removing swm320_norflash.o(.text), (320 bytes).
    Removing swm320_sdram.o(.rev16_text), (4 bytes).
    Removing swm320_sdram.o(.revsh_text), (4 bytes).
    Removing swm320_sdram.o(.rrx_text), (6 bytes).
    Removing system_swm320.o(.rev16_text), (4 bytes).
    Removing system_swm320.o(.revsh_text), (4 bytes).
    Removing system_swm320.o(.rrx_text), (6 bytes).
    Removing system_swm320.o(.data), (4 bytes).
    Removing startup_swm320.o(HEAP), (512 bytes).
    Removing dadd.o(.text), (334 bytes).
    Removing dmul.o(.text), (228 bytes).
    Removing ddiv.o(.text), (222 bytes).
    Removing dfixul.o(.text), (48 bytes).
    Removing cdrcmple.o(.text), (48 bytes).
    Removing depilogue.o(.text), (186 bytes).

90 unused section(s) (total 12734 bytes) removed from the image.

==============================================================================

Image Symbol Table

    Local Symbols

    Symbol Name                              Value     Ov Type        Size  Object(Section)

    RESET                                    0x00000000   Section      328  startup_swm320.o(RESET)
    ../clib/microlib/division.c              0x00000000   Number         0  uldiv.o ABSOLUTE
    ../clib/microlib/division.c              0x00000000   Number         0  uidiv.o ABSOLUTE
    ../clib/microlib/init/entry.s            0x00000000   Number         0  entry11a.o ABSOLUTE
    ../clib/microlib/init/entry.s            0x00000000   Number         0  entry2.o ABSOLUTE
    ../clib/microlib/init/entry.s            0x00000000   Number         0  entry5.o ABSOLUTE
    ../clib/microlib/init/entry.s            0x00000000   Number         0  entry10b.o ABSOLUTE
    ../clib/microlib/init/entry.s            0x00000000   Number         0  entry7a.o ABSOLUTE
    ../clib/microlib/init/entry.s            0x00000000   Number         0  entry10a.o ABSOLUTE
    ../clib/microlib/init/entry.s            0x00000000   Number         0  entry7b.o ABSOLUTE
    ../clib/microlib/init/entry.s            0x00000000   Number         0  entry8a.o ABSOLUTE
    ../clib/microlib/init/entry.s            0x00000000   Number         0  entry8b.o ABSOLUTE
    ../clib/microlib/init/entry.s            0x00000000   Number         0  entry9a.o ABSOLUTE
    ../clib/microlib/init/entry.s            0x00000000   Number         0  entry9b.o ABSOLUTE
    ../clib/microlib/init/entry.s            0x00000000   Number         0  entry11b.o ABSOLUTE
    ../clib/microlib/init/entry.s            0x00000000   Number         0  entry.o ABSOLUTE
    ../clib/microlib/longlong.c              0x00000000   Number         0  llsshr.o ABSOLUTE
    ../clib/microlib/longlong.c              0x00000000   Number         0  llushr.o ABSOLUTE
    ../clib/microlib/longlong.c              0x00000000   Number         0  llshl.o ABSOLUTE
    ../clib/microlib/printf/printf.c         0x00000000   Number         0  printf8.o ABSOLUTE
    ../clib/microlib/printf/printf.c         0x00000000   Number         0  printf7.o ABSOLUTE
    ../clib/microlib/printf/printf.c         0x00000000   Number         0  printf6.o ABSOLUTE
    ../clib/microlib/printf/printf.c         0x00000000   Number         0  printf3.o ABSOLUTE
    ../clib/microlib/printf/printf.c         0x00000000   Number         0  printf5.o ABSOLUTE
    ../clib/microlib/printf/printf.c         0x00000000   Number         0  printf4.o ABSOLUTE
    ../clib/microlib/printf/printf.c         0x00000000   Number         0  printfb.o ABSOLUTE
    ../clib/microlib/printf/printf.c         0x00000000   Number         0  printf0.o ABSOLUTE
    ../clib/microlib/printf/printf.c         0x00000000   Number         0  printf1.o ABSOLUTE
    ../clib/microlib/printf/printf.c         0x00000000   Number         0  printfa.o ABSOLUTE
    ../clib/microlib/printf/printf.c         0x00000000   Number         0  printf2.o ABSOLUTE
    ../clib/microlib/printf/stubs.s          0x00000000   Number         0  stubs.o ABSOLUTE
    ../clib/microlib/stdio/streams.c         0x00000000   Number         0  stdout.o ABSOLUTE
    ../clib/microlib/string/memcpy.c         0x00000000   Number         0  memcpyb.o ABSOLUTE
    ../clib/microlib/string/memcpy.c         0x00000000   Number         0  memcpya.o ABSOLUTE
    ../clib/microlib/stubs.s                 0x00000000   Number         0  iusefp.o ABSOLUTE
    ../fplib/microlib/fpadd.c                0x00000000   Number         0  dadd.o ABSOLUTE
    ../fplib/microlib/fpdiv.c                0x00000000   Number         0  ddiv.o ABSOLUTE
    ../fplib/microlib/fpepilogue.c           0x00000000   Number         0  depilogue.o ABSOLUTE
    ../fplib/microlib/fpfix.c                0x00000000   Number         0  dfixul.o ABSOLUTE
    ../fplib/microlib/fpmul.c                0x00000000   Number         0  dmul.o ABSOLUTE
    ..\..\SWM320_StdPeriph_Driver\CSL\CMSIS\DeviceSupport\startup\arm\startup_SWM320.s 0x00000000   Number         0  startup_swm320.o ABSOLUTE
    ..\..\SWM320_StdPeriph_Driver\CSL\CMSIS\DeviceSupport\system_SWM320.c 0x00000000   Number         0  system_swm320.o ABSOLUTE
    ..\..\SWM320_StdPeriph_Driver\CSL\SWM320_StdPeriph_Driver\SWM320_adc.c 0x00000000   Number         0  swm320_adc.o ABSOLUTE
    ..\..\SWM320_StdPeriph_Driver\CSL\SWM320_StdPeriph_Driver\SWM320_can.c 0x00000000   Number         0  swm320_can.o ABSOLUTE
    ..\..\SWM320_StdPeriph_Driver\CSL\SWM320_StdPeriph_Driver\SWM320_crc.c 0x00000000   Number         0  swm320_crc.o ABSOLUTE
    ..\..\SWM320_StdPeriph_Driver\CSL\SWM320_StdPeriph_Driver\SWM320_dma.c 0x00000000   Number         0  swm320_dma.o ABSOLUTE
    ..\..\SWM320_StdPeriph_Driver\CSL\SWM320_StdPeriph_Driver\SWM320_exti.c 0x00000000   Number         0  swm320_exti.o ABSOLUTE
    ..\..\SWM320_StdPeriph_Driver\CSL\SWM320_StdPeriph_Driver\SWM320_flash.c 0x00000000   Number         0  swm320_flash.o ABSOLUTE
    ..\..\SWM320_StdPeriph_Driver\CSL\SWM320_StdPeriph_Driver\SWM320_gpio.c 0x00000000   Number         0  swm320_gpio.o ABSOLUTE
    ..\..\SWM320_StdPeriph_Driver\CSL\SWM320_StdPeriph_Driver\SWM320_i2c.c 0x00000000   Number         0  swm320_i2c.o ABSOLUTE
    ..\..\SWM320_StdPeriph_Driver\CSL\SWM320_StdPeriph_Driver\SWM320_lcd.c 0x00000000   Number         0  swm320_lcd.o ABSOLUTE
    ..\..\SWM320_StdPeriph_Driver\CSL\SWM320_StdPeriph_Driver\SWM320_norflash.c 0x00000000   Number         0  swm320_norflash.o ABSOLUTE
    ..\..\SWM320_StdPeriph_Driver\CSL\SWM320_StdPeriph_Driver\SWM320_port.c 0x00000000   Number         0  swm320_port.o ABSOLUTE
    ..\..\SWM320_StdPeriph_Driver\CSL\SWM320_StdPeriph_Driver\SWM320_pwm.c 0x00000000   Number         0  swm320_pwm.o ABSOLUTE
    ..\..\SWM320_StdPeriph_Driver\CSL\SWM320_StdPeriph_Driver\SWM320_rtc.c 0x00000000   Number         0  swm320_rtc.o ABSOLUTE
    ..\..\SWM320_StdPeriph_Driver\CSL\SWM320_StdPeriph_Driver\SWM320_sdio.c 0x00000000   Number         0  swm320_sdio.o ABSOLUTE
    ..\..\SWM320_StdPeriph_Driver\CSL\SWM320_StdPeriph_Driver\SWM320_sdram.c 0x00000000   Number         0  swm320_sdram.o ABSOLUTE
    ..\..\SWM320_StdPeriph_Driver\CSL\SWM320_StdPeriph_Driver\SWM320_spi.c 0x00000000   Number         0  swm320_spi.o ABSOLUTE
    ..\..\SWM320_StdPeriph_Driver\CSL\SWM320_StdPeriph_Driver\SWM320_timr.c 0x00000000   Number         0  swm320_timr.o ABSOLUTE
    ..\..\SWM320_StdPeriph_Driver\CSL\SWM320_StdPeriph_Driver\SWM320_uart.c 0x00000000   Number         0  swm320_uart.o ABSOLUTE
    ..\..\SWM320_StdPeriph_Driver\CSL\SWM320_StdPeriph_Driver\SWM320_wdt.c 0x00000000   Number         0  swm320_wdt.o ABSOLUTE
    ..\\..\\SWM320_StdPeriph_Driver\\CSL\\CMSIS\\DeviceSupport\\system_SWM320.c 0x00000000   Number         0  system_swm320.o ABSOLUTE
    ..\\..\\SWM320_StdPeriph_Driver\\CSL\\SWM320_StdPeriph_Driver\\SWM320_adc.c 0x00000000   Number         0  swm320_adc.o ABSOLUTE
    ..\\..\\SWM320_StdPeriph_Driver\\CSL\\SWM320_StdPeriph_Driver\\SWM320_can.c 0x00000000   Number         0  swm320_can.o ABSOLUTE
    ..\\..\\SWM320_StdPeriph_Driver\\CSL\\SWM320_StdPeriph_Driver\\SWM320_crc.c 0x00000000   Number         0  swm320_crc.o ABSOLUTE
    ..\\..\\SWM320_StdPeriph_Driver\\CSL\\SWM320_StdPeriph_Driver\\SWM320_dma.c 0x00000000   Number         0  swm320_dma.o ABSOLUTE
    ..\\..\\SWM320_StdPeriph_Driver\\CSL\\SWM320_StdPeriph_Driver\\SWM320_exti.c 0x00000000   Number         0  swm320_exti.o ABSOLUTE
    ..\\..\\SWM320_StdPeriph_Driver\\CSL\\SWM320_StdPeriph_Driver\\SWM320_flash.c 0x00000000   Number         0  swm320_flash.o ABSOLUTE
    ..\\..\\SWM320_StdPeriph_Driver\\CSL\\SWM320_StdPeriph_Driver\\SWM320_gpio.c 0x00000000   Number         0  swm320_gpio.o ABSOLUTE
    ..\\..\\SWM320_StdPeriph_Driver\\CSL\\SWM320_StdPeriph_Driver\\SWM320_i2c.c 0x00000000   Number         0  swm320_i2c.o ABSOLUTE
    ..\\..\\SWM320_StdPeriph_Driver\\CSL\\SWM320_StdPeriph_Driver\\SWM320_lcd.c 0x00000000   Number         0  swm320_lcd.o ABSOLUTE
    ..\\..\\SWM320_StdPeriph_Driver\\CSL\\SWM320_StdPeriph_Driver\\SWM320_norflash.c 0x00000000   Number         0  swm320_norflash.o ABSOLUTE
    ..\\..\\SWM320_StdPeriph_Driver\\CSL\\SWM320_StdPeriph_Driver\\SWM320_port.c 0x00000000   Number         0  swm320_port.o ABSOLUTE
    ..\\..\\SWM320_StdPeriph_Driver\\CSL\\SWM320_StdPeriph_Driver\\SWM320_pwm.c 0x00000000   Number         0  swm320_pwm.o ABSOLUTE
    ..\\..\\SWM320_StdPeriph_Driver\\CSL\\SWM320_StdPeriph_Driver\\SWM320_rtc.c 0x00000000   Number         0  swm320_rtc.o ABSOLUTE
    ..\\..\\SWM320_StdPeriph_Driver\\CSL\\SWM320_StdPeriph_Driver\\SWM320_sdio.c 0x00000000   Number         0  swm320_sdio.o ABSOLUTE
    ..\\..\\SWM320_StdPeriph_Driver\\CSL\\SWM320_StdPeriph_Driver\\SWM320_sdram.c 0x00000000   Number         0  swm320_sdram.o ABSOLUTE
    ..\\..\\SWM320_StdPeriph_Driver\\CSL\\SWM320_StdPeriph_Driver\\SWM320_spi.c 0x00000000   Number         0  swm320_spi.o ABSOLUTE
    ..\\..\\SWM320_StdPeriph_Driver\\CSL\\SWM320_StdPeriph_Driver\\SWM320_timr.c 0x00000000   Number         0  swm320_timr.o ABSOLUTE
    ..\\..\\SWM320_StdPeriph_Driver\\CSL\\SWM320_StdPeriph_Driver\\SWM320_uart.c 0x00000000   Number         0  swm320_uart.o ABSOLUTE
    ..\\..\\SWM320_StdPeriph_Driver\\CSL\\SWM320_StdPeriph_Driver\\SWM320_wdt.c 0x00000000   Number         0  swm320_wdt.o ABSOLUTE
    app\\main.c                              0x00000000   Number         0  main.o ABSOLUTE
    app\main.c                               0x00000000   Number         0  main.o ABSOLUTE
    cdrcmple.s                               0x00000000   Number         0  cdrcmple.o ABSOLUTE
    dc.s                                     0x00000000   Number         0  dc.o ABSOLUTE
    handlers.s                               0x00000000   Number         0  handlers.o ABSOLUTE
    init.s                                   0x00000000   Number         0  init.o ABSOLUTE
    .ARM.Collect$$$$00000000                 0x00000148   Section        0  entry.o(.ARM.Collect$$$$00000000)
    .ARM.Collect$$$$00000001                 0x00000148   Section        4  entry2.o(.ARM.Collect$$$$00000001)
    .ARM.Collect$$$$00000004                 0x0000014c   Section        4  entry5.o(.ARM.Collect$$$$00000004)
    .ARM.Collect$$$$00000008                 0x00000150   Section        0  entry7b.o(.ARM.Collect$$$$00000008)
    .ARM.Collect$$$$0000000A                 0x00000150   Section        0  entry8b.o(.ARM.Collect$$$$0000000A)
    .ARM.Collect$$$$0000000B                 0x00000150   Section        8  entry9a.o(.ARM.Collect$$$$0000000B)
    .ARM.Collect$$$$0000000D                 0x00000158   Section        0  entry10a.o(.ARM.Collect$$$$0000000D)
    .ARM.Collect$$$$0000000F                 0x00000158   Section        0  entry11a.o(.ARM.Collect$$$$0000000F)
    .ARM.Collect$$$$00002712                 0x00000158   Section        4  entry2.o(.ARM.Collect$$$$00002712)
    __lit__00000000                          0x00000158   Data           4  entry2.o(.ARM.Collect$$$$00002712)
    .text                                    0x0000015c   Section        0  main.o(.text)
    .text                                    0x000002f4   Section        0  swm320_uart.o(.text)
    NVIC_EnableIRQ                           0x0000062b   Thumb Code    22  swm320_uart.o(.text)
    NVIC_DisableIRQ                          0x00000641   Thumb Code    22  swm320_uart.o(.text)
    .text                                    0x00000660   Section        0  swm320_port.o(.text)
    .text                                    0x00000a8c   Section        0  swm320_sdram.o(.text)
    .text                                    0x00000afc   Section        0  system_swm320.o(.text)
    .text                                    0x00000cbc   Section      156  startup_swm320.o(.text)
    .text                                    0x00000d58   Section        0  uldiv.o(.text)
    .text                                    0x00000dbc   Section       36  init.o(.text)
    .text                                    0x00000de0   Section        0  llshl.o(.text)
    .text                                    0x00000dfe   Section        0  llushr.o(.text)
    i.__0printf$8                            0x00000e20   Section        0  printf8.o(i.__0printf$8)
    i.__scatterload_copy                     0x00000e40   Section       14  handlers.o(i.__scatterload_copy)
    i.__scatterload_null                     0x00000e4e   Section        2  handlers.o(i.__scatterload_null)
    i.__scatterload_zeroinit                 0x00000e50   Section       14  handlers.o(i.__scatterload_zeroinit)
    i._printf_core                           0x00000e60   Section        0  printf8.o(i._printf_core)
    _printf_core                             0x00000e61   Thumb Code   996  printf8.o(i._printf_core)
    i._printf_post_padding                   0x00001270   Section        0  printf8.o(i._printf_post_padding)
    _printf_post_padding                     0x00001271   Thumb Code    36  printf8.o(i._printf_post_padding)
    i._printf_pre_padding                    0x00001294   Section        0  printf8.o(i._printf_pre_padding)
    _printf_pre_padding                      0x00001295   Thumb Code    46  printf8.o(i._printf_pre_padding)
    .data                                    0x20000000   Section      192  main.o(.data)
    .data                                    0x200000c0   Section        4  system_swm320.o(.data)
    .data                                    0x200000c4   Section        4  stdout.o(.data)
    STACK                                    0x200000c8   Section     1024  startup_swm320.o(STACK)

    Global Symbols

    Symbol Name                              Value     Ov Type        Size  Object(Section)

    BuildAttributes$$THM_ISAv4$E$P$D$K$B$S$7EM$PE$A:L22UL41UL21$X:L11$S22US41US21$IEEE1$IW$USESV6$~STKCKD$USESV7$~SHL$OSPACE$ROPI$EBA8$MICROLIB$REQ8$PRES8$EABIv2 0x00000000   Number         0  anon$$obj.o ABSOLUTE
    __ARM_use_no_argv                        0x00000000   Number         0  main.o ABSOLUTE
    __Vectors                                0x00000000   Data           4  startup_swm320.o(RESET)
    _printf_a                                0x00000000   Number         0  stubs.o ABSOLUTE
    _printf_c                                0x00000000   Number         0  stubs.o ABSOLUTE
    _printf_charcount                        0x00000000   Number         0  stubs.o ABSOLUTE
    _printf_d                                0x00000000   Number         0  stubs.o ABSOLUTE
    _printf_e                                0x00000000   Number         0  stubs.o ABSOLUTE
    _printf_f                                0x00000000   Number         0  stubs.o ABSOLUTE
    _printf_flags                            0x00000000   Number         0  stubs.o ABSOLUTE
    _printf_fp_dec                           0x00000000   Number         0  stubs.o ABSOLUTE
    _printf_fp_hex                           0x00000000   Number         0  stubs.o ABSOLUTE
    _printf_g                                0x00000000   Number         0  stubs.o ABSOLUTE
    _printf_i                                0x00000000   Number         0  stubs.o ABSOLUTE
    _printf_int_dec                          0x00000000   Number         0  stubs.o ABSOLUTE
    _printf_l                                0x00000000   Number         0  stubs.o ABSOLUTE
    _printf_lc                               0x00000000   Number         0  stubs.o ABSOLUTE
    _printf_ll                               0x00000000   Number         0  stubs.o ABSOLUTE
    _printf_lld                              0x00000000   Number         0  stubs.o ABSOLUTE
    _printf_lli                              0x00000000   Number         0  stubs.o ABSOLUTE
    _printf_llo                              0x00000000   Number         0  stubs.o ABSOLUTE
    _printf_llu                              0x00000000   Number         0  stubs.o ABSOLUTE
    _printf_llx                              0x00000000   Number         0  stubs.o ABSOLUTE
    _printf_longlong_dec                     0x00000000   Number         0  stubs.o ABSOLUTE
    _printf_longlong_hex                     0x00000000   Number         0  stubs.o ABSOLUTE
    _printf_longlong_oct                     0x00000000   Number         0  stubs.o ABSOLUTE
    _printf_ls                               0x00000000   Number         0  stubs.o ABSOLUTE
    _printf_mbtowc                           0x00000000   Number         0  stubs.o ABSOLUTE
    _printf_n                                0x00000000   Number         0  stubs.o ABSOLUTE
    _printf_o                                0x00000000   Number         0  stubs.o ABSOLUTE
    _printf_p                                0x00000000   Number         0  stubs.o ABSOLUTE
    _printf_percent                          0x00000000   Number         0  stubs.o ABSOLUTE
    _printf_pre_padding                      0x00000000   Number         0  stubs.o ABSOLUTE
    _printf_return_value                     0x00000000   Number         0  stubs.o ABSOLUTE
    _printf_s                                0x00000000   Number         0  stubs.o ABSOLUTE
    _printf_sizespec                         0x00000000   Number         0  stubs.o ABSOLUTE
    _printf_str                              0x00000000   Number         0  stubs.o ABSOLUTE
    _printf_truncate_signed                  0x00000000   Number         0  stubs.o ABSOLUTE
    _printf_truncate_unsigned                0x00000000   Number         0  stubs.o ABSOLUTE
    _printf_u                                0x00000000   Number         0  stubs.o ABSOLUTE
    _printf_wc                               0x00000000   Number         0  stubs.o ABSOLUTE
    _printf_wctomb                           0x00000000   Number         0  stubs.o ABSOLUTE
    _printf_widthprec                        0x00000000   Number         0  stubs.o ABSOLUTE
    _printf_x                                0x00000000   Number         0  stubs.o ABSOLUTE
    __cpp_initialize__aeabi_                  - Undefined Weak Reference
    __cxa_finalize                            - Undefined Weak Reference
    __decompress                              - Undefined Weak Reference
    _clock_init                               - Undefined Weak Reference
    _microlib_exit                            - Undefined Weak Reference
    __Vectors_End                            0x00000148   Data           0  startup_swm320.o(RESET)
    __Vectors_Size                           0x00000148   Number         0  startup_swm320.o ABSOLUTE
    __main                                   0x00000149   Thumb Code     0  entry.o(.ARM.Collect$$$$00000000)
    _main_stk                                0x00000149   Thumb Code     0  entry2.o(.ARM.Collect$$$$00000001)
    _main_scatterload                        0x0000014d   Thumb Code     0  entry5.o(.ARM.Collect$$$$00000004)
    __main_after_scatterload                 0x00000151   Thumb Code     0  entry5.o(.ARM.Collect$$$$00000004)
    _main_clock                              0x00000151   Thumb Code     0  entry7b.o(.ARM.Collect$$$$00000008)
    _main_cpp_init                           0x00000151   Thumb Code     0  entry8b.o(.ARM.Collect$$$$0000000A)
    _main_init                               0x00000151   Thumb Code     0  entry9a.o(.ARM.Collect$$$$0000000B)
    __rt_final_cpp                           0x00000159   Thumb Code     0  entry10a.o(.ARM.Collect$$$$0000000D)
    __rt_final_exit                          0x00000159   Thumb Code     0  entry11a.o(.ARM.Collect$$$$0000000F)
    SerialInit                               0x0000015d   Thumb Code    76  main.o(.text)
    main                                     0x000001a9   Thumb Code   230  main.o(.text)
    fputc                                    0x0000028f   Thumb Code    28  main.o(.text)
    UART_Close                               0x000002f5   Thumb Code    10  swm320_uart.o(.text)
    UART_Init                                0x000002ff   Thumb Code   374  swm320_uart.o(.text)
    UART_Open                                0x00000475   Thumb Code    10  swm320_uart.o(.text)
    UART_WriteByte                           0x0000047f   Thumb Code     4  swm320_uart.o(.text)
    UART_ReadByte                            0x00000483   Thumb Code    20  swm320_uart.o(.text)
    UART_IsTXBusy                            0x00000497   Thumb Code    10  swm320_uart.o(.text)
    UART_IsRXFIFOEmpty                       0x000004a1   Thumb Code    10  swm320_uart.o(.text)
    UART_IsTXFIFOFull                        0x000004ab   Thumb Code     8  swm320_uart.o(.text)
    UART_SetBaudrate                         0x000004b3   Thumb Code    28  swm320_uart.o(.text)
    UART_GetBaudrate                         0x000004cf   Thumb Code    20  swm320_uart.o(.text)
    UART_CTSConfig                           0x000004e3   Thumb Code    20  swm320_uart.o(.text)
    UART_CTSLineState                        0x000004f7   Thumb Code     8  swm320_uart.o(.text)
    UART_RTSConfig                           0x000004ff   Thumb Code    28  swm320_uart.o(.text)
    UART_RTSLineState                        0x0000051b   Thumb Code     8  swm320_uart.o(.text)
    UART_LINConfig                           0x00000523   Thumb Code    20  swm320_uart.o(.text)
    UART_LINGenerate                         0x00000537   Thumb Code    10  swm320_uart.o(.text)
    UART_LINIsDetected                       0x00000541   Thumb Code     8  swm320_uart.o(.text)
    UART_LINIsGenerated                      0x00000549   Thumb Code     8  swm320_uart.o(.text)
    UART_ABRStart                            0x00000551   Thumb Code    82  swm320_uart.o(.text)
    UART_ABRIsDone                           0x000005a3   Thumb Code    24  swm320_uart.o(.text)
    UART_INTRXThresholdEn                    0x000005bb   Thumb Code    10  swm320_uart.o(.text)
    UART_INTRXThresholdDis                   0x000005c5   Thumb Code    10  swm320_uart.o(.text)
    UART_INTRXThresholdStat                  0x000005cf   Thumb Code     8  swm320_uart.o(.text)
    UART_INTTXThresholdEn                    0x000005d7   Thumb Code    10  swm320_uart.o(.text)
    UART_INTTXThresholdDis                   0x000005e1   Thumb Code    10  swm320_uart.o(.text)
    UART_INTTXThresholdStat                  0x000005eb   Thumb Code     8  swm320_uart.o(.text)
    UART_INTTimeoutEn                        0x000005f3   Thumb Code    10  swm320_uart.o(.text)
    UART_INTTimeoutDis                       0x000005fd   Thumb Code    10  swm320_uart.o(.text)
    UART_INTTimeoutStat                      0x00000607   Thumb Code     8  swm320_uart.o(.text)
    UART_INTTXDoneEn                         0x0000060f   Thumb Code    10  swm320_uart.o(.text)
    UART_INTTXDoneDis                        0x00000619   Thumb Code    10  swm320_uart.o(.text)
    UART_INTTXDoneStat                       0x00000623   Thumb Code     8  swm320_uart.o(.text)
    PORT_Init                                0x00000661   Thumb Code  1058  swm320_port.o(.text)
    SDRAM_Init                               0x00000a8d   Thumb Code   112  swm320_sdram.o(.text)
    SystemCoreClockUpdate                    0x00000afd   Thumb Code   100  system_swm320.o(.text)
    PLLInit                                  0x00000b61   Thumb Code    58  system_swm320.o(.text)
    switchCLK_PLL                            0x00000b9b   Thumb Code    52  system_swm320.o(.text)
    switchCLK_XTAL                           0x00000bcf   Thumb Code    42  system_swm320.o(.text)
    switchCLK_32KHz                          0x00000bf9   Thumb Code    50  system_swm320.o(.text)
    switchCLK_40MHz                          0x00000c2b   Thumb Code    42  system_swm320.o(.text)
    switchCLK_20MHz                          0x00000c55   Thumb Code    40  system_swm320.o(.text)
    SystemInit                               0x00000c7d   Thumb Code    36  system_swm320.o(.text)
    Reset_Handler                            0x00000cbd   Thumb Code     4  startup_swm320.o(.text)
    NMI_Handler                              0x00000cc1   Thumb Code     2  startup_swm320.o(.text)
    HardFault_Handler                        0x00000cc3   Thumb Code     2  startup_swm320.o(.text)
    MemManage_Handler                        0x00000cc5   Thumb Code     2  startup_swm320.o(.text)
    BusFault_Handler                         0x00000cc7   Thumb Code     2  startup_swm320.o(.text)
    UsageFault_Handler                       0x00000cc9   Thumb Code     2  startup_swm320.o(.text)
    SVC_Handler                              0x00000ccb   Thumb Code     2  startup_swm320.o(.text)
    DebugMon_Handler                         0x00000ccd   Thumb Code     2  startup_swm320.o(.text)
    PendSV_Handler                           0x00000ccf   Thumb Code     2  startup_swm320.o(.text)
    SysTick_Handler                          0x00000cd1   Thumb Code     2  startup_swm320.o(.text)
    GPIOA0_Handler                           0x00000cd3   Thumb Code     2  startup_swm320.o(.text)
    GPIOA1_Handler                           0x00000cd5   Thumb Code     2  startup_swm320.o(.text)
    GPIOA2_Handler                           0x00000cd7   Thumb Code     2  startup_swm320.o(.text)
    GPIOA3_Handler                           0x00000cd9   Thumb Code     2  startup_swm320.o(.text)
    GPIOA4_Handler                           0x00000cdb   Thumb Code     2  startup_swm320.o(.text)
    GPIOA5_Handler                           0x00000cdd   Thumb Code     2  startup_swm320.o(.text)
    GPIOA6_Handler                           0x00000cdf   Thumb Code     2  startup_swm320.o(.text)
    GPIOA7_Handler                           0x00000ce1   Thumb Code     2  startup_swm320.o(.text)
    GPIOB0_Handler                           0x00000ce3   Thumb Code     2  startup_swm320.o(.text)
    GPIOB1_Handler                           0x00000ce5   Thumb Code     2  startup_swm320.o(.text)
    GPIOB2_Handler                           0x00000ce7   Thumb Code     2  startup_swm320.o(.text)
    GPIOB3_Handler                           0x00000ce9   Thumb Code     2  startup_swm320.o(.text)
    GPIOB4_Handler                           0x00000ceb   Thumb Code     2  startup_swm320.o(.text)
    GPIOB5_Handler                           0x00000ced   Thumb Code     2  startup_swm320.o(.text)
    GPIOB6_Handler                           0x00000cef   Thumb Code     2  startup_swm320.o(.text)
    GPIOB7_Handler                           0x00000cf1   Thumb Code     2  startup_swm320.o(.text)
    GPIOC0_Handler                           0x00000cf3   Thumb Code     2  startup_swm320.o(.text)
    GPIOC1_Handler                           0x00000cf5   Thumb Code     2  startup_swm320.o(.text)
    GPIOC2_Handler                           0x00000cf7   Thumb Code     2  startup_swm320.o(.text)
    GPIOC3_Handler                           0x00000cf9   Thumb Code     2  startup_swm320.o(.text)
    GPIOC4_Handler                           0x00000cfb   Thumb Code     2  startup_swm320.o(.text)
    GPIOC5_Handler                           0x00000cfd   Thumb Code     2  startup_swm320.o(.text)
    GPIOC6_Handler                           0x00000cff   Thumb Code     2  startup_swm320.o(.text)
    GPIOC7_Handler                           0x00000d01   Thumb Code     2  startup_swm320.o(.text)
    GPIOM0_Handler                           0x00000d03   Thumb Code     2  startup_swm320.o(.text)
    GPIOM1_Handler                           0x00000d05   Thumb Code     2  startup_swm320.o(.text)
    GPIOM2_Handler                           0x00000d07   Thumb Code     2  startup_swm320.o(.text)
    GPIOM3_Handler                           0x00000d09   Thumb Code     2  startup_swm320.o(.text)
    GPIOM4_Handler                           0x00000d0b   Thumb Code     2  startup_swm320.o(.text)
    GPIOM5_Handler                           0x00000d0d   Thumb Code     2  startup_swm320.o(.text)
    GPIOM6_Handler                           0x00000d0f   Thumb Code     2  startup_swm320.o(.text)
    GPIOM7_Handler                           0x00000d11   Thumb Code     2  startup_swm320.o(.text)
    DMA_Handler                              0x00000d13   Thumb Code     2  startup_swm320.o(.text)
    LCD_Handler                              0x00000d15   Thumb Code     2  startup_swm320.o(.text)
    NORFLC_Handler                           0x00000d17   Thumb Code     2  startup_swm320.o(.text)
    CAN_Handler                              0x00000d19   Thumb Code     2  startup_swm320.o(.text)
    PULSE_Handler                            0x00000d1b   Thumb Code     2  startup_swm320.o(.text)
    WDT_Handler                              0x00000d1d   Thumb Code     2  startup_swm320.o(.text)
    PWM_Handler                              0x00000d1f   Thumb Code     2  startup_swm320.o(.text)
    UART0_Handler                            0x00000d21   Thumb Code     2  startup_swm320.o(.text)
    UART1_Handler                            0x00000d23   Thumb Code     2  startup_swm320.o(.text)
    UART2_Handler                            0x00000d25   Thumb Code     2  startup_swm320.o(.text)
    UART3_Handler                            0x00000d27   Thumb Code     2  startup_swm320.o(.text)
    I2C0_Handler                             0x00000d29   Thumb Code     2  startup_swm320.o(.text)
    I2C1_Handler                             0x00000d2b   Thumb Code     2  startup_swm320.o(.text)
    SPI0_Handler                             0x00000d2d   Thumb Code     2  startup_swm320.o(.text)
    ADC0_Handler                             0x00000d2f   Thumb Code     2  startup_swm320.o(.text)
    RTC_Handler                              0x00000d31   Thumb Code     2  startup_swm320.o(.text)
    BOD_Handler                              0x00000d33   Thumb Code     2  startup_swm320.o(.text)
    SDIO_Handler                             0x00000d35   Thumb Code     2  startup_swm320.o(.text)
    GPIOA_Handler                            0x00000d37   Thumb Code     2  startup_swm320.o(.text)
    GPIOB_Handler                            0x00000d39   Thumb Code     2  startup_swm320.o(.text)
    GPIOC_Handler                            0x00000d3b   Thumb Code     2  startup_swm320.o(.text)
    GPIOM_Handler                            0x00000d3d   Thumb Code     2  startup_swm320.o(.text)
    GPION_Handler                            0x00000d3f   Thumb Code     2  startup_swm320.o(.text)
    GPIOP_Handler                            0x00000d41   Thumb Code     2  startup_swm320.o(.text)
    ADC1_Handler                             0x00000d43   Thumb Code     2  startup_swm320.o(.text)
    FPU_Handler                              0x00000d45   Thumb Code     2  startup_swm320.o(.text)
    SPI1_Handler                             0x00000d47   Thumb Code     2  startup_swm320.o(.text)
    TIMR0_Handler                            0x00000d49   Thumb Code     2  startup_swm320.o(.text)
    TIMR1_Handler                            0x00000d4b   Thumb Code     2  startup_swm320.o(.text)
    TIMR2_Handler                            0x00000d4d   Thumb Code     2  startup_swm320.o(.text)
    TIMR3_Handler                            0x00000d4f   Thumb Code     2  startup_swm320.o(.text)
    TIMR4_Handler                            0x00000d51   Thumb Code     2  startup_swm320.o(.text)
    TIMR5_Handler                            0x00000d53   Thumb Code     2  startup_swm320.o(.text)
    __aeabi_uldivmod                         0x00000d59   Thumb Code    98  uldiv.o(.text)
    __scatterload                            0x00000dbd   Thumb Code    28  init.o(.text)
    __scatterload_rt2                        0x00000dbd   Thumb Code     0  init.o(.text)
    __aeabi_llsl                             0x00000de1   Thumb Code    30  llshl.o(.text)
    _ll_shift_l                              0x00000de1   Thumb Code     0  llshl.o(.text)
    __aeabi_llsr                             0x00000dff   Thumb Code    32  llushr.o(.text)
    _ll_ushift_r                             0x00000dff   Thumb Code     0  llushr.o(.text)
    __0printf$8                              0x00000e21   Thumb Code    22  printf8.o(i.__0printf$8)
    __1printf$8                              0x00000e21   Thumb Code     0  printf8.o(i.__0printf$8)
    __2printf                                0x00000e21   Thumb Code     0  printf8.o(i.__0printf$8)
    __scatterload_copy                       0x00000e41   Thumb Code    14  handlers.o(i.__scatterload_copy)
    __scatterload_null                       0x00000e4f   Thumb Code     2  handlers.o(i.__scatterload_null)
    __scatterload_zeroinit                   0x00000e51   Thumb Code    14  handlers.o(i.__scatterload_zeroinit)
    Region$$Table$$Base                      0x000012c4   Number         0  anon$$obj.o(Region$$Table)
    Region$$Table$$Limit                     0x000012e4   Number         0  anon$$obj.o(Region$$Table)
    WrBuff                                   0x20000000   Data         192  main.o(.data)
    SystemCoreClock                          0x200000c0   Data           4  system_swm320.o(.data)
    __stdout                                 0x200000c4   Data           4  stdout.o(.data)
    __initial_sp                             0x200004c8   Data           0  startup_swm320.o(STACK)



==============================================================================

Memory Map of the image

  Image Entry point : 0x00000149

  Load Region LR_IROM1 (Base: 0x00000000, Size: 0x000013ac, Max: 0x00080000, ABSOLUTE)

    Execution Region ER_IROM1 (Base: 0x00000000, Size: 0x000012e4, Max: 0x00080000, ABSOLUTE)

    Base Addr    Size         Type   Attr      Idx    E Section Name        Object

    0x00000000   0x00000148   Data   RO          633    RESET               startup_swm320.o
    0x00000148   0x00000000   Code   RO          638  * .ARM.Collect$$$$00000000  mc_w.l(entry.o)
    0x00000148   0x00000004   Code   RO          906    .ARM.Collect$$$$00000001  mc_w.l(entry2.o)
    0x0000014c   0x00000004   Code   RO          909    .ARM.Collect$$$$00000004  mc_w.l(entry5.o)
    0x00000150   0x00000000   Code   RO          911    .ARM.Collect$$$$00000008  mc_w.l(entry7b.o)
    0x00000150   0x00000000   Code   RO          913    .ARM.Collect$$$$0000000A  mc_w.l(entry8b.o)
    0x00000150   0x00000008   Code   RO          914    .ARM.Collect$$$$0000000B  mc_w.l(entry9a.o)
    0x00000158   0x00000000   Code   RO          916    .ARM.Collect$$$$0000000D  mc_w.l(entry10a.o)
    0x00000158   0x00000000   Code   RO          918    .ARM.Collect$$$$0000000F  mc_w.l(entry11a.o)
    0x00000158   0x00000004   Code   RO          907    .ARM.Collect$$$$00002712  mc_w.l(entry2.o)
    0x0000015c   0x00000198   Code   RO            4    .text               main.o
    0x000002f4   0x0000036c   Code   RO          275    .text               swm320_uart.o
    0x00000660   0x0000042c   Code   RO          377    .text               swm320_port.o
    0x00000a8c   0x00000070   Code   RO          579    .text               swm320_sdram.o
    0x00000afc   0x000001c0   Code   RO          603    .text               system_swm320.o
    0x00000cbc   0x0000009c   Code   RO          634    .text               startup_swm320.o
    0x00000d58   0x00000062   Code   RO          923    .text               mc_w.l(uldiv.o)
    0x00000dba   0x00000002   PAD
    0x00000dbc   0x00000024   Code   RO          936    .text               mc_w.l(init.o)
    0x00000de0   0x0000001e   Code   RO          938    .text               mc_w.l(llshl.o)
    0x00000dfe   0x00000020   Code   RO          940    .text               mc_w.l(llushr.o)
    0x00000e1e   0x00000002   PAD
    0x00000e20   0x00000020   Code   RO          852    i.__0printf$8       mc_w.l(printf8.o)
    0x00000e40   0x0000000e   Code   RO          948    i.__scatterload_copy  mc_w.l(handlers.o)
    0x00000e4e   0x00000002   Code   RO          949    i.__scatterload_null  mc_w.l(handlers.o)
    0x00000e50   0x0000000e   Code   RO          950    i.__scatterload_zeroinit  mc_w.l(handlers.o)
    0x00000e5e   0x00000002   PAD
    0x00000e60   0x00000410   Code   RO          859    i._printf_core      mc_w.l(printf8.o)
    0x00001270   0x00000024   Code   RO          860    i._printf_post_padding  mc_w.l(printf8.o)
    0x00001294   0x0000002e   Code   RO          861    i._printf_pre_padding  mc_w.l(printf8.o)
    0x000012c2   0x00000002   PAD
    0x000012c4   0x00000020   Data   RO          946    Region$$Table       anon$$obj.o


    Execution Region RW_IRAM1 (Base: 0x20000000, Size: 0x000004c8, Max: 0x00020000, ABSOLUTE)

    Base Addr    Size         Type   Attr      Idx    E Section Name        Object

    0x20000000   0x000000c0   Data   RW            5    .data               main.o
    0x200000c0   0x00000004   Data   RW          604    .data               system_swm320.o
    0x200000c4   0x00000004   Data   RW          920    .data               mc_w.l(stdout.o)
    0x200000c8   0x00000400   Zero   RW          631    STACK               startup_swm320.o


==============================================================================

Image component sizes


      Code (inc. data)   RO Data    RW Data    ZI Data      Debug   Object Name

       408         74          0        192          0     123473   main.o
       156          4        328          0       1024       3448   startup_swm320.o
         0          0          0          0          0      23967   swm320_adc.o
      1068         16          0          0          0       1572   swm320_port.o
       112          0          0          0          0       1069   swm320_sdram.o
       876         10          0          0          0       7498   swm320_uart.o
       448         28          0          4          0       2230   system_swm320.o

    ----------------------------------------------------------------------
      3068        132        360        196       1024     163257   Object Totals
         0          0         32          0          0          0   (incl. Generated)
         0          0          0          0          0          0   (incl. Padding)

    ----------------------------------------------------------------------

      Code (inc. data)   RO Data    RW Data    ZI Data      Debug   Library Member Name

         0          0          0          0          0          0   entry.o
         0          0          0          0          0          0   entry10a.o
         0          0          0          0          0          0   entry11a.o
         8          4          0          0          0          0   entry2.o
         4          0          0          0          0          0   entry5.o
         0          0          0          0          0          0   entry7b.o
         0          0          0          0          0          0   entry8b.o
         8          4          0          0          0          0   entry9a.o
        30          0          0          0          0          0   handlers.o
        36          8          0          0          0         68   init.o
        30          0          0          0          0         68   llshl.o
        32          0          0          0          0         68   llushr.o
      1154         54          0          0          0        352   printf8.o
         0          0          0          4          0          0   stdout.o
        98          0          0          0          0         92   uldiv.o

    ----------------------------------------------------------------------
      1408         70          0          4          0        648   Library Totals
         8          0          0          0          0          0   (incl. Padding)

    ----------------------------------------------------------------------

      Code (inc. data)   RO Data    RW Data    ZI Data      Debug   Library Name

      1400         70          0          4          0        648   mc_w.l

    ----------------------------------------------------------------------
      1408         70          0          4          0        648   Library Totals

    ----------------------------------------------------------------------

==============================================================================


      Code (inc. data)   RO Data    RW Data    ZI Data      Debug   

      4476        202        360        200       1024     163433   Grand Totals
      4476        202        360        200       1024     163433   ELF Image Totals
      4476        202        360        200          0          0   ROM Totals

==============================================================================

    Total RO  Size (Code + RO Data)                 4836 (   4.72kB)
    Total RW  Size (RW Data + ZI Data)              1224 (   1.20kB)
    Total ROM Size (Code + RO Data + RW Data)       5036 (   4.92kB)

==============================================================================

