Component: ARM Compiler 5.05 update 1 (build 106) Tool: armlink [4d0efa]

==============================================================================

Section Cross References

    main.o(.text) refers to swm320_port.o(.text) for PORT_Init
    main.o(.text) refers to swm320_uart.o(.text) for UART_Init
    main.o(.text) refers to system_swm320.o(.text) for SystemInit
    main.o(.text) refers to swm320_sdio.o(.text) for SDIO_Init
    main.o(.text) refers to printf8.o(i.__0printf$8) for __2printf
    main.o(.text) refers to main.o(.data) for .data
    swm320_adc.o(.text) refers to system_swm320.o(.text) for PLLInit
    swm320_gpio.o(.text) refers to swm320_port.o(.text) for PORT_Init
    swm320_i2c.o(.text) refers to system_swm320.o(.data) for SystemCoreClock
    swm320_uart.o(.text) refers to system_swm320.o(.data) for SystemCoreClock
    swm320_can.o(.text) refers to system_swm320.o(.data) for SystemCoreClock
    swm320_rtc.o(.text) refers to memcpya.o(.text) for __aeabi_memcpy4
    swm320_rtc.o(.text) refers to swm320_rtc.o(.constdata) for .constdata
    swm320_sdio.o(.text) refers to system_swm320.o(.data) for SystemCoreClock
    swm320_sdio.o(.text) refers to swm320_sdio.o(.bss) for .bss
    system_swm320.o(.text) refers to system_swm320.o(.data) for .data
    startup_swm320.o(RESET) refers to startup_swm320.o(STACK) for __initial_sp
    startup_swm320.o(RESET) refers to startup_swm320.o(.text) for Reset_Handler
    startup_swm320.o(.text) refers to entry.o(.ARM.Collect$$$$00000000) for __main
    entry.o(.ARM.Collect$$$$00000000) refers (Special) to entry10a.o(.ARM.Collect$$$$0000000D) for __rt_final_cpp
    entry.o(.ARM.Collect$$$$00000000) refers (Special) to entry11a.o(.ARM.Collect$$$$0000000F) for __rt_final_exit
    entry.o(.ARM.Collect$$$$00000000) refers (Special) to entry7b.o(.ARM.Collect$$$$00000008) for _main_clock
    entry.o(.ARM.Collect$$$$00000000) refers (Special) to entry8b.o(.ARM.Collect$$$$0000000A) for _main_cpp_init
    entry.o(.ARM.Collect$$$$00000000) refers (Special) to entry9a.o(.ARM.Collect$$$$0000000B) for _main_init
    entry.o(.ARM.Collect$$$$00000000) refers (Special) to entry5.o(.ARM.Collect$$$$00000004) for _main_scatterload
    entry.o(.ARM.Collect$$$$00000000) refers (Special) to entry2.o(.ARM.Collect$$$$00000001) for _main_stk
    printfb.o(i.__0fprintf$bare) refers to printfb.o(i._printf_core) for _printf_core
    printfb.o(i.__0fprintf$bare) refers to main.o(.text) for fputc
    printfb.o(i.__0printf$bare) refers to printfb.o(i._printf_core) for _printf_core
    printfb.o(i.__0printf$bare) refers to main.o(.text) for fputc
    printfb.o(i.__0printf$bare) refers to stdout.o(.data) for __stdout
    printfb.o(i.__0snprintf$bare) refers to printfb.o(i._printf_core) for _printf_core
    printfb.o(i.__0snprintf$bare) refers to printfb.o(i._snputc) for _snputc
    printfb.o(i.__0sprintf$bare) refers to printfb.o(i._printf_core) for _printf_core
    printfb.o(i.__0sprintf$bare) refers to printfb.o(i._sputc) for _sputc
    printfb.o(i.__0vfprintf$bare) refers to printfb.o(i._printf_core) for _printf_core
    printfb.o(i.__0vfprintf$bare) refers to main.o(.text) for fputc
    printfb.o(i.__0vprintf$bare) refers to printfb.o(i._printf_core) for _printf_core
    printfb.o(i.__0vprintf$bare) refers to main.o(.text) for fputc
    printfb.o(i.__0vprintf$bare) refers to stdout.o(.data) for __stdout
    printfb.o(i.__0vsnprintf$bare) refers to printfb.o(i._printf_core) for _printf_core
    printfb.o(i.__0vsnprintf$bare) refers to printfb.o(i._snputc) for _snputc
    printfb.o(i.__0vsprintf$bare) refers to printfb.o(i._printf_core) for _printf_core
    printfb.o(i.__0vsprintf$bare) refers to printfb.o(i._sputc) for _sputc
    printf0.o(i.__0fprintf$0) refers to printf0.o(i._printf_core) for _printf_core
    printf0.o(i.__0fprintf$0) refers to main.o(.text) for fputc
    printf0.o(i.__0printf$0) refers to printf0.o(i._printf_core) for _printf_core
    printf0.o(i.__0printf$0) refers to main.o(.text) for fputc
    printf0.o(i.__0printf$0) refers to stdout.o(.data) for __stdout
    printf0.o(i.__0snprintf$0) refers to printf0.o(i._printf_core) for _printf_core
    printf0.o(i.__0snprintf$0) refers to printf0.o(i._snputc) for _snputc
    printf0.o(i.__0sprintf$0) refers to printf0.o(i._printf_core) for _printf_core
    printf0.o(i.__0sprintf$0) refers to printf0.o(i._sputc) for _sputc
    printf0.o(i.__0vfprintf$0) refers to printf0.o(i._printf_core) for _printf_core
    printf0.o(i.__0vfprintf$0) refers to main.o(.text) for fputc
    printf0.o(i.__0vprintf$0) refers to printf0.o(i._printf_core) for _printf_core
    printf0.o(i.__0vprintf$0) refers to main.o(.text) for fputc
    printf0.o(i.__0vprintf$0) refers to stdout.o(.data) for __stdout
    printf0.o(i.__0vsnprintf$0) refers to printf0.o(i._printf_core) for _printf_core
    printf0.o(i.__0vsnprintf$0) refers to printf0.o(i._snputc) for _snputc
    printf0.o(i.__0vsprintf$0) refers to printf0.o(i._printf_core) for _printf_core
    printf0.o(i.__0vsprintf$0) refers to printf0.o(i._sputc) for _sputc
    printf1.o(i.__0fprintf$1) refers to printf1.o(i._printf_core) for _printf_core
    printf1.o(i.__0fprintf$1) refers to main.o(.text) for fputc
    printf1.o(i.__0printf$1) refers to printf1.o(i._printf_core) for _printf_core
    printf1.o(i.__0printf$1) refers to main.o(.text) for fputc
    printf1.o(i.__0printf$1) refers to stdout.o(.data) for __stdout
    printf1.o(i.__0snprintf$1) refers to printf1.o(i._printf_core) for _printf_core
    printf1.o(i.__0snprintf$1) refers to printf1.o(i._snputc) for _snputc
    printf1.o(i.__0sprintf$1) refers to printf1.o(i._printf_core) for _printf_core
    printf1.o(i.__0sprintf$1) refers to printf1.o(i._sputc) for _sputc
    printf1.o(i.__0vfprintf$1) refers to printf1.o(i._printf_core) for _printf_core
    printf1.o(i.__0vfprintf$1) refers to main.o(.text) for fputc
    printf1.o(i.__0vprintf$1) refers to printf1.o(i._printf_core) for _printf_core
    printf1.o(i.__0vprintf$1) refers to main.o(.text) for fputc
    printf1.o(i.__0vprintf$1) refers to stdout.o(.data) for __stdout
    printf1.o(i.__0vsnprintf$1) refers to printf1.o(i._printf_core) for _printf_core
    printf1.o(i.__0vsnprintf$1) refers to printf1.o(i._snputc) for _snputc
    printf1.o(i.__0vsprintf$1) refers to printf1.o(i._printf_core) for _printf_core
    printf1.o(i.__0vsprintf$1) refers to printf1.o(i._sputc) for _sputc
    printf1.o(i._printf_core) refers to uidiv.o(.text) for __aeabi_uidivmod
    printf2.o(i.__0fprintf$2) refers to printf2.o(i._printf_core) for _printf_core
    printf2.o(i.__0fprintf$2) refers to main.o(.text) for fputc
    printf2.o(i.__0printf$2) refers to printf2.o(i._printf_core) for _printf_core
    printf2.o(i.__0printf$2) refers to main.o(.text) for fputc
    printf2.o(i.__0printf$2) refers to stdout.o(.data) for __stdout
    printf2.o(i.__0snprintf$2) refers to printf2.o(i._printf_core) for _printf_core
    printf2.o(i.__0snprintf$2) refers to printf2.o(i._snputc) for _snputc
    printf2.o(i.__0sprintf$2) refers to printf2.o(i._printf_core) for _printf_core
    printf2.o(i.__0sprintf$2) refers to printf2.o(i._sputc) for _sputc
    printf2.o(i.__0vfprintf$2) refers to printf2.o(i._printf_core) for _printf_core
    printf2.o(i.__0vfprintf$2) refers to main.o(.text) for fputc
    printf2.o(i.__0vprintf$2) refers to printf2.o(i._printf_core) for _printf_core
    printf2.o(i.__0vprintf$2) refers to main.o(.text) for fputc
    printf2.o(i.__0vprintf$2) refers to stdout.o(.data) for __stdout
    printf2.o(i.__0vsnprintf$2) refers to printf2.o(i._printf_core) for _printf_core
    printf2.o(i.__0vsnprintf$2) refers to printf2.o(i._snputc) for _snputc
    printf2.o(i.__0vsprintf$2) refers to printf2.o(i._printf_core) for _printf_core
    printf2.o(i.__0vsprintf$2) refers to printf2.o(i._sputc) for _sputc
    printf3.o(i.__0fprintf$3) refers to printf3.o(i._printf_core) for _printf_core
    printf3.o(i.__0fprintf$3) refers to main.o(.text) for fputc
    printf3.o(i.__0printf$3) refers to printf3.o(i._printf_core) for _printf_core
    printf3.o(i.__0printf$3) refers to main.o(.text) for fputc
    printf3.o(i.__0printf$3) refers to stdout.o(.data) for __stdout
    printf3.o(i.__0snprintf$3) refers to printf3.o(i._printf_core) for _printf_core
    printf3.o(i.__0snprintf$3) refers to printf3.o(i._snputc) for _snputc
    printf3.o(i.__0sprintf$3) refers to printf3.o(i._printf_core) for _printf_core
    printf3.o(i.__0sprintf$3) refers to printf3.o(i._sputc) for _sputc
    printf3.o(i.__0vfprintf$3) refers to printf3.o(i._printf_core) for _printf_core
    printf3.o(i.__0vfprintf$3) refers to main.o(.text) for fputc
    printf3.o(i.__0vprintf$3) refers to printf3.o(i._printf_core) for _printf_core
    printf3.o(i.__0vprintf$3) refers to main.o(.text) for fputc
    printf3.o(i.__0vprintf$3) refers to stdout.o(.data) for __stdout
    printf3.o(i.__0vsnprintf$3) refers to printf3.o(i._printf_core) for _printf_core
    printf3.o(i.__0vsnprintf$3) refers to printf3.o(i._snputc) for _snputc
    printf3.o(i.__0vsprintf$3) refers to printf3.o(i._printf_core) for _printf_core
    printf3.o(i.__0vsprintf$3) refers to printf3.o(i._sputc) for _sputc
    printf3.o(i._printf_core) refers to uidiv.o(.text) for __aeabi_uidivmod
    printf4.o(i.__0fprintf$4) refers to printf4.o(i._printf_core) for _printf_core
    printf4.o(i.__0fprintf$4) refers to main.o(.text) for fputc
    printf4.o(i.__0printf$4) refers to printf4.o(i._printf_core) for _printf_core
    printf4.o(i.__0printf$4) refers to main.o(.text) for fputc
    printf4.o(i.__0printf$4) refers to stdout.o(.data) for __stdout
    printf4.o(i.__0snprintf$4) refers to printf4.o(i._printf_core) for _printf_core
    printf4.o(i.__0snprintf$4) refers to printf4.o(i._snputc) for _snputc
    printf4.o(i.__0sprintf$4) refers to printf4.o(i._printf_core) for _printf_core
    printf4.o(i.__0sprintf$4) refers to printf4.o(i._sputc) for _sputc
    printf4.o(i.__0vfprintf$4) refers to printf4.o(i._printf_core) for _printf_core
    printf4.o(i.__0vfprintf$4) refers to main.o(.text) for fputc
    printf4.o(i.__0vprintf$4) refers to printf4.o(i._printf_core) for _printf_core
    printf4.o(i.__0vprintf$4) refers to main.o(.text) for fputc
    printf4.o(i.__0vprintf$4) refers to stdout.o(.data) for __stdout
    printf4.o(i.__0vsnprintf$4) refers to printf4.o(i._printf_core) for _printf_core
    printf4.o(i.__0vsnprintf$4) refers to printf4.o(i._snputc) for _snputc
    printf4.o(i.__0vsprintf$4) refers to printf4.o(i._printf_core) for _printf_core
    printf4.o(i.__0vsprintf$4) refers to printf4.o(i._sputc) for _sputc
    printf4.o(i._printf_core) refers to uldiv.o(.text) for __aeabi_uldivmod
    printf5.o(i.__0fprintf$5) refers to printf5.o(i._printf_core) for _printf_core
    printf5.o(i.__0fprintf$5) refers to main.o(.text) for fputc
    printf5.o(i.__0printf$5) refers to printf5.o(i._printf_core) for _printf_core
    printf5.o(i.__0printf$5) refers to main.o(.text) for fputc
    printf5.o(i.__0printf$5) refers to stdout.o(.data) for __stdout
    printf5.o(i.__0snprintf$5) refers to printf5.o(i._printf_core) for _printf_core
    printf5.o(i.__0snprintf$5) refers to printf5.o(i._snputc) for _snputc
    printf5.o(i.__0sprintf$5) refers to printf5.o(i._printf_core) for _printf_core
    printf5.o(i.__0sprintf$5) refers to printf5.o(i._sputc) for _sputc
    printf5.o(i.__0vfprintf$5) refers to printf5.o(i._printf_core) for _printf_core
    printf5.o(i.__0vfprintf$5) refers to main.o(.text) for fputc
    printf5.o(i.__0vprintf$5) refers to printf5.o(i._printf_core) for _printf_core
    printf5.o(i.__0vprintf$5) refers to main.o(.text) for fputc
    printf5.o(i.__0vprintf$5) refers to stdout.o(.data) for __stdout
    printf5.o(i.__0vsnprintf$5) refers to printf5.o(i._printf_core) for _printf_core
    printf5.o(i.__0vsnprintf$5) refers to printf5.o(i._snputc) for _snputc
    printf5.o(i.__0vsprintf$5) refers to printf5.o(i._printf_core) for _printf_core
    printf5.o(i.__0vsprintf$5) refers to printf5.o(i._sputc) for _sputc
    printf5.o(i._printf_core) refers to uldiv.o(.text) for __aeabi_uldivmod
    printf6.o(i.__0fprintf$6) refers to printf6.o(i._printf_core) for _printf_core
    printf6.o(i.__0fprintf$6) refers to main.o(.text) for fputc
    printf6.o(i.__0printf$6) refers to printf6.o(i._printf_core) for _printf_core
    printf6.o(i.__0printf$6) refers to main.o(.text) for fputc
    printf6.o(i.__0printf$6) refers to stdout.o(.data) for __stdout
    printf6.o(i.__0snprintf$6) refers to printf6.o(i._printf_core) for _printf_core
    printf6.o(i.__0snprintf$6) refers to printf6.o(i._snputc) for _snputc
    printf6.o(i.__0sprintf$6) refers to printf6.o(i._printf_core) for _printf_core
    printf6.o(i.__0sprintf$6) refers to printf6.o(i._sputc) for _sputc
    printf6.o(i.__0vfprintf$6) refers to printf6.o(i._printf_core) for _printf_core
    printf6.o(i.__0vfprintf$6) refers to main.o(.text) for fputc
    printf6.o(i.__0vprintf$6) refers to printf6.o(i._printf_core) for _printf_core
    printf6.o(i.__0vprintf$6) refers to main.o(.text) for fputc
    printf6.o(i.__0vprintf$6) refers to stdout.o(.data) for __stdout
    printf6.o(i.__0vsnprintf$6) refers to printf6.o(i._printf_core) for _printf_core
    printf6.o(i.__0vsnprintf$6) refers to printf6.o(i._snputc) for _snputc
    printf6.o(i.__0vsprintf$6) refers to printf6.o(i._printf_core) for _printf_core
    printf6.o(i.__0vsprintf$6) refers to printf6.o(i._sputc) for _sputc
    printf6.o(i._printf_core) refers to printf6.o(i._printf_pre_padding) for _printf_pre_padding
    printf6.o(i._printf_core) refers to uidiv.o(.text) for __aeabi_uidivmod
    printf6.o(i._printf_core) refers to printf6.o(i._printf_post_padding) for _printf_post_padding
    printf7.o(i.__0fprintf$7) refers to printf7.o(i._printf_core) for _printf_core
    printf7.o(i.__0fprintf$7) refers to main.o(.text) for fputc
    printf7.o(i.__0printf$7) refers to printf7.o(i._printf_core) for _printf_core
    printf7.o(i.__0printf$7) refers to main.o(.text) for fputc
    printf7.o(i.__0printf$7) refers to stdout.o(.data) for __stdout
    printf7.o(i.__0snprintf$7) refers to printf7.o(i._printf_core) for _printf_core
    printf7.o(i.__0snprintf$7) refers to printf7.o(i._snputc) for _snputc
    printf7.o(i.__0sprintf$7) refers to printf7.o(i._printf_core) for _printf_core
    printf7.o(i.__0sprintf$7) refers to printf7.o(i._sputc) for _sputc
    printf7.o(i.__0vfprintf$7) refers to printf7.o(i._printf_core) for _printf_core
    printf7.o(i.__0vfprintf$7) refers to main.o(.text) for fputc
    printf7.o(i.__0vprintf$7) refers to printf7.o(i._printf_core) for _printf_core
    printf7.o(i.__0vprintf$7) refers to main.o(.text) for fputc
    printf7.o(i.__0vprintf$7) refers to stdout.o(.data) for __stdout
    printf7.o(i.__0vsnprintf$7) refers to printf7.o(i._printf_core) for _printf_core
    printf7.o(i.__0vsnprintf$7) refers to printf7.o(i._snputc) for _snputc
    printf7.o(i.__0vsprintf$7) refers to printf7.o(i._printf_core) for _printf_core
    printf7.o(i.__0vsprintf$7) refers to printf7.o(i._sputc) for _sputc
    printf7.o(i._printf_core) refers to printf7.o(i._printf_pre_padding) for _printf_pre_padding
    printf7.o(i._printf_core) refers to uldiv.o(.text) for __aeabi_uldivmod
    printf7.o(i._printf_core) refers to printf7.o(i._printf_post_padding) for _printf_post_padding
    printf8.o(i.__0fprintf$8) refers to printf8.o(i._printf_core) for _printf_core
    printf8.o(i.__0fprintf$8) refers to main.o(.text) for fputc
    printf8.o(i.__0printf$8) refers to printf8.o(i._printf_core) for _printf_core
    printf8.o(i.__0printf$8) refers to main.o(.text) for fputc
    printf8.o(i.__0printf$8) refers to stdout.o(.data) for __stdout
    printf8.o(i.__0snprintf$8) refers to printf8.o(i._printf_core) for _printf_core
    printf8.o(i.__0snprintf$8) refers to printf8.o(i._snputc) for _snputc
    printf8.o(i.__0sprintf$8) refers to printf8.o(i._printf_core) for _printf_core
    printf8.o(i.__0sprintf$8) refers to printf8.o(i._sputc) for _sputc
    printf8.o(i.__0vfprintf$8) refers to printf8.o(i._printf_core) for _printf_core
    printf8.o(i.__0vfprintf$8) refers to main.o(.text) for fputc
    printf8.o(i.__0vprintf$8) refers to printf8.o(i._printf_core) for _printf_core
    printf8.o(i.__0vprintf$8) refers to main.o(.text) for fputc
    printf8.o(i.__0vprintf$8) refers to stdout.o(.data) for __stdout
    printf8.o(i.__0vsnprintf$8) refers to printf8.o(i._printf_core) for _printf_core
    printf8.o(i.__0vsnprintf$8) refers to printf8.o(i._snputc) for _snputc
    printf8.o(i.__0vsprintf$8) refers to printf8.o(i._printf_core) for _printf_core
    printf8.o(i.__0vsprintf$8) refers to printf8.o(i._sputc) for _sputc
    printf8.o(i._printf_core) refers to printf8.o(i._printf_pre_padding) for _printf_pre_padding
    printf8.o(i._printf_core) refers to uldiv.o(.text) for __aeabi_uldivmod
    printf8.o(i._printf_core) refers to printf8.o(i._printf_post_padding) for _printf_post_padding
    printfa.o(i.__0fprintf) refers (Special) to iusefp.o(.text) for __I$use$fp
    printfa.o(i.__0fprintf) refers to printfa.o(i._printf_core) for _printf_core
    printfa.o(i.__0fprintf) refers to main.o(.text) for fputc
    printfa.o(i.__0printf) refers (Special) to iusefp.o(.text) for __I$use$fp
    printfa.o(i.__0printf) refers to printfa.o(i._printf_core) for _printf_core
    printfa.o(i.__0printf) refers to main.o(.text) for fputc
    printfa.o(i.__0printf) refers to stdout.o(.data) for __stdout
    printfa.o(i.__0snprintf) refers (Special) to iusefp.o(.text) for __I$use$fp
    printfa.o(i.__0snprintf) refers to printfa.o(i._printf_core) for _printf_core
    printfa.o(i.__0snprintf) refers to printfa.o(i._snputc) for _snputc
    printfa.o(i.__0sprintf) refers (Special) to iusefp.o(.text) for __I$use$fp
    printfa.o(i.__0sprintf) refers to printfa.o(i._printf_core) for _printf_core
    printfa.o(i.__0sprintf) refers to printfa.o(i._sputc) for _sputc
    printfa.o(i.__0vfprintf) refers (Special) to iusefp.o(.text) for __I$use$fp
    printfa.o(i.__0vfprintf) refers to printfa.o(i._printf_core) for _printf_core
    printfa.o(i.__0vfprintf) refers to main.o(.text) for fputc
    printfa.o(i.__0vprintf) refers (Special) to iusefp.o(.text) for __I$use$fp
    printfa.o(i.__0vprintf) refers to printfa.o(i._printf_core) for _printf_core
    printfa.o(i.__0vprintf) refers to main.o(.text) for fputc
    printfa.o(i.__0vprintf) refers to stdout.o(.data) for __stdout
    printfa.o(i.__0vsnprintf) refers (Special) to iusefp.o(.text) for __I$use$fp
    printfa.o(i.__0vsnprintf) refers to printfa.o(i._printf_core) for _printf_core
    printfa.o(i.__0vsnprintf) refers to printfa.o(i._snputc) for _snputc
    printfa.o(i.__0vsprintf) refers (Special) to iusefp.o(.text) for __I$use$fp
    printfa.o(i.__0vsprintf) refers to printfa.o(i._printf_core) for _printf_core
    printfa.o(i.__0vsprintf) refers to printfa.o(i._sputc) for _sputc
    printfa.o(i._fp_digits) refers (Special) to iusefp.o(.text) for __I$use$fp
    printfa.o(i._fp_digits) refers to dmul.o(.text) for __aeabi_dmul
    printfa.o(i._fp_digits) refers to ddiv.o(.text) for __aeabi_ddiv
    printfa.o(i._fp_digits) refers to cdrcmple.o(.text) for __aeabi_cdrcmple
    printfa.o(i._fp_digits) refers to dadd.o(.text) for __aeabi_dadd
    printfa.o(i._fp_digits) refers to dfixul.o(.text) for __aeabi_d2ulz
    printfa.o(i._fp_digits) refers to uldiv.o(.text) for __aeabi_uldivmod
    printfa.o(i._printf_core) refers (Special) to iusefp.o(.text) for __I$use$fp
    printfa.o(i._printf_core) refers to printfa.o(i._printf_pre_padding) for _printf_pre_padding
    printfa.o(i._printf_core) refers to uldiv.o(.text) for __aeabi_uldivmod
    printfa.o(i._printf_core) refers to printfa.o(i._printf_post_padding) for _printf_post_padding
    printfa.o(i._printf_core) refers to printfa.o(i._fp_digits) for _fp_digits
    printfa.o(i._printf_core) refers to uidiv.o(.text) for __aeabi_uidivmod
    printfa.o(i._printf_post_padding) refers (Special) to iusefp.o(.text) for __I$use$fp
    printfa.o(i._printf_pre_padding) refers (Special) to iusefp.o(.text) for __I$use$fp
    printfa.o(i._snputc) refers (Special) to iusefp.o(.text) for __I$use$fp
    printfa.o(i._sputc) refers (Special) to iusefp.o(.text) for __I$use$fp
    entry2.o(.ARM.Collect$$$$00000001) refers to entry2.o(.ARM.Collect$$$$00002712) for __lit__00000000
    entry2.o(.ARM.Collect$$$$00002712) refers to startup_swm320.o(STACK) for __initial_sp
    entry2.o(__vectab_stack_and_reset_area) refers to startup_swm320.o(STACK) for __initial_sp
    entry2.o(__vectab_stack_and_reset_area) refers to entry.o(.ARM.Collect$$$$00000000) for __main
    entry5.o(.ARM.Collect$$$$00000004) refers to init.o(.text) for __scatterload
    entry9a.o(.ARM.Collect$$$$0000000B) refers to main.o(.text) for main
    entry9b.o(.ARM.Collect$$$$0000000C) refers to main.o(.text) for main
    uldiv.o(.text) refers to llushr.o(.text) for __aeabi_llsr
    uldiv.o(.text) refers to llshl.o(.text) for __aeabi_llsl
    dadd.o(.text) refers to llshl.o(.text) for __aeabi_llsl
    dadd.o(.text) refers to llsshr.o(.text) for __aeabi_lasr
    dadd.o(.text) refers to depilogue.o(.text) for _double_epilogue
    dmul.o(.text) refers to depilogue.o(.text) for _double_epilogue
    ddiv.o(.text) refers to depilogue.o(.text) for _double_round
    dfixul.o(.text) refers to llushr.o(.text) for __aeabi_llsr
    dfixul.o(.text) refers to llshl.o(.text) for __aeabi_llsl
    init.o(.text) refers to entry5.o(.ARM.Collect$$$$00000004) for __main_after_scatterload
    depilogue.o(.text) refers to llshl.o(.text) for __aeabi_llsl
    depilogue.o(.text) refers to llushr.o(.text) for __aeabi_llsr


==============================================================================

Removing Unused input sections from the image.

    Removing main.o(.rev16_text), (4 bytes).
    Removing main.o(.revsh_text), (4 bytes).
    Removing main.o(.rrx_text), (6 bytes).
    Removing swm320_adc.o(.rev16_text), (4 bytes).
    Removing swm320_adc.o(.revsh_text), (4 bytes).
    Removing swm320_adc.o(.rrx_text), (6 bytes).
    Removing swm320_adc.o(.text), (1384 bytes).
    Removing swm320_exti.o(.rev16_text), (4 bytes).
    Removing swm320_exti.o(.revsh_text), (4 bytes).
    Removing swm320_exti.o(.rrx_text), (6 bytes).
    Removing swm320_exti.o(.text), (152 bytes).
    Removing swm320_gpio.o(.rev16_text), (4 bytes).
    Removing swm320_gpio.o(.revsh_text), (4 bytes).
    Removing swm320_gpio.o(.rrx_text), (6 bytes).
    Removing swm320_gpio.o(.text), (764 bytes).
    Removing swm320_i2c.o(.rev16_text), (4 bytes).
    Removing swm320_i2c.o(.revsh_text), (4 bytes).
    Removing swm320_i2c.o(.rrx_text), (6 bytes).
    Removing swm320_i2c.o(.text), (476 bytes).
    Removing swm320_pwm.o(.rev16_text), (4 bytes).
    Removing swm320_pwm.o(.revsh_text), (4 bytes).
    Removing swm320_pwm.o(.rrx_text), (6 bytes).
    Removing swm320_pwm.o(.text), (2294 bytes).
    Removing swm320_timr.o(.rev16_text), (4 bytes).
    Removing swm320_timr.o(.revsh_text), (4 bytes).
    Removing swm320_timr.o(.rrx_text), (6 bytes).
    Removing swm320_timr.o(.text), (928 bytes).
    Removing swm320_uart.o(.rev16_text), (4 bytes).
    Removing swm320_uart.o(.revsh_text), (4 bytes).
    Removing swm320_uart.o(.rrx_text), (6 bytes).
    Removing swm320_wdt.o(.rev16_text), (4 bytes).
    Removing swm320_wdt.o(.revsh_text), (4 bytes).
    Removing swm320_wdt.o(.rrx_text), (6 bytes).
    Removing swm320_wdt.o(.text), (104 bytes).
    Removing swm320_dma.o(.rev16_text), (4 bytes).
    Removing swm320_dma.o(.revsh_text), (4 bytes).
    Removing swm320_dma.o(.rrx_text), (6 bytes).
    Removing swm320_dma.o(.text), (196 bytes).
    Removing swm320_flash.o(.rev16_text), (4 bytes).
    Removing swm320_flash.o(.revsh_text), (4 bytes).
    Removing swm320_flash.o(.rrx_text), (6 bytes).
    Removing swm320_flash.o(.text), (152 bytes).
    Removing swm320_flash.o(.data), (48 bytes).
    Removing swm320_port.o(.rev16_text), (4 bytes).
    Removing swm320_port.o(.revsh_text), (4 bytes).
    Removing swm320_port.o(.rrx_text), (6 bytes).
    Removing swm320_spi.o(.rev16_text), (4 bytes).
    Removing swm320_spi.o(.revsh_text), (4 bytes).
    Removing swm320_spi.o(.rrx_text), (6 bytes).
    Removing swm320_spi.o(.text), (524 bytes).
    Removing swm320_can.o(.rev16_text), (4 bytes).
    Removing swm320_can.o(.revsh_text), (4 bytes).
    Removing swm320_can.o(.rrx_text), (6 bytes).
    Removing swm320_can.o(.text), (944 bytes).
    Removing swm320_crc.o(.rev16_text), (4 bytes).
    Removing swm320_crc.o(.revsh_text), (4 bytes).
    Removing swm320_crc.o(.rrx_text), (6 bytes).
    Removing swm320_crc.o(.text), (44 bytes).
    Removing swm320_lcd.o(.rev16_text), (4 bytes).
    Removing swm320_lcd.o(.revsh_text), (4 bytes).
    Removing swm320_lcd.o(.rrx_text), (6 bytes).
    Removing swm320_lcd.o(.text), (280 bytes).
    Removing swm320_rtc.o(.rev16_text), (4 bytes).
    Removing swm320_rtc.o(.revsh_text), (4 bytes).
    Removing swm320_rtc.o(.rrx_text), (6 bytes).
    Removing swm320_rtc.o(.text), (648 bytes).
    Removing swm320_rtc.o(.constdata), (52 bytes).
    Removing swm320_sdio.o(.rev16_text), (4 bytes).
    Removing swm320_sdio.o(.revsh_text), (4 bytes).
    Removing swm320_sdio.o(.rrx_text), (6 bytes).
    Removing system_swm320.o(.rev16_text), (4 bytes).
    Removing system_swm320.o(.revsh_text), (4 bytes).
    Removing system_swm320.o(.rrx_text), (6 bytes).
    Removing system_swm320.o(.data), (4 bytes).
    Removing startup_swm320.o(HEAP), (512 bytes).
    Removing dadd.o(.text), (334 bytes).
    Removing dmul.o(.text), (228 bytes).
    Removing ddiv.o(.text), (222 bytes).
    Removing dfixul.o(.text), (48 bytes).
    Removing cdrcmple.o(.text), (48 bytes).
    Removing depilogue.o(.text), (186 bytes).

81 unused section(s) (total 10838 bytes) removed from the image.

==============================================================================

Image Symbol Table

    Local Symbols

    Symbol Name                              Value     Ov Type        Size  Object(Section)

    RESET                                    0x00000000   Section      328  startup_swm320.o(RESET)
    ../clib/../cmprslib/lz77c.c              0x00000000   Number         0  __dclz77c.o ABSOLUTE
    ../clib/microlib/division.c              0x00000000   Number         0  uidiv.o ABSOLUTE
    ../clib/microlib/division.c              0x00000000   Number         0  uldiv.o ABSOLUTE
    ../clib/microlib/init/entry.s            0x00000000   Number         0  entry9a.o ABSOLUTE
    ../clib/microlib/init/entry.s            0x00000000   Number         0  entry8b.o ABSOLUTE
    ../clib/microlib/init/entry.s            0x00000000   Number         0  entry8a.o ABSOLUTE
    ../clib/microlib/init/entry.s            0x00000000   Number         0  entry7b.o ABSOLUTE
    ../clib/microlib/init/entry.s            0x00000000   Number         0  entry7a.o ABSOLUTE
    ../clib/microlib/init/entry.s            0x00000000   Number         0  entry5.o ABSOLUTE
    ../clib/microlib/init/entry.s            0x00000000   Number         0  entry10b.o ABSOLUTE
    ../clib/microlib/init/entry.s            0x00000000   Number         0  entry2.o ABSOLUTE
    ../clib/microlib/init/entry.s            0x00000000   Number         0  entry10a.o ABSOLUTE
    ../clib/microlib/init/entry.s            0x00000000   Number         0  entry9b.o ABSOLUTE
    ../clib/microlib/init/entry.s            0x00000000   Number         0  entry11b.o ABSOLUTE
    ../clib/microlib/init/entry.s            0x00000000   Number         0  entry11a.o ABSOLUTE
    ../clib/microlib/init/entry.s            0x00000000   Number         0  entry.o ABSOLUTE
    ../clib/microlib/longlong.c              0x00000000   Number         0  llsshr.o ABSOLUTE
    ../clib/microlib/longlong.c              0x00000000   Number         0  llushr.o ABSOLUTE
    ../clib/microlib/longlong.c              0x00000000   Number         0  llshl.o ABSOLUTE
    ../clib/microlib/printf/printf.c         0x00000000   Number         0  printfa.o ABSOLUTE
    ../clib/microlib/printf/printf.c         0x00000000   Number         0  printf8.o ABSOLUTE
    ../clib/microlib/printf/printf.c         0x00000000   Number         0  printf7.o ABSOLUTE
    ../clib/microlib/printf/printf.c         0x00000000   Number         0  printf6.o ABSOLUTE
    ../clib/microlib/printf/printf.c         0x00000000   Number         0  printf5.o ABSOLUTE
    ../clib/microlib/printf/printf.c         0x00000000   Number         0  printf3.o ABSOLUTE
    ../clib/microlib/printf/printf.c         0x00000000   Number         0  printf4.o ABSOLUTE
    ../clib/microlib/printf/printf.c         0x00000000   Number         0  printf0.o ABSOLUTE
    ../clib/microlib/printf/printf.c         0x00000000   Number         0  printf1.o ABSOLUTE
    ../clib/microlib/printf/printf.c         0x00000000   Number         0  printf2.o ABSOLUTE
    ../clib/microlib/printf/printf.c         0x00000000   Number         0  printfb.o ABSOLUTE
    ../clib/microlib/printf/stubs.s          0x00000000   Number         0  stubs.o ABSOLUTE
    ../clib/microlib/stdio/streams.c         0x00000000   Number         0  stdout.o ABSOLUTE
    ../clib/microlib/string/memcpy.c         0x00000000   Number         0  memcpya.o ABSOLUTE
    ../clib/microlib/string/memcpy.c         0x00000000   Number         0  memcpyb.o ABSOLUTE
    ../clib/microlib/stubs.s                 0x00000000   Number         0  iusefp.o ABSOLUTE
    ../fplib/microlib/fpadd.c                0x00000000   Number         0  dadd.o ABSOLUTE
    ../fplib/microlib/fpdiv.c                0x00000000   Number         0  ddiv.o ABSOLUTE
    ../fplib/microlib/fpepilogue.c           0x00000000   Number         0  depilogue.o ABSOLUTE
    ../fplib/microlib/fpfix.c                0x00000000   Number         0  dfixul.o ABSOLUTE
    ../fplib/microlib/fpmul.c                0x00000000   Number         0  dmul.o ABSOLUTE
    ..\..\SWM320_StdPeriph_Driver\CSL\CMSIS\DeviceSupport\startup\arm\startup_SWM320.s 0x00000000   Number         0  startup_swm320.o ABSOLUTE
    ..\..\SWM320_StdPeriph_Driver\CSL\CMSIS\DeviceSupport\system_SWM320.c 0x00000000   Number         0  system_swm320.o ABSOLUTE
    ..\..\SWM320_StdPeriph_Driver\CSL\SWM320_StdPeriph_Driver\SWM320_adc.c 0x00000000   Number         0  swm320_adc.o ABSOLUTE
    ..\..\SWM320_StdPeriph_Driver\CSL\SWM320_StdPeriph_Driver\SWM320_can.c 0x00000000   Number         0  swm320_can.o ABSOLUTE
    ..\..\SWM320_StdPeriph_Driver\CSL\SWM320_StdPeriph_Driver\SWM320_crc.c 0x00000000   Number         0  swm320_crc.o ABSOLUTE
    ..\..\SWM320_StdPeriph_Driver\CSL\SWM320_StdPeriph_Driver\SWM320_dma.c 0x00000000   Number         0  swm320_dma.o ABSOLUTE
    ..\..\SWM320_StdPeriph_Driver\CSL\SWM320_StdPeriph_Driver\SWM320_exti.c 0x00000000   Number         0  swm320_exti.o ABSOLUTE
    ..\..\SWM320_StdPeriph_Driver\CSL\SWM320_StdPeriph_Driver\SWM320_flash.c 0x00000000   Number         0  swm320_flash.o ABSOLUTE
    ..\..\SWM320_StdPeriph_Driver\CSL\SWM320_StdPeriph_Driver\SWM320_gpio.c 0x00000000   Number         0  swm320_gpio.o ABSOLUTE
    ..\..\SWM320_StdPeriph_Driver\CSL\SWM320_StdPeriph_Driver\SWM320_i2c.c 0x00000000   Number         0  swm320_i2c.o ABSOLUTE
    ..\..\SWM320_StdPeriph_Driver\CSL\SWM320_StdPeriph_Driver\SWM320_lcd.c 0x00000000   Number         0  swm320_lcd.o ABSOLUTE
    ..\..\SWM320_StdPeriph_Driver\CSL\SWM320_StdPeriph_Driver\SWM320_port.c 0x00000000   Number         0  swm320_port.o ABSOLUTE
    ..\..\SWM320_StdPeriph_Driver\CSL\SWM320_StdPeriph_Driver\SWM320_pwm.c 0x00000000   Number         0  swm320_pwm.o ABSOLUTE
    ..\..\SWM320_StdPeriph_Driver\CSL\SWM320_StdPeriph_Driver\SWM320_rtc.c 0x00000000   Number         0  swm320_rtc.o ABSOLUTE
    ..\..\SWM320_StdPeriph_Driver\CSL\SWM320_StdPeriph_Driver\SWM320_sdio.c 0x00000000   Number         0  swm320_sdio.o ABSOLUTE
    ..\..\SWM320_StdPeriph_Driver\CSL\SWM320_StdPeriph_Driver\SWM320_spi.c 0x00000000   Number         0  swm320_spi.o ABSOLUTE
    ..\..\SWM320_StdPeriph_Driver\CSL\SWM320_StdPeriph_Driver\SWM320_timr.c 0x00000000   Number         0  swm320_timr.o ABSOLUTE
    ..\..\SWM320_StdPeriph_Driver\CSL\SWM320_StdPeriph_Driver\SWM320_uart.c 0x00000000   Number         0  swm320_uart.o ABSOLUTE
    ..\..\SWM320_StdPeriph_Driver\CSL\SWM320_StdPeriph_Driver\SWM320_wdt.c 0x00000000   Number         0  swm320_wdt.o ABSOLUTE
    ..\\..\\SWM320_StdPeriph_Driver\\CSL\\CMSIS\\DeviceSupport\\system_SWM320.c 0x00000000   Number         0  system_swm320.o ABSOLUTE
    ..\\..\\SWM320_StdPeriph_Driver\\CSL\\SWM320_StdPeriph_Driver\\SWM320_adc.c 0x00000000   Number         0  swm320_adc.o ABSOLUTE
    ..\\..\\SWM320_StdPeriph_Driver\\CSL\\SWM320_StdPeriph_Driver\\SWM320_can.c 0x00000000   Number         0  swm320_can.o ABSOLUTE
    ..\\..\\SWM320_StdPeriph_Driver\\CSL\\SWM320_StdPeriph_Driver\\SWM320_crc.c 0x00000000   Number         0  swm320_crc.o ABSOLUTE
    ..\\..\\SWM320_StdPeriph_Driver\\CSL\\SWM320_StdPeriph_Driver\\SWM320_dma.c 0x00000000   Number         0  swm320_dma.o ABSOLUTE
    ..\\..\\SWM320_StdPeriph_Driver\\CSL\\SWM320_StdPeriph_Driver\\SWM320_exti.c 0x00000000   Number         0  swm320_exti.o ABSOLUTE
    ..\\..\\SWM320_StdPeriph_Driver\\CSL\\SWM320_StdPeriph_Driver\\SWM320_flash.c 0x00000000   Number         0  swm320_flash.o ABSOLUTE
    ..\\..\\SWM320_StdPeriph_Driver\\CSL\\SWM320_StdPeriph_Driver\\SWM320_gpio.c 0x00000000   Number         0  swm320_gpio.o ABSOLUTE
    ..\\..\\SWM320_StdPeriph_Driver\\CSL\\SWM320_StdPeriph_Driver\\SWM320_i2c.c 0x00000000   Number         0  swm320_i2c.o ABSOLUTE
    ..\\..\\SWM320_StdPeriph_Driver\\CSL\\SWM320_StdPeriph_Driver\\SWM320_lcd.c 0x00000000   Number         0  swm320_lcd.o ABSOLUTE
    ..\\..\\SWM320_StdPeriph_Driver\\CSL\\SWM320_StdPeriph_Driver\\SWM320_port.c 0x00000000   Number         0  swm320_port.o ABSOLUTE
    ..\\..\\SWM320_StdPeriph_Driver\\CSL\\SWM320_StdPeriph_Driver\\SWM320_pwm.c 0x00000000   Number         0  swm320_pwm.o ABSOLUTE
    ..\\..\\SWM320_StdPeriph_Driver\\CSL\\SWM320_StdPeriph_Driver\\SWM320_rtc.c 0x00000000   Number         0  swm320_rtc.o ABSOLUTE
    ..\\..\\SWM320_StdPeriph_Driver\\CSL\\SWM320_StdPeriph_Driver\\SWM320_sdio.c 0x00000000   Number         0  swm320_sdio.o ABSOLUTE
    ..\\..\\SWM320_StdPeriph_Driver\\CSL\\SWM320_StdPeriph_Driver\\SWM320_spi.c 0x00000000   Number         0  swm320_spi.o ABSOLUTE
    ..\\..\\SWM320_StdPeriph_Driver\\CSL\\SWM320_StdPeriph_Driver\\SWM320_timr.c 0x00000000   Number         0  swm320_timr.o ABSOLUTE
    ..\\..\\SWM320_StdPeriph_Driver\\CSL\\SWM320_StdPeriph_Driver\\SWM320_uart.c 0x00000000   Number         0  swm320_uart.o ABSOLUTE
    ..\\..\\SWM320_StdPeriph_Driver\\CSL\\SWM320_StdPeriph_Driver\\SWM320_wdt.c 0x00000000   Number         0  swm320_wdt.o ABSOLUTE
    app\\main.c                              0x00000000   Number         0  main.o ABSOLUTE
    app\main.c                               0x00000000   Number         0  main.o ABSOLUTE
    cdrcmple.s                               0x00000000   Number         0  cdrcmple.o ABSOLUTE
    dc.s                                     0x00000000   Number         0  dc.o ABSOLUTE
    handlers.s                               0x00000000   Number         0  handlers.o ABSOLUTE
    init.s                                   0x00000000   Number         0  init.o ABSOLUTE
    .ARM.Collect$$$$00000000                 0x00000148   Section        0  entry.o(.ARM.Collect$$$$00000000)
    .ARM.Collect$$$$00000001                 0x00000148   Section        4  entry2.o(.ARM.Collect$$$$00000001)
    .ARM.Collect$$$$00000004                 0x0000014c   Section        4  entry5.o(.ARM.Collect$$$$00000004)
    .ARM.Collect$$$$00000008                 0x00000150   Section        0  entry7b.o(.ARM.Collect$$$$00000008)
    .ARM.Collect$$$$0000000A                 0x00000150   Section        0  entry8b.o(.ARM.Collect$$$$0000000A)
    .ARM.Collect$$$$0000000B                 0x00000150   Section        8  entry9a.o(.ARM.Collect$$$$0000000B)
    .ARM.Collect$$$$0000000D                 0x00000158   Section        0  entry10a.o(.ARM.Collect$$$$0000000D)
    .ARM.Collect$$$$0000000F                 0x00000158   Section        0  entry11a.o(.ARM.Collect$$$$0000000F)
    .ARM.Collect$$$$00002712                 0x00000158   Section        4  entry2.o(.ARM.Collect$$$$00002712)
    __lit__00000000                          0x00000158   Data           4  entry2.o(.ARM.Collect$$$$00002712)
    .text                                    0x0000015c   Section        0  main.o(.text)
    .text                                    0x00000280   Section        0  swm320_uart.o(.text)
    NVIC_EnableIRQ                           0x000005b7   Thumb Code    22  swm320_uart.o(.text)
    NVIC_DisableIRQ                          0x000005cd   Thumb Code    22  swm320_uart.o(.text)
    .text                                    0x000005ec   Section        0  swm320_port.o(.text)
    .text                                    0x00000a18   Section        0  swm320_sdio.o(.text)
    .text                                    0x00000fd4   Section        0  system_swm320.o(.text)
    .text                                    0x0000118c   Section      156  startup_swm320.o(.text)
    .text                                    0x00001228   Section        0  uldiv.o(.text)
    .text                                    0x0000128c   Section       36  init.o(.text)
    .text                                    0x000012b0   Section        0  llshl.o(.text)
    .text                                    0x000012ce   Section        0  llushr.o(.text)
    .text                                    0x000012ee   Section        0  __dclz77c.o(.text)
    i.__0printf$8                            0x0000134c   Section        0  printf8.o(i.__0printf$8)
    i.__scatterload_copy                     0x0000136c   Section       14  handlers.o(i.__scatterload_copy)
    i.__scatterload_null                     0x0000137a   Section        2  handlers.o(i.__scatterload_null)
    i.__scatterload_zeroinit                 0x0000137c   Section       14  handlers.o(i.__scatterload_zeroinit)
    i._printf_core                           0x0000138c   Section        0  printf8.o(i._printf_core)
    _printf_core                             0x0000138d   Thumb Code   996  printf8.o(i._printf_core)
    i._printf_post_padding                   0x0000179c   Section        0  printf8.o(i._printf_post_padding)
    _printf_post_padding                     0x0000179d   Thumb Code    36  printf8.o(i._printf_post_padding)
    i._printf_pre_padding                    0x000017c0   Section        0  printf8.o(i._printf_pre_padding)
    _printf_pre_padding                      0x000017c1   Thumb Code    46  printf8.o(i._printf_pre_padding)
    .data                                    0x20000000   Section      512  main.o(.data)
    .data                                    0x20000200   Section        4  system_swm320.o(.data)
    .data                                    0x20000204   Section        4  stdout.o(.data)
    .bss                                     0x20000208   Section       80  swm320_sdio.o(.bss)
    STACK                                    0x20000258   Section     1024  startup_swm320.o(STACK)

    Global Symbols

    Symbol Name                              Value     Ov Type        Size  Object(Section)

    BuildAttributes$$THM_ISAv4$E$P$D$K$B$S$7EM$PE$A:L22UL41UL21$X:L11$S22US41US21$IEEE1$IW$USESV6$~STKCKD$USESV7$~SHL$OSPACE$ROPI$EBA8$MICROLIB$REQ8$PRES8$EABIv2 0x00000000   Number         0  anon$$obj.o ABSOLUTE
    __ARM_use_no_argv                        0x00000000   Number         0  main.o ABSOLUTE
    __Vectors                                0x00000000   Data           4  startup_swm320.o(RESET)
    _printf_a                                0x00000000   Number         0  stubs.o ABSOLUTE
    _printf_c                                0x00000000   Number         0  stubs.o ABSOLUTE
    _printf_charcount                        0x00000000   Number         0  stubs.o ABSOLUTE
    _printf_d                                0x00000000   Number         0  stubs.o ABSOLUTE
    _printf_e                                0x00000000   Number         0  stubs.o ABSOLUTE
    _printf_f                                0x00000000   Number         0  stubs.o ABSOLUTE
    _printf_flags                            0x00000000   Number         0  stubs.o ABSOLUTE
    _printf_fp_dec                           0x00000000   Number         0  stubs.o ABSOLUTE
    _printf_fp_hex                           0x00000000   Number         0  stubs.o ABSOLUTE
    _printf_g                                0x00000000   Number         0  stubs.o ABSOLUTE
    _printf_i                                0x00000000   Number         0  stubs.o ABSOLUTE
    _printf_int_dec                          0x00000000   Number         0  stubs.o ABSOLUTE
    _printf_l                                0x00000000   Number         0  stubs.o ABSOLUTE
    _printf_lc                               0x00000000   Number         0  stubs.o ABSOLUTE
    _printf_ll                               0x00000000   Number         0  stubs.o ABSOLUTE
    _printf_lld                              0x00000000   Number         0  stubs.o ABSOLUTE
    _printf_lli                              0x00000000   Number         0  stubs.o ABSOLUTE
    _printf_llo                              0x00000000   Number         0  stubs.o ABSOLUTE
    _printf_llu                              0x00000000   Number         0  stubs.o ABSOLUTE
    _printf_llx                              0x00000000   Number         0  stubs.o ABSOLUTE
    _printf_longlong_dec                     0x00000000   Number         0  stubs.o ABSOLUTE
    _printf_longlong_hex                     0x00000000   Number         0  stubs.o ABSOLUTE
    _printf_longlong_oct                     0x00000000   Number         0  stubs.o ABSOLUTE
    _printf_ls                               0x00000000   Number         0  stubs.o ABSOLUTE
    _printf_mbtowc                           0x00000000   Number         0  stubs.o ABSOLUTE
    _printf_n                                0x00000000   Number         0  stubs.o ABSOLUTE
    _printf_o                                0x00000000   Number         0  stubs.o ABSOLUTE
    _printf_p                                0x00000000   Number         0  stubs.o ABSOLUTE
    _printf_percent                          0x00000000   Number         0  stubs.o ABSOLUTE
    _printf_pre_padding                      0x00000000   Number         0  stubs.o ABSOLUTE
    _printf_return_value                     0x00000000   Number         0  stubs.o ABSOLUTE
    _printf_s                                0x00000000   Number         0  stubs.o ABSOLUTE
    _printf_sizespec                         0x00000000   Number         0  stubs.o ABSOLUTE
    _printf_str                              0x00000000   Number         0  stubs.o ABSOLUTE
    _printf_truncate_signed                  0x00000000   Number         0  stubs.o ABSOLUTE
    _printf_truncate_unsigned                0x00000000   Number         0  stubs.o ABSOLUTE
    _printf_u                                0x00000000   Number         0  stubs.o ABSOLUTE
    _printf_wc                               0x00000000   Number         0  stubs.o ABSOLUTE
    _printf_wctomb                           0x00000000   Number         0  stubs.o ABSOLUTE
    _printf_widthprec                        0x00000000   Number         0  stubs.o ABSOLUTE
    _printf_x                                0x00000000   Number         0  stubs.o ABSOLUTE
    __cpp_initialize__aeabi_                  - Undefined Weak Reference
    __cxa_finalize                            - Undefined Weak Reference
    _clock_init                               - Undefined Weak Reference
    _microlib_exit                            - Undefined Weak Reference
    __Vectors_End                            0x00000148   Data           0  startup_swm320.o(RESET)
    __Vectors_Size                           0x00000148   Number         0  startup_swm320.o ABSOLUTE
    __main                                   0x00000149   Thumb Code     0  entry.o(.ARM.Collect$$$$00000000)
    _main_stk                                0x00000149   Thumb Code     0  entry2.o(.ARM.Collect$$$$00000001)
    _main_scatterload                        0x0000014d   Thumb Code     0  entry5.o(.ARM.Collect$$$$00000004)
    __main_after_scatterload                 0x00000151   Thumb Code     0  entry5.o(.ARM.Collect$$$$00000004)
    _main_clock                              0x00000151   Thumb Code     0  entry7b.o(.ARM.Collect$$$$00000008)
    _main_cpp_init                           0x00000151   Thumb Code     0  entry8b.o(.ARM.Collect$$$$0000000A)
    _main_init                               0x00000151   Thumb Code     0  entry9a.o(.ARM.Collect$$$$0000000B)
    __rt_final_cpp                           0x00000159   Thumb Code     0  entry10a.o(.ARM.Collect$$$$0000000D)
    __rt_final_exit                          0x00000159   Thumb Code     0  entry11a.o(.ARM.Collect$$$$0000000F)
    SerialInit                               0x0000015d   Thumb Code    76  main.o(.text)
    main                                     0x000001a9   Thumb Code   146  main.o(.text)
    fputc                                    0x0000023b   Thumb Code    28  main.o(.text)
    UART_Close                               0x00000281   Thumb Code    10  swm320_uart.o(.text)
    UART_Init                                0x0000028b   Thumb Code   374  swm320_uart.o(.text)
    UART_Open                                0x00000401   Thumb Code    10  swm320_uart.o(.text)
    UART_WriteByte                           0x0000040b   Thumb Code     4  swm320_uart.o(.text)
    UART_ReadByte                            0x0000040f   Thumb Code    20  swm320_uart.o(.text)
    UART_IsTXBusy                            0x00000423   Thumb Code    10  swm320_uart.o(.text)
    UART_IsRXFIFOEmpty                       0x0000042d   Thumb Code    10  swm320_uart.o(.text)
    UART_IsTXFIFOFull                        0x00000437   Thumb Code     8  swm320_uart.o(.text)
    UART_SetBaudrate                         0x0000043f   Thumb Code    28  swm320_uart.o(.text)
    UART_GetBaudrate                         0x0000045b   Thumb Code    20  swm320_uart.o(.text)
    UART_CTSConfig                           0x0000046f   Thumb Code    20  swm320_uart.o(.text)
    UART_CTSLineState                        0x00000483   Thumb Code     8  swm320_uart.o(.text)
    UART_RTSConfig                           0x0000048b   Thumb Code    28  swm320_uart.o(.text)
    UART_RTSLineState                        0x000004a7   Thumb Code     8  swm320_uart.o(.text)
    UART_LINConfig                           0x000004af   Thumb Code    20  swm320_uart.o(.text)
    UART_LINGenerate                         0x000004c3   Thumb Code    10  swm320_uart.o(.text)
    UART_LINIsDetected                       0x000004cd   Thumb Code     8  swm320_uart.o(.text)
    UART_LINIsGenerated                      0x000004d5   Thumb Code     8  swm320_uart.o(.text)
    UART_ABRStart                            0x000004dd   Thumb Code    82  swm320_uart.o(.text)
    UART_ABRIsDone                           0x0000052f   Thumb Code    24  swm320_uart.o(.text)
    UART_INTRXThresholdEn                    0x00000547   Thumb Code    10  swm320_uart.o(.text)
    UART_INTRXThresholdDis                   0x00000551   Thumb Code    10  swm320_uart.o(.text)
    UART_INTRXThresholdStat                  0x0000055b   Thumb Code     8  swm320_uart.o(.text)
    UART_INTTXThresholdEn                    0x00000563   Thumb Code    10  swm320_uart.o(.text)
    UART_INTTXThresholdDis                   0x0000056d   Thumb Code    10  swm320_uart.o(.text)
    UART_INTTXThresholdStat                  0x00000577   Thumb Code     8  swm320_uart.o(.text)
    UART_INTTimeoutEn                        0x0000057f   Thumb Code    10  swm320_uart.o(.text)
    UART_INTTimeoutDis                       0x00000589   Thumb Code    10  swm320_uart.o(.text)
    UART_INTTimeoutStat                      0x00000593   Thumb Code     8  swm320_uart.o(.text)
    UART_INTTXDoneEn                         0x0000059b   Thumb Code    10  swm320_uart.o(.text)
    UART_INTTXDoneDis                        0x000005a5   Thumb Code    10  swm320_uart.o(.text)
    UART_INTTXDoneStat                       0x000005af   Thumb Code     8  swm320_uart.o(.text)
    PORT_Init                                0x000005ed   Thumb Code  1058  swm320_port.o(.text)
    SDIO_SendCmd                             0x00000a19   Thumb Code    96  swm320_sdio.o(.text)
    calcSDCLKDiv                             0x00000a79   Thumb Code   128  swm320_sdio.o(.text)
    parseCSD                                 0x00000af9   Thumb Code   432  swm320_sdio.o(.text)
    parseCID                                 0x00000ca9   Thumb Code   160  swm320_sdio.o(.text)
    SDIO_Init                                0x00000d49   Thumb Code   490  swm320_sdio.o(.text)
    SDIO_BlockWrite                          0x00000f33   Thumb Code    80  swm320_sdio.o(.text)
    SDIO_BlockRead                           0x00000f83   Thumb Code    76  swm320_sdio.o(.text)
    SystemCoreClockUpdate                    0x00000fd5   Thumb Code    88  system_swm320.o(.text)
    PLLInit                                  0x0000102d   Thumb Code    58  system_swm320.o(.text)
    switchCLK_PLL                            0x00001067   Thumb Code    52  system_swm320.o(.text)
    switchCLK_XTAL                           0x0000109b   Thumb Code    42  system_swm320.o(.text)
    switchCLK_32KHz                          0x000010c5   Thumb Code    50  system_swm320.o(.text)
    switchCLK_40MHz                          0x000010f7   Thumb Code    42  system_swm320.o(.text)
    switchCLK_20MHz                          0x00001121   Thumb Code    40  system_swm320.o(.text)
    SystemInit                               0x00001149   Thumb Code    36  system_swm320.o(.text)
    Reset_Handler                            0x0000118d   Thumb Code     4  startup_swm320.o(.text)
    NMI_Handler                              0x00001191   Thumb Code     2  startup_swm320.o(.text)
    HardFault_Handler                        0x00001193   Thumb Code     2  startup_swm320.o(.text)
    MemManage_Handler                        0x00001195   Thumb Code     2  startup_swm320.o(.text)
    BusFault_Handler                         0x00001197   Thumb Code     2  startup_swm320.o(.text)
    UsageFault_Handler                       0x00001199   Thumb Code     2  startup_swm320.o(.text)
    SVC_Handler                              0x0000119b   Thumb Code     2  startup_swm320.o(.text)
    DebugMon_Handler                         0x0000119d   Thumb Code     2  startup_swm320.o(.text)
    PendSV_Handler                           0x0000119f   Thumb Code     2  startup_swm320.o(.text)
    SysTick_Handler                          0x000011a1   Thumb Code     2  startup_swm320.o(.text)
    GPIOA0_Handler                           0x000011a3   Thumb Code     2  startup_swm320.o(.text)
    GPIOA1_Handler                           0x000011a5   Thumb Code     2  startup_swm320.o(.text)
    GPIOA2_Handler                           0x000011a7   Thumb Code     2  startup_swm320.o(.text)
    GPIOA3_Handler                           0x000011a9   Thumb Code     2  startup_swm320.o(.text)
    GPIOA4_Handler                           0x000011ab   Thumb Code     2  startup_swm320.o(.text)
    GPIOA5_Handler                           0x000011ad   Thumb Code     2  startup_swm320.o(.text)
    GPIOA6_Handler                           0x000011af   Thumb Code     2  startup_swm320.o(.text)
    GPIOA7_Handler                           0x000011b1   Thumb Code     2  startup_swm320.o(.text)
    GPIOB0_Handler                           0x000011b3   Thumb Code     2  startup_swm320.o(.text)
    GPIOB1_Handler                           0x000011b5   Thumb Code     2  startup_swm320.o(.text)
    GPIOB2_Handler                           0x000011b7   Thumb Code     2  startup_swm320.o(.text)
    GPIOB3_Handler                           0x000011b9   Thumb Code     2  startup_swm320.o(.text)
    GPIOB4_Handler                           0x000011bb   Thumb Code     2  startup_swm320.o(.text)
    GPIOB5_Handler                           0x000011bd   Thumb Code     2  startup_swm320.o(.text)
    GPIOB6_Handler                           0x000011bf   Thumb Code     2  startup_swm320.o(.text)
    GPIOB7_Handler                           0x000011c1   Thumb Code     2  startup_swm320.o(.text)
    GPIOC0_Handler                           0x000011c3   Thumb Code     2  startup_swm320.o(.text)
    GPIOC1_Handler                           0x000011c5   Thumb Code     2  startup_swm320.o(.text)
    GPIOC2_Handler                           0x000011c7   Thumb Code     2  startup_swm320.o(.text)
    GPIOC3_Handler                           0x000011c9   Thumb Code     2  startup_swm320.o(.text)
    GPIOC4_Handler                           0x000011cb   Thumb Code     2  startup_swm320.o(.text)
    GPIOC5_Handler                           0x000011cd   Thumb Code     2  startup_swm320.o(.text)
    GPIOC6_Handler                           0x000011cf   Thumb Code     2  startup_swm320.o(.text)
    GPIOC7_Handler                           0x000011d1   Thumb Code     2  startup_swm320.o(.text)
    GPIOM0_Handler                           0x000011d3   Thumb Code     2  startup_swm320.o(.text)
    GPIOM1_Handler                           0x000011d5   Thumb Code     2  startup_swm320.o(.text)
    GPIOM2_Handler                           0x000011d7   Thumb Code     2  startup_swm320.o(.text)
    GPIOM3_Handler                           0x000011d9   Thumb Code     2  startup_swm320.o(.text)
    GPIOM4_Handler                           0x000011db   Thumb Code     2  startup_swm320.o(.text)
    GPIOM5_Handler                           0x000011dd   Thumb Code     2  startup_swm320.o(.text)
    GPIOM6_Handler                           0x000011df   Thumb Code     2  startup_swm320.o(.text)
    GPIOM7_Handler                           0x000011e1   Thumb Code     2  startup_swm320.o(.text)
    DMA_Handler                              0x000011e3   Thumb Code     2  startup_swm320.o(.text)
    LCD_Handler                              0x000011e5   Thumb Code     2  startup_swm320.o(.text)
    NORFLC_Handler                           0x000011e7   Thumb Code     2  startup_swm320.o(.text)
    CAN_Handler                              0x000011e9   Thumb Code     2  startup_swm320.o(.text)
    PULSE_Handler                            0x000011eb   Thumb Code     2  startup_swm320.o(.text)
    WDT_Handler                              0x000011ed   Thumb Code     2  startup_swm320.o(.text)
    PWM_Handler                              0x000011ef   Thumb Code     2  startup_swm320.o(.text)
    UART0_Handler                            0x000011f1   Thumb Code     2  startup_swm320.o(.text)
    UART1_Handler                            0x000011f3   Thumb Code     2  startup_swm320.o(.text)
    UART2_Handler                            0x000011f5   Thumb Code     2  startup_swm320.o(.text)
    UART3_Handler                            0x000011f7   Thumb Code     2  startup_swm320.o(.text)
    I2C0_Handler                             0x000011f9   Thumb Code     2  startup_swm320.o(.text)
    I2C1_Handler                             0x000011fb   Thumb Code     2  startup_swm320.o(.text)
    SPI0_Handler                             0x000011fd   Thumb Code     2  startup_swm320.o(.text)
    ADC0_Handler                             0x000011ff   Thumb Code     2  startup_swm320.o(.text)
    RTC_Handler                              0x00001201   Thumb Code     2  startup_swm320.o(.text)
    BOD_Handler                              0x00001203   Thumb Code     2  startup_swm320.o(.text)
    SDIO_Handler                             0x00001205   Thumb Code     2  startup_swm320.o(.text)
    GPIOA_Handler                            0x00001207   Thumb Code     2  startup_swm320.o(.text)
    GPIOB_Handler                            0x00001209   Thumb Code     2  startup_swm320.o(.text)
    GPIOC_Handler                            0x0000120b   Thumb Code     2  startup_swm320.o(.text)
    GPIOM_Handler                            0x0000120d   Thumb Code     2  startup_swm320.o(.text)
    GPION_Handler                            0x0000120f   Thumb Code     2  startup_swm320.o(.text)
    GPIOP_Handler                            0x00001211   Thumb Code     2  startup_swm320.o(.text)
    ADC1_Handler                             0x00001213   Thumb Code     2  startup_swm320.o(.text)
    FPU_Handler                              0x00001215   Thumb Code     2  startup_swm320.o(.text)
    SPI1_Handler                             0x00001217   Thumb Code     2  startup_swm320.o(.text)
    TIMR0_Handler                            0x00001219   Thumb Code     2  startup_swm320.o(.text)
    TIMR1_Handler                            0x0000121b   Thumb Code     2  startup_swm320.o(.text)
    TIMR2_Handler                            0x0000121d   Thumb Code     2  startup_swm320.o(.text)
    TIMR3_Handler                            0x0000121f   Thumb Code     2  startup_swm320.o(.text)
    TIMR4_Handler                            0x00001221   Thumb Code     2  startup_swm320.o(.text)
    TIMR5_Handler                            0x00001223   Thumb Code     2  startup_swm320.o(.text)
    __aeabi_uldivmod                         0x00001229   Thumb Code    98  uldiv.o(.text)
    __scatterload                            0x0000128d   Thumb Code    28  init.o(.text)
    __scatterload_rt2                        0x0000128d   Thumb Code     0  init.o(.text)
    __aeabi_llsl                             0x000012b1   Thumb Code    30  llshl.o(.text)
    _ll_shift_l                              0x000012b1   Thumb Code     0  llshl.o(.text)
    __aeabi_llsr                             0x000012cf   Thumb Code    32  llushr.o(.text)
    _ll_ushift_r                             0x000012cf   Thumb Code     0  llushr.o(.text)
    __decompress                             0x000012ef   Thumb Code     0  __dclz77c.o(.text)
    __decompress2                            0x000012ef   Thumb Code    94  __dclz77c.o(.text)
    __0printf$8                              0x0000134d   Thumb Code    22  printf8.o(i.__0printf$8)
    __1printf$8                              0x0000134d   Thumb Code     0  printf8.o(i.__0printf$8)
    __2printf                                0x0000134d   Thumb Code     0  printf8.o(i.__0printf$8)
    __scatterload_copy                       0x0000136d   Thumb Code    14  handlers.o(i.__scatterload_copy)
    __scatterload_null                       0x0000137b   Thumb Code     2  handlers.o(i.__scatterload_null)
    __scatterload_zeroinit                   0x0000137d   Thumb Code    14  handlers.o(i.__scatterload_zeroinit)
    Region$$Table$$Base                      0x000017f0   Number         0  anon$$obj.o(Region$$Table)
    Region$$Table$$Limit                     0x00001810   Number         0  anon$$obj.o(Region$$Table)
    Buffer                                   0x20000000   Data         512  main.o(.data)
    SystemCoreClock                          0x20000200   Data           4  system_swm320.o(.data)
    __stdout                                 0x20000204   Data           4  stdout.o(.data)
    SD_cardInfo                              0x20000208   Data          80  swm320_sdio.o(.bss)
    __initial_sp                             0x20000658   Data           0  startup_swm320.o(STACK)



==============================================================================

Memory Map of the image

  Image Entry point : 0x00000149

  Load Region LR_IROM1 (Base: 0x00000000, Size: 0x00001a18, Max: 0x00080000, ABSOLUTE, COMPRESSED[0x00001998])

    Execution Region ER_IROM1 (Base: 0x00000000, Size: 0x00001810, Max: 0x00080000, ABSOLUTE)

    Base Addr    Size         Type   Attr      Idx    E Section Name        Object

    0x00000000   0x00000148   Data   RO          585    RESET               startup_swm320.o
    0x00000148   0x00000000   Code   RO          590  * .ARM.Collect$$$$00000000  mc_w.l(entry.o)
    0x00000148   0x00000004   Code   RO          858    .ARM.Collect$$$$00000001  mc_w.l(entry2.o)
    0x0000014c   0x00000004   Code   RO          861    .ARM.Collect$$$$00000004  mc_w.l(entry5.o)
    0x00000150   0x00000000   Code   RO          863    .ARM.Collect$$$$00000008  mc_w.l(entry7b.o)
    0x00000150   0x00000000   Code   RO          865    .ARM.Collect$$$$0000000A  mc_w.l(entry8b.o)
    0x00000150   0x00000008   Code   RO          866    .ARM.Collect$$$$0000000B  mc_w.l(entry9a.o)
    0x00000158   0x00000000   Code   RO          868    .ARM.Collect$$$$0000000D  mc_w.l(entry10a.o)
    0x00000158   0x00000000   Code   RO          870    .ARM.Collect$$$$0000000F  mc_w.l(entry11a.o)
    0x00000158   0x00000004   Code   RO          859    .ARM.Collect$$$$00002712  mc_w.l(entry2.o)
    0x0000015c   0x00000124   Code   RO            4    .text               main.o
    0x00000280   0x0000036c   Code   RO          275    .text               swm320_uart.o
    0x000005ec   0x0000042c   Code   RO          377    .text               swm320_port.o
    0x00000a18   0x000005bc   Code   RO          525    .text               swm320_sdio.o
    0x00000fd4   0x000001b8   Code   RO          555    .text               system_swm320.o
    0x0000118c   0x0000009c   Code   RO          586    .text               startup_swm320.o
    0x00001228   0x00000062   Code   RO          875    .text               mc_w.l(uldiv.o)
    0x0000128a   0x00000002   PAD
    0x0000128c   0x00000024   Code   RO          888    .text               mc_w.l(init.o)
    0x000012b0   0x0000001e   Code   RO          890    .text               mc_w.l(llshl.o)
    0x000012ce   0x00000020   Code   RO          892    .text               mc_w.l(llushr.o)
    0x000012ee   0x0000005e   Code   RO          906    .text               mc_w.l(__dclz77c.o)
    0x0000134c   0x00000020   Code   RO          804    i.__0printf$8       mc_w.l(printf8.o)
    0x0000136c   0x0000000e   Code   RO          900    i.__scatterload_copy  mc_w.l(handlers.o)
    0x0000137a   0x00000002   Code   RO          901    i.__scatterload_null  mc_w.l(handlers.o)
    0x0000137c   0x0000000e   Code   RO          902    i.__scatterload_zeroinit  mc_w.l(handlers.o)
    0x0000138a   0x00000002   PAD
    0x0000138c   0x00000410   Code   RO          811    i._printf_core      mc_w.l(printf8.o)
    0x0000179c   0x00000024   Code   RO          812    i._printf_post_padding  mc_w.l(printf8.o)
    0x000017c0   0x0000002e   Code   RO          813    i._printf_pre_padding  mc_w.l(printf8.o)
    0x000017ee   0x00000002   PAD
    0x000017f0   0x00000020   Data   RO          898    Region$$Table       anon$$obj.o


    Execution Region RW_IRAM1 (Base: 0x20000000, Size: 0x00000658, Max: 0x00020000, ABSOLUTE, COMPRESSED[0x00000188])

    Base Addr    Size         Type   Attr      Idx    E Section Name        Object

    0x20000000   0x00000200   Data   RW            5    .data               main.o
    0x20000200   0x00000004   Data   RW          556    .data               system_swm320.o
    0x20000204   0x00000004   Data   RW          872    .data               mc_w.l(stdout.o)
    0x20000208   0x00000050   Zero   RW          526    .bss                swm320_sdio.o
    0x20000258   0x00000400   Zero   RW          583    STACK               startup_swm320.o


==============================================================================

Image component sizes


      Code (inc. data)   RO Data    RW Data    ZI Data      Debug   Object Name

       292         42          0        512          0     121909   main.o
       156          4        328          0       1024       3444   startup_swm320.o
         0          0          0          0          0      23963   swm320_adc.o
      1068         16          0          0          0       1568   swm320_port.o
      1468         34          0          0         80       7425   swm320_sdio.o
       876         10          0          0          0       7494   swm320_uart.o
       440         32          0          4          0       2218   system_swm320.o

    ----------------------------------------------------------------------
      4300        138        360        516       1104     168021   Object Totals
         0          0         32          0          0          0   (incl. Generated)
         0          0          0          0          0          0   (incl. Padding)

    ----------------------------------------------------------------------

      Code (inc. data)   RO Data    RW Data    ZI Data      Debug   Library Member Name

        94          0          0          0          0          0   __dclz77c.o
         0          0          0          0          0          0   entry.o
         0          0          0          0          0          0   entry10a.o
         0          0          0          0          0          0   entry11a.o
         8          4          0          0          0          0   entry2.o
         4          0          0          0          0          0   entry5.o
         0          0          0          0          0          0   entry7b.o
         0          0          0          0          0          0   entry8b.o
         8          4          0          0          0          0   entry9a.o
        30          0          0          0          0          0   handlers.o
        36          8          0          0          0         68   init.o
        30          0          0          0          0         68   llshl.o
        32          0          0          0          0         68   llushr.o
      1154         54          0          0          0        352   printf8.o
         0          0          0          4          0          0   stdout.o
        98          0          0          0          0         92   uldiv.o

    ----------------------------------------------------------------------
      1500         70          0          4          0        648   Library Totals
         6          0          0          0          0          0   (incl. Padding)

    ----------------------------------------------------------------------

      Code (inc. data)   RO Data    RW Data    ZI Data      Debug   Library Name

      1494         70          0          4          0        648   mc_w.l

    ----------------------------------------------------------------------
      1500         70          0          4          0        648   Library Totals

    ----------------------------------------------------------------------

==============================================================================


      Code (inc. data)   RO Data    RW Data    ZI Data      Debug   

      5800        208        360        520       1104     168277   Grand Totals
      5800        208        360        392       1104     168277   ELF Image Totals (compressed)
      5800        208        360        392          0          0   ROM Totals

==============================================================================

    Total RO  Size (Code + RO Data)                 6160 (   6.02kB)
    Total RW  Size (RW Data + ZI Data)              1624 (   1.59kB)
    Total ROM Size (Code + RO Data + RW Data)       6552 (   6.40kB)

==============================================================================

